Archive member included to satisfy reference by file (symbol)

d:/program files/st/stm32cubeide_1.11.2/stm32cubeide/plugins/com.st.stm32cube.ide.mcu.externaltools.gnu-tools-for-stm32.10.3-2021.10.win32_1.0.200.202301161003/tools/bin/../lib/gcc/arm-none-eabi/10.3.1/../../../../arm-none-eabi/lib/thumb/v7e-m+fp/hard\librdimon_nano.a(rdimon-syscalls.o)
                              d:/program files/st/stm32cubeide_1.11.2/stm32cubeide/plugins/com.st.stm32cube.ide.mcu.externaltools.gnu-tools-for-stm32.10.3-2021.10.win32_1.0.200.202301161003/tools/bin/../lib/gcc/arm-none-eabi/10.3.1/../../../../arm-none-eabi/lib/thumb/v7e-m+fp/hard/rdimon-crt0.o (initialise_monitor_handles)
../Middlewares/ST/AI/Lib\NetworkRuntime800_CM4_GCC.a(ai_platform.o)
                              ./X-CUBE-AI/App/network.o (ai_buffer_array_item_set_address)
../Middlewares/ST/AI/Lib\NetworkRuntime800_CM4_GCC.a(ai_platform_interface.o)
                              ./X-CUBE-AI/App/network.o (ai_platform_get_weights_map)
../Middlewares/ST/AI/Lib\NetworkRuntime800_CM4_GCC.a(core_mem_manager.o)
                              ../Middlewares/ST/AI/Lib\NetworkRuntime800_CM4_GCC.a(ai_platform_interface.o) (core_mem_alloc)
../Middlewares/ST/AI/Lib\NetworkRuntime800_CM4_GCC.a(core_common.o)
                              ../Middlewares/ST/AI/Lib\NetworkRuntime800_CM4_GCC.a(ai_platform_interface.o) (core_init)
../Middlewares/ST/AI/Lib\NetworkRuntime800_CM4_GCC.a(layers_conv2d_generic_float.o)
                              ./X-CUBE-AI/App/network.o (forward_conv2d)
../Middlewares/ST/AI/Lib\NetworkRuntime800_CM4_GCC.a(layers_nl_generic_float.o)
                              ./X-CUBE-AI/App/network.o (nl_func_relu_array_f32)
../Middlewares/ST/AI/Lib\NetworkRuntime800_CM4_GCC.a(layers.o)
                              ../Middlewares/ST/AI/Lib\NetworkRuntime800_CM4_GCC.a(ai_platform_interface.o) (ai_check_custom_types)
../Middlewares/ST/AI/Lib\NetworkRuntime800_CM4_GCC.a(lite_dense_if32.o)
                              ../Middlewares/ST/AI/Lib\NetworkRuntime800_CM4_GCC.a(layers_conv2d_generic_float.o) (lite_dense_if32of32wf32)
../Middlewares/ST/AI/Lib\NetworkRuntime800_CM4_GCC.a(ai_math_helpers.o)
                              ../Middlewares/ST/AI/Lib\NetworkRuntime800_CM4_GCC.a(layers_nl_generic_float.o) (ai_math_sqrt)
../Middlewares/ST/AI/Lib\NetworkRuntime800_CM4_GCC.a(st_convolve_reference.o)
                              ../Middlewares/ST/AI/Lib\NetworkRuntime800_CM4_GCC.a(ai_math_helpers.o) (align_factor)
../Middlewares/ST/AI/Lib\NetworkRuntime800_CM4_GCC.a(arm_mat_init_f32.o)
                              ../Middlewares/ST/AI/Lib\NetworkRuntime800_CM4_GCC.a(layers_conv2d_generic_float.o) (arm_mat_init_f32)
../Middlewares/ST/AI/Lib\NetworkRuntime800_CM4_GCC.a(ai_datatypes_internal.o)
                              ../Middlewares/ST/AI/Lib\NetworkRuntime800_CM4_GCC.a(ai_platform_interface.o) (ai_version_get)
../Middlewares/ST/AI/Lib\NetworkRuntime800_CM4_GCC.a(ai_datatypes_format.o)
                              ../Middlewares/ST/AI/Lib\NetworkRuntime800_CM4_GCC.a(ai_platform_interface.o) (ai_array_to_buffer_fmt)
../Middlewares/ST/AI/Lib\NetworkRuntime800_CM4_GCC.a(layers_conv2d_stm32_integer.o)
                              ../Middlewares/ST/AI/Lib\NetworkRuntime800_CM4_GCC.a(layers.o) (get_conv2d_scratch_size)
../Middlewares/ST/AI/Lib\NetworkRuntime800_CM4_GCC.a(st_ssua8_convolve_dw.o)
                              ../Middlewares/ST/AI/Lib\NetworkRuntime800_CM4_GCC.a(layers_conv2d_stm32_integer.o) (st_ssua8_conv_dw_Wadapt)
../Middlewares/ST/AI/Lib\NetworkRuntime800_CM4_GCC.a(st_uaua8_ch_convolve.o)
                              ../Middlewares/ST/AI/Lib\NetworkRuntime800_CM4_GCC.a(layers_conv2d_stm32_integer.o) (st_uaua8_ch_convolve_rank1upd)
../Middlewares/ST/AI/Lib\NetworkRuntime800_CM4_GCC.a(st_ssua8_ch_convolve.o)
                              ../Middlewares/ST/AI/Lib\NetworkRuntime800_CM4_GCC.a(layers_conv2d_stm32_integer.o) (st_ssua8_ch_convolve_rank1upd)
../Middlewares/ST/AI/Lib\NetworkRuntime800_CM4_GCC.a(st_uaua8_convolve.o)
                              ../Middlewares/ST/AI/Lib\NetworkRuntime800_CM4_GCC.a(layers_conv2d_stm32_integer.o) (st_uaua8_convolve_rank1upd)
../Middlewares/ST/AI/Lib\NetworkRuntime800_CM4_GCC.a(st_ssua8_convolve.o)
                              ../Middlewares/ST/AI/Lib\NetworkRuntime800_CM4_GCC.a(layers_conv2d_stm32_integer.o) (st_ssua8_convolve_rank1upd)
../Middlewares/ST/AI/Lib\NetworkRuntime800_CM4_GCC.a(st_uaua8_ch_convolve_rgb.o)
                              ../Middlewares/ST/AI/Lib\NetworkRuntime800_CM4_GCC.a(layers_conv2d_stm32_integer.o) (st_uaua8_ch_convolve_rgb)
../Middlewares/ST/AI/Lib\NetworkRuntime800_CM4_GCC.a(st_uaua8_ch_convolve_dw.o)
                              ../Middlewares/ST/AI/Lib\NetworkRuntime800_CM4_GCC.a(layers_conv2d_stm32_integer.o) (st_uaua8_ch_conv_dw_Wadapt)
../Middlewares/ST/AI/Lib\NetworkRuntime800_CM4_GCC.a(st_ssua8_ch_convolve_rgb.o)
[...]
Memory Configuration

Name             Origin             Length             Attributes
RAM              0x0000000020000000 0x0000000000018000 xrw
RAM2             0x0000000010000000 0x0000000000008000 xrw
FLASH            0x0000000008000000 0x0000000000100000 xr
*default*        0x0000000000000000 0xffffffffffffffff

Linker script and memory map

LOAD d:/program files/st/stm32cubeide_1.11.2/stm32cubeide/plugins/com.st.stm32cube.ide.mcu.externaltools.gnu-tools-for-stm32.10.3-2021.10.win32_1.0.200.202301161003/tools/bin/../lib/gcc/arm-none-eabi/10.3.1/thumb/v7e-m+fp/hard/crti.o
LOAD d:/program files/st/stm32cubeide_1.11.2/stm32cubeide/plugins/com.st.stm32cube.ide.mcu.externaltools.gnu-tools-for-stm32.10.3-2021.10.win32_1.0.200.202301161003/tools/bin/../lib/gcc/arm-none-eabi/10.3.1/thumb/v7e-m+fp/hard/crtbegin.o
LOAD d:/program files/st/stm32cubeide_1.11.2/stm32cubeide/plugins/com.st.stm32cube.ide.mcu.externaltools.gnu-tools-for-stm32.10.3-2021.10.win32_1.0.200.202301161003/tools/bin/../lib/gcc/arm-none-eabi/10.3.1/../../../../arm-none-eabi/lib/thumb/v7e-m+fp/hard/rdimon-crt0.o
LOAD ./Core/Src/cyclic.o
LOAD ./Core/Src/hal_config.o
LOAD ./Core/Src/main.o
LOAD ./Core/Src/sensor_config.o
LOAD ./Core/Src/stm32l4xx_hal_msp.o
LOAD ./Core/Src/stm32l4xx_it.o
LOAD ./Core/Src/sysmem.o
LOAD ./Core/Src/system_stm32l4xx.o
LOAD ./Core/Src/wifi.o
LOAD ./Core/Startup/startup_stm32l475vgtx.o
LOAD ./Drivers/BSP/B-L475E-IOT01/stm32l475e_iot01.o
LOAD ./Drivers/BSP/B-L475E-IOT01/stm32l475e_iot01_accelero.o
LOAD ./Drivers/BSP/B-L475E-IOT01/stm32l475e_iot01_gyro.o
LOAD ./Drivers/BSP/B-L475E-IOT01/stm32l475e_iot01_hsensor.o
LOAD ./Drivers/BSP/B-L475E-IOT01/stm32l475e_iot01_magneto.o
LOAD ./Drivers/BSP/B-L475E-IOT01/stm32l475e_iot01_psensor.o
LOAD ./Drivers/BSP/B-L475E-IOT01/stm32l475e_iot01_tsensor.o
LOAD ./Drivers/BSP/Components/M24SR/m24sr_v1.1.o
LOAD ./Drivers/BSP/Components/es_wifi/es_wifi.o
LOAD ./Drivers/BSP/Components/hts221/hts221.o
LOAD ./Drivers/BSP/Components/lis3mdl/lis3mdl.o
LOAD ./Drivers/BSP/Components/lps22hb/lps22hb.o
LOAD ./Drivers/BSP/Components/lsm6dsl/lsm6dsl.o
LOAD ./Drivers/STM32L4xx_HAL_Driver/Src/stm32l4xx_hal.o
LOAD ./Drivers/STM32L4xx_HAL_Driver/Src/stm32l4xx_hal_cortex.o
LOAD ./Drivers/STM32L4xx_HAL_Driver/Src/stm32l4xx_hal_dfsdm.o
LOAD ./Drivers/STM32L4xx_HAL_Driver/Src/stm32l4xx_hal_dma.o
LOAD ./Drivers/STM32L4xx_HAL_Driver/Src/stm32l4xx_hal_dma_ex.o
LOAD ./Drivers/STM32L4xx_HAL_Driver/Src/stm32l4xx_hal_exti.o
LOAD ./Drivers/STM32L4xx_HAL_Driver/Src/stm32l4xx_hal_flash.o
LOAD ./Drivers/STM32L4xx_HAL_Driver/Src/stm32l4xx_hal_flash_ex.o
LOAD ./Drivers/STM32L4xx_HAL_Driver/Src/stm32l4xx_hal_flash_ramfunc.o
LOAD ./Drivers/STM32L4xx_HAL_Driver/Src/stm32l4xx_hal_gpio.o
LOAD ./Drivers/STM32L4xx_HAL_Driver/Src/stm32l4xx_hal_i2c.o
LOAD ./Drivers/STM32L4xx_HAL_Driver/Src/stm32l4xx_hal_i2c_ex.o
LOAD ./Drivers/STM32L4xx_HAL_Driver/Src/stm32l4xx_hal_pcd.o
LOAD ./Drivers/STM32L4xx_HAL_Driver/Src/stm32l4xx_hal_pcd_ex.o
LOAD ./Drivers/STM32L4xx_HAL_Driver/Src/stm32l4xx_hal_pwr.o
LOAD ./Drivers/STM32L4xx_HAL_Driver/Src/stm32l4xx_hal_pwr_ex.o
LOAD ./Drivers/STM32L4xx_HAL_Driver/Src/stm32l4xx_hal_qspi.o
LOAD ./Drivers/STM32L4xx_HAL_Driver/Src/stm32l4xx_hal_rcc.o
LOAD ./Drivers/STM32L4xx_HAL_Driver/Src/stm32l4xx_hal_rcc_ex.o
LOAD ./Drivers/STM32L4xx_HAL_Driver/Src/stm32l4xx_hal_spi.o
LOAD ./Drivers/STM32L4xx_HAL_Driver/Src/stm32l4xx_hal_spi_ex.o
LOAD ./Drivers/STM32L4xx_HAL_Driver/Src/stm32l4xx_hal_tim.o
LOAD ./Drivers/STM32L4xx_HAL_Driver/Src/stm32l4xx_hal_tim_ex.o
LOAD ./Drivers/STM32L4xx_HAL_Driver/Src/stm32l4xx_hal_uart.o
LOAD ./Drivers/STM32L4xx_HAL_Driver/Src/stm32l4xx_hal_uart_ex.o
LOAD ./Drivers/STM32L4xx_HAL_Driver/Src/stm32l4xx_ll_usb.o
LOAD ./X-CUBE-AI/App/network.o
LOAD ./X-CUBE-AI/App/network_data.o
LOAD ./X-CUBE-AI/App/network_data_params.o
LOAD d:/program files/st/stm32cubeide_1.11.2/stm32cubeide/plugins/com.st.stm32cube.ide.mcu.externaltools.gnu-tools-for-stm32.10.3-2021.10.win32_1.0.200.202301161003/tools/bin/../lib/gcc/arm-none-eabi/10.3.1/../../../../arm-none-eabi/lib/thumb/v7e-m+fp/hard\librdimon_nano.a
LOAD ../Middlewares/ST/AI/Lib\NetworkRuntime800_CM4_GCC.a
START GROUP
LOAD d:/program files/st/stm32cubeide_1.11.2/stm32cubeide/plugins/com.st.stm32cube.ide.mcu.externaltools.gnu-tools-for-stm32.10.3-2021.10.win32_1.0.200.202301161003/tools/bin/../lib/gcc/arm-none-eabi/10.3.1/../../../../arm-none-eabi/lib/thumb/v7e-m+fp/hard\libc_nano.a
LOAD d:/program files/st/stm32cubeide_1.11.2/stm32cubeide/plugins/com.st.stm32cube.ide.mcu.externaltools.gnu-tools-for-stm32.10.3-2021.10.win32_1.0.200.202301161003/tools/bin/../lib/gcc/arm-none-eabi/10.3.1/../../../../arm-none-eabi/lib/thumb/v7e-m+fp/hard\libm.a
END GROUP
START GROUP
LOAD d:/program files/st/stm32cubeide_1.11.2/stm32cubeide/plugins/com.st.stm32cube.ide.mcu.externaltools.gnu-tools-for-stm32.10.3-2021.10.win32_1.0.200.202301161003/tools/bin/../lib/gcc/arm-none-eabi/10.3.1/thumb/v7e-m+fp/hard\libgcc.a
LOAD d:/program files/st/stm32cubeide_1.11.2/stm32cubeide/plugins/com.st.stm32cube.ide.mcu.externaltools.gnu-tools-for-stm32.10.3-2021.10.win32_1.0.200.202301161003/tools/bin/../lib/gcc/arm-none-eabi/10.3.1/../../../../arm-none-eabi/lib/thumb/v7e-m+fp/hard\libc_nano.a
END GROUP
START GROUP
LOAD d:/program files/st/stm32cubeide_1.11.2/stm32cubeide/plugins/com.st.stm32cube.ide.mcu.externaltools.gnu-tools-for-stm32.10.3-2021.10.win32_1.0.200.202301161003/tools/bin/../lib/gcc/arm-none-eabi/10.3.1/thumb/v7e-m+fp/hard\libgcc.a
LOAD d:/program files/st/stm32cubeide_1.11.2/stm32cubeide/plugins/com.st.stm32cube.ide.mcu.externaltools.gnu-tools-for-stm32.10.3-2021.10.win32_1.0.200.202301161003/tools/bin/../lib/gcc/arm-none-eabi/10.3.1/../../../../arm-none-eabi/lib/thumb/v7e-m+fp/hard\libc_nano.a
LOAD d:/program files/st/stm32cubeide_1.11.2/stm32cubeide/plugins/com.st.stm32cube.ide.mcu.externaltools.gnu-tools-for-stm32.10.3-2021.10.win32_1.0.200.202301161003/tools/bin/../lib/gcc/arm-none-eabi/10.3.1/../../../../arm-none-eabi/lib/thumb/v7e-m+fp/hard\libnosys.a
END GROUP
START GROUP
LOAD d:/program files/st/stm32cubeide_1.11.2/stm32cubeide/plugins/com.st.stm32cube.ide.mcu.externaltools.gnu-tools-for-stm32.10.3-2021.10.win32_1.0.200.202301161003/tools/bin/../lib/gcc/arm-none-eabi/10.3.1/thumb/v7e-m+fp/hard\libgcc.a
LOAD d:/program files/st/stm32cubeide_1.11.2/stm32cubeide/plugins/com.st.stm32cube.ide.mcu.externaltools.gnu-tools-for-stm32.10.3-2021.10.win32_1.0.200.202301161003/tools/bin/../lib/gcc/arm-none-eabi/10.3.1/../../../../arm-none-eabi/lib/thumb/v7e-m+fp/hard\libc_nano.a
LOAD d:/program files/st/stm32cubeide_1.11.2/stm32cubeide/plugins/com.st.stm32cube.ide.mcu.externaltools.gnu-tools-for-stm32.10.3-2021.10.win32_1.0.200.202301161003/tools/bin/../lib/gcc/arm-none-eabi/10.3.1/../../../../arm-none-eabi/lib/thumb/v7e-m+fp/hard\librdimon_nano.a
END GROUP
START GROUP
LOAD d:/program files/st/stm32cubeide_1.11.2/stm32cubeide/plugins/com.st.stm32cube.ide.mcu.externaltools.gnu-tools-for-stm32.10.3-2021.10.win32_1.0.200.202301161003/tools/bin/../lib/gcc/arm-none-eabi/10.3.1/thumb/v7e-m+fp/hard\libgcc.a
LOAD d:/program files/st/stm32cubeide_1.11.2/stm32cubeide/plugins/com.st.stm32cube.ide.mcu.externaltools.gnu-tools-for-stm32.10.3-2021.10.win32_1.0.200.202301161003/tools/bin/../lib/gcc/arm-none-eabi/10.3.1/../../../../arm-none-eabi/lib/thumb/v7e-m+fp/hard\libc_nano.a
LOAD d:/program files/st/stm32cubeide_1.11.2/stm32cubeide/plugins/com.st.stm32cube.ide.mcu.externaltools.gnu-tools-for-stm32.10.3-2021.10.win32_1.0.200.202301161003/tools/bin/../lib/gcc/arm-none-eabi/10.3.1/../../../../arm-none-eabi/lib/thumb/v7e-m+fp/hard\librdimon_nano.a
LOAD d:/program files/st/stm32cubeide_1.11.2/stm32cubeide/plugins/com.st.stm32cube.ide.mcu.externaltools.gnu-tools-for-stm32.10.3-2021.10.win32_1.0.200.202301161003/tools/bin/../lib/gcc/arm-none-eabi/10.3.1/../../../../arm-none-eabi/lib/thumb/v7e-m+fp/hard\libnosys.a
END GROUP
LOAD d:/program files/st/stm32cubeide_1.11.2/stm32cubeide/plugins/com.st.stm32cube.ide.mcu.externaltools.gnu-tools-for-stm32.10.3-2021.10.win32_1.0.200.202301161003/tools/bin/../lib/gcc/arm-none-eabi/10.3.1/thumb/v7e-m+fp/hard/crtend.o
LOAD d:/program files/st/stm32cubeide_1.11.2/stm32cubeide/plugins/com.st.stm32cube.ide.mcu.externaltools.gnu-tools-for-stm32.10.3-2021.10.win32_1.0.200.202301161003/tools/bin/../lib/gcc/arm-none-eabi/10.3.1/thumb/v7e-m+fp/hard/crtn.o
                0x0000000020018000                _estack = (ORIGIN (RAM) + LENGTH (RAM))
                0x0000000000000400                _Min_Heap_Size = 0x400
                0x0000000000000400                _Min_Stack_Size = 0x400

.isr_vector     0x0000000008000000      0x188
                0x0000000008000000                . = ALIGN (0x4)
 *(.isr_vector)
 .isr_vector    0x0000000008000000      0x188 ./Core/Startup/startup_stm32l475vgtx.o
                0x0000000008000000                g_pfnVectors
                0x0000000008000188                . = ALIGN (0x4)

.text           0x0000000008000190     0xf0b0
                0x0000000008000190                . = ALIGN (0x4)
 *(.text)
 .text          0x0000000008000190       0x40 d:/program files/st/stm32cubeide_1.11.2/stm32cubeide/plugins/com.st.stm32cube.ide.mcu.externaltools.gnu-tools-for-stm32.10.3-2021.10.win32_1.0.200.202301161003/tools/bin/../lib/gcc/arm-none-eabi/10.3.1/thumb/v7e-m+fp/hard/crtbegin.o
 .text          0x00000000080001d0       0x14 d:/program files/st/stm32cubeide_1.11.2/stm32cubeide/plugins/com.st.stm32cube.ide.mcu.externaltools.gnu-tools-for-stm32.10.3-2021.10.win32_1.0.200.202301161003/tools/bin/../lib/gcc/arm-none-eabi/10.3.1/../../../../arm-none-eabi/lib/thumb/v7e-m+fp/hard\libc_nano.a(lib_a-strcmp.o)
                0x00000000080001d0                strcmp
 .text          0x00000000080001e4       0x10 d:/program files/st/stm32cubeide_1.11.2/stm32cubeide/plugins/com.st.stm32cube.ide.mcu.externaltools.gnu-tools-for-stm32.10.3-2021.10.win32_1.0.200.202301161003/tools/bin/../lib/gcc/arm-none-eabi/10.3.1/../../../../arm-none-eabi/lib/thumb/v7e-m+fp/hard\libc_nano.a(lib_a-strlen.o)
                0x00000000080001e4                strlen
 *fill*         0x00000000080001f4        0xc 
 .text          0x0000000008000200       0xa0 d:/program files/st/stm32cubeide_1.11.2/stm32cubeide/plugins/com.st.stm32cube.ide.mcu.externaltools.gnu-tools-for-stm32.10.3-2021.10.win32_1.0.200.202301161003/tools/bin/../lib/gcc/arm-none-eabi/10.3.1/../../../../arm-none-eabi/lib/thumb/v7e-m+fp/hard\libc_nano.a(lib_a-memchr.o)
                0x0000000008000200                memchr
 .text          0x00000000080002a0      0x378 d:/program files/st/stm32cubeide_1.11.2/stm32cubeide/plugins/com.st.stm32cube.ide.mcu.externaltools.gnu-tools-for-stm32.10.3-2021.10.win32_1.0.200.202301161003/tools/bin/../lib/gcc/arm-none-eabi/10.3.1/thumb/v7e-m+fp/hard\libgcc.a(_arm_addsubdf3.o)
                0x00000000080002a0                __aeabi_drsub
                0x00000000080002a8                __aeabi_dsub
                0x00000000080002a8                __subdf3
                0x00000000080002ac                __aeabi_dadd
                0x00000000080002ac                __adddf3
                0x0000000008000524                __floatunsidf
                0x0000000008000524                __aeabi_ui2d
                0x0000000008000544                __floatsidf
                0x0000000008000544                __aeabi_i2d
                0x0000000008000568                __aeabi_f2d
                0x0000000008000568                __extendsfdf2
                0x00000000080005ac                __floatundidf
                0x00000000080005ac                __aeabi_ul2d
                0x00000000080005bc                __floatdidf
                0x00000000080005bc                __aeabi_l2d
 .text          0x0000000008000618      0x424 d:/program files/st/stm32cubeide_1.11.2/stm32cubeide/plugins/com.st.stm32cube.ide.mcu.externaltools.gnu-tools-for-stm32.10.3-2021.10.win32_1.0.200.202301161003/tools/bin/../lib/gcc/arm-none-eabi/10.3.1/thumb/v7e-m+fp/hard\libgcc.a(_arm_muldivdf3.o)
                0x0000000008000618                __aeabi_dmul
                0x0000000008000618                __muldf3
                0x000000000800086c                __divdf3
                0x000000000800086c                __aeabi_ddiv
 .text          0x0000000008000a3c      0x110 d:/program files/st/stm32cubeide_1.11.2/stm32cubeide/plugins/com.st.stm32cube.ide.mcu.externaltools.gnu-tools-for-stm32.10.3-2021.10.win32_1.0.200.202301161003/tools/bin/../lib/gcc/arm-none-eabi/10.3.1/thumb/v7e-m+fp/hard\libgcc.a(_arm_cmpdf2.o)
                0x0000000008000a3c                __gtdf2
                0x0000000008000a3c                __gedf2
                0x0000000008000a44                __ltdf2
                0x0000000008000a44                __ledf2
                0x0000000008000a4c                __nedf2
                0x0000000008000a4c                __eqdf2
                0x0000000008000a4c                __cmpdf2
                0x0000000008000ac8                __aeabi_cdrcmple
                0x0000000008000ad8                __aeabi_cdcmpeq
                0x0000000008000ad8                __aeabi_cdcmple
                0x0000000008000ae8                __aeabi_dcmpeq
                0x0000000008000afc                __aeabi_dcmplt
                0x0000000008000b10                __aeabi_dcmple
                0x0000000008000b24                __aeabi_dcmpge
                0x0000000008000b38                __aeabi_dcmpgt
 .text          0x0000000008000b4c       0x2c d:/program files/st/stm32cubeide_1.11.2/stm32cubeide/plugins/com.st.stm32cube.ide.mcu.externaltools.gnu-tools-for-stm32.10.3-2021.10.win32_1.0.200.202301161003/tools/bin/../lib/gcc/arm-none-eabi/10.3.1/thumb/v7e-m+fp/hard\libgcc.a(_arm_unorddf2.o)
                0x0000000008000b4c                __unorddf2
                0x0000000008000b4c                __aeabi_dcmpun
 .text          0x0000000008000b78       0x50 d:/program files/st/stm32cubeide_1.11.2/stm32cubeide/plugins/com.st.stm32cube.ide.mcu.externaltools.gnu-tools-for-stm32.10.3-2021.10.win32_1.0.200.202301161003/tools/bin/../lib/gcc/arm-none-eabi/10.3.1/thumb/v7e-m+fp/hard\libgcc.a(_arm_fixdfsi.o)
                0x0000000008000b78                __aeabi_d2iz
                0x0000000008000b78                __fixdfsi
 .text          0x0000000008000bc8       0x30 d:/program files/st/stm32cubeide_1.11.2/stm32cubeide/plugins/com.st.stm32cube.ide.mcu.externaltools.gnu-tools-for-stm32.10.3-2021.10.win32_1.0.200.202301161003/tools/bin/../lib/gcc/arm-none-eabi/10.3.1/thumb/v7e-m+fp/hard\libgcc.a(_aeabi_uldivmod.o)
                0x0000000008000bc8                __aeabi_uldivmod
 .text          0x0000000008000bf8      0x2d0 d:/program files/st/stm32cubeide_1.11.2/stm32cubeide/plugins/com.st.stm32cube.ide.mcu.externaltools.gnu-tools-for-stm32.10.3-2021.10.win32_1.0.200.202301161003/tools/bin/../lib/gcc/arm-none-eabi/10.3.1/thumb/v7e-m+fp/hard\libgcc.a(_udivmoddi4.o)
                0x0000000008000bf8                __udivmoddi4
 .text          0x0000000008000ec8        0x4 d:/program files/st/stm32cubeide_1.11.2/stm32cubeide/plugins/com.st.stm32cube.ide.mcu.externaltools.gnu-tools-for-stm32.10.3-2021.10.win32_1.0.200.202301161003/tools/bin/../lib/gcc/arm-none-eabi/10.3.1/thumb/v7e-m+fp/hard\libgcc.a(_dvmd_tls.o)
                0x0000000008000ec8                __aeabi_idiv0
                0x0000000008000ec8                __aeabi_ldiv0
 *(.text*)
 .text.gcd      0x0000000008000ecc       0x54 ./Core/Src/cyclic.o
                0x0000000008000ecc                gcd
 .text.registerTask
                0x0000000008000f20       0xc0 ./Core/Src/cyclic.o
                0x0000000008000f20                registerTask
 .text.task_scheduler_tick_reset
                0x0000000008000fe0       0x60 ./Core/Src/cyclic.o
                0x0000000008000fe0                task_scheduler_tick_reset
 .text.changeMode
                0x0000000008001040      0x1e0 ./Core/Src/cyclic.o
 .text.task_scheduler
                0x0000000008001220      0x1b4 ./Core/Src/cyclic.o
                0x0000000008001220                task_scheduler
 .text.lcm      0x00000000080013d4       0x3e ./Core/Src/cyclic.o
                0x00000000080013d4                lcm
 *fill*         0x0000000008001412        0x2 
 .text.buildFastMatrix
                0x0000000008001414      0x890 ./Core/Src/cyclic.o
                0x0000000008001414                buildFastMatrix
 .text.recoverDelayMark
                0x0000000008001ca4      0x17c ./Core/Src/cyclic.o
                0x0000000008001ca4                recoverDelayMark
 .text.showFastMatrix
                0x0000000008001e20      0x1f4 ./Core/Src/cyclic.o
                0x0000000008001e20                showFastMatrix
 .text.Error_Handler
                0x0000000008002014       0x20 ./Core/Src/hal_config.o
                0x0000000008002014                Error_Handler
 .text.SystemClock_Config
                0x0000000008002034       0xa2 ./Core/Src/hal_config.o
                0x0000000008002034                SystemClock_Config
 *fill*         0x00000000080020d6        0x2 
 .text.HAL_GPIO_EXTI_Callback
                0x00000000080020d8       0xb8 ./Core/Src/hal_config.o
                0x00000000080020d8                HAL_GPIO_EXTI_Callback
 .text.timerDelay
                0x0000000008002190       0x38 ./Core/Src/hal_config.o
                0x0000000008002190                timerDelay
 .text.MX_GPIO_Init
                0x00000000080021c8       0xc4 ./Core/Src/hal_config.o
 .text.MX_SPI3_Init
                0x000000000800228c       0x7c ./Core/Src/hal_config.o
 .text.hal_Init
                0x0000000008002308      0x28c ./Core/Src/hal_config.o
                0x0000000008002308                hal_Init
 .text.HAL_TIM_Base_MspInit
                0x0000000008002594       0xa8 ./Core/Src/hal_config.o
                0x0000000008002594                HAL_TIM_Base_MspInit
 .text.HAL_TIM_PeriodElapsedCallback
                0x000000000800263c       0x50 ./Core/Src/hal_config.o
                0x000000000800263c                HAL_TIM_PeriodElapsedCallback
 .text.TIM1_UP_TIM16_IRQHandler
                0x000000000800268c       0x14 ./Core/Src/hal_config.o
                0x000000000800268c                TIM1_UP_TIM16_IRQHandler
 .text.TIM2_IRQHandler
                0x00000000080026a0       0x14 ./Core/Src/hal_config.o
                0x00000000080026a0                TIM2_IRQHandler
 .text.AI_Init  0x00000000080026b4       0xb4 ./Core/Src/main.o
 .text.AI_Run   0x0000000008002768       0x94 ./Core/Src/main.o
 .text.argmax   0x00000000080027fc       0x60 ./Core/Src/main.o
 .text.WIFI_Init_main
                0x000000000800285c       0x50 ./Core/Src/main.o
 .text.taskAcc  0x00000000080028ac      0x268 ./Core/Src/main.o
                0x00000000080028ac                taskAcc
 .text.taskTemp
                0x0000000008002b14       0x70 ./Core/Src/main.o
                0x0000000008002b14                taskTemp
 .text.taskHumi
                0x0000000008002b84       0x70 ./Core/Src/main.o
                0x0000000008002b84                taskHumi
 .text.taskSendMessage
                0x0000000008002bf4       0x44 ./Core/Src/main.o
                0x0000000008002bf4                taskSendMessage
 .text.main     0x0000000008002c38       0xcc ./Core/Src/main.o
                0x0000000008002c38                main
 .text.lsm6dsl_relative_tilt_intr_en
                0x0000000008002d04       0x4a ./Core/Src/sensor_config.o
                0x0000000008002d04                lsm6dsl_relative_tilt_intr_en
 .text.sensor_config
                0x0000000008002d4e        0xc ./Core/Src/sensor_config.o
                0x0000000008002d4e                sensor_config
 *fill*         0x0000000008002d5a        0x2 
 .text.HAL_MspInit
                0x0000000008002d5c       0x48 ./Core/Src/stm32l4xx_hal_msp.o
                0x0000000008002d5c                HAL_MspInit
 .text.HAL_I2C_MspInit
                0x0000000008002da4       0x88 ./Core/Src/stm32l4xx_hal_msp.o
                0x0000000008002da4                HAL_I2C_MspInit
 .text.HAL_I2C_MspDeInit
                0x0000000008002e2c       0x3c ./Core/Src/stm32l4xx_hal_msp.o
                0x0000000008002e2c                HAL_I2C_MspDeInit
 .text.HAL_SPI_MspInit
                0x0000000008002e68       0x88 ./Core/Src/stm32l4xx_hal_msp.o
                0x0000000008002e68                HAL_SPI_MspInit
 .text.HAL_UART_MspInit
                0x0000000008002ef0       0xec ./Core/Src/stm32l4xx_hal_msp.o
                0x0000000008002ef0                HAL_UART_MspInit
 .text.NMI_Handler
                0x0000000008002fdc        0xe ./Core/Src/stm32l4xx_it.o
                0x0000000008002fdc                NMI_Handler
 .text.HardFault_Handler
                0x0000000008002fea        0x6 ./Core/Src/stm32l4xx_it.o
                0x0000000008002fea                HardFault_Handler
 .text.MemManage_Handler
                0x0000000008002ff0        0x6 ./Core/Src/stm32l4xx_it.o
                0x0000000008002ff0                MemManage_Handler
 .text.BusFault_Handler
                0x0000000008002ff6        0x6 ./Core/Src/stm32l4xx_it.o
                0x0000000008002ff6                BusFault_Handler
 .text.UsageFault_Handler
                0x0000000008002ffc        0x6 ./Core/Src/stm32l4xx_it.o
                0x0000000008002ffc                UsageFault_Handler
 .text.SVC_Handler
                0x0000000008003002        0xe ./Core/Src/stm32l4xx_it.o
                0x0000000008003002                SVC_Handler
 .text.DebugMon_Handler
                0x0000000008003010        0xe ./Core/Src/stm32l4xx_it.o
                0x0000000008003010                DebugMon_Handler
 .text.PendSV_Handler
                0x000000000800301e        0xe ./Core/Src/stm32l4xx_it.o
                0x000000000800301e                PendSV_Handler
 .text.SysTick_Handler
                0x000000000800302c        0xc ./Core/Src/stm32l4xx_it.o
                0x000000000800302c                SysTick_Handler
 .text.EXTI9_5_IRQHandler
                0x0000000008003038       0x22 ./Core/Src/stm32l4xx_it.o
                0x0000000008003038                EXTI9_5_IRQHandler
 .text.EXTI15_10_IRQHandler
                0x000000000800305a       0x30 ./Core/Src/stm32l4xx_it.o
                0x000000000800305a                EXTI15_10_IRQHandler
 .text.EXTI1_IRQHandler
                0x000000000800308a        0xe ./Core/Src/stm32l4xx_it.o
                0x000000000800308a                EXTI1_IRQHandler
 .text._sbrk    0x0000000008003098       0x58 ./Core/Src/sysmem.o
                0x0000000008003098                _sbrk
 .text.SystemInit
                0x00000000080030f0       0x6c ./Core/Src/system_stm32l4xx.o
                0x00000000080030f0                SystemInit
 .text.WIFI_DEBUG
                0x000000000800315c       0x90 ./Core/Src/wifi.o
                0x000000000800315c                WIFI_DEBUG
 .text.WIFI_SPI_Receive
                0x00000000080031ec       0x78 ./Core/Src/wifi.o
                0x00000000080031ec                WIFI_SPI_Receive
 .text.WIFI_SPI_Transmit
                0x0000000008003264       0xb4 ./Core/Src/wifi.o
                0x0000000008003264                WIFI_SPI_Transmit
 .text.WIFI_Init
                0x0000000008003318       0xe8 ./Core/Src/wifi.o
                0x0000000008003318                WIFI_Init
 .text.WIFI_SendATCommand
                0x0000000008003400       0xbc ./Core/Src/wifi.o
                0x0000000008003400                WIFI_SendATCommand
 .text.WIFI_SendATData
                0x00000000080034bc       0xc4 ./Core/Src/wifi.o
                0x00000000080034bc                WIFI_SendATData
 .text.WIFI_JoinNetwork
                0x0000000008003580      0x20c ./Core/Src/wifi.o
                0x0000000008003580                WIFI_JoinNetwork
 .text.WIFI_ConnectServer
                0x000000000800378c       0xe0 ./Core/Src/wifi.o
                0x000000000800378c                WIFI_ConnectServer
 .text.WIFI_SendData
                0x000000000800386c       0x74 ./Core/Src/wifi.o
                0x000000000800386c                WIFI_SendData
 .text.WIFI_SendStr
                0x00000000080038e0      0x10c ./Core/Src/wifi.o
                0x00000000080038e0                WIFI_SendStr
 .text.trimstr  0x00000000080039ec      0x116 ./Core/Src/wifi.o
                0x00000000080039ec                trimstr
 *fill*         0x0000000008003b02        0x2 
 .text.Reset_Handler
                0x0000000008003b04       0x50 ./Core/Startup/startup_stm32l475vgtx.o
                0x0000000008003b04                Reset_Handler
 .text.Default_Handler
                0x0000000008003b54        0x2 ./Core/Startup/startup_stm32l475vgtx.o
                0x0000000008003b54                RTC_Alarm_IRQHandler
                0x0000000008003b54                EXTI2_IRQHandler
                0x0000000008003b54                TIM8_TRG_COM_IRQHandler
                0x0000000008003b54                TIM8_CC_IRQHandler
                0x0000000008003b54                TIM1_CC_IRQHandler
                0x0000000008003b54                TSC_IRQHandler
                0x0000000008003b54                TAMP_STAMP_IRQHandler
                0x0000000008003b54                EXTI3_IRQHandler
                0x0000000008003b54                LPTIM2_IRQHandler
                0x0000000008003b54                DFSDM1_FLT1_IRQHandler
                0x0000000008003b54                I2C3_ER_IRQHandler
                0x0000000008003b54                DFSDM1_FLT2_IRQHandler
                0x0000000008003b54                EXTI0_IRQHandler
                0x0000000008003b54                I2C2_EV_IRQHandler
                0x0000000008003b54                CAN1_RX0_IRQHandler
                0x0000000008003b54                FPU_IRQHandler
                0x0000000008003b54                ADC1_2_IRQHandler
                0x0000000008003b54                SPI1_IRQHandler
                0x0000000008003b54                TIM6_DAC_IRQHandler
                0x0000000008003b54                TIM8_UP_IRQHandler
                0x0000000008003b54                DMA2_Channel2_IRQHandler
                0x0000000008003b54                DMA1_Channel4_IRQHandler
                0x0000000008003b54                SAI2_IRQHandler
                0x0000000008003b54                DFSDM1_FLT3_IRQHandler
                0x0000000008003b54                USART3_IRQHandler
                0x0000000008003b54                DMA1_Channel7_IRQHandler
                0x0000000008003b54                CAN1_RX1_IRQHandler
                0x0000000008003b54                UART5_IRQHandler
                0x0000000008003b54                ADC3_IRQHandler
                0x0000000008003b54                TIM4_IRQHandler
                0x0000000008003b54                DMA2_Channel1_IRQHandler
                0x0000000008003b54                QUADSPI_IRQHandler
                0x0000000008003b54                I2C1_EV_IRQHandler
                0x0000000008003b54                DMA1_Channel6_IRQHandler
                0x0000000008003b54                UART4_IRQHandler
                0x0000000008003b54                DMA2_Channel4_IRQHandler
                0x0000000008003b54                TIM3_IRQHandler
                0x0000000008003b54                RCC_IRQHandler
                0x0000000008003b54                DMA1_Channel1_IRQHandler
                0x0000000008003b54                Default_Handler
                0x0000000008003b54                DMA2_Channel7_IRQHandler
                0x0000000008003b54                TIM7_IRQHandler
                0x0000000008003b54                SDMMC1_IRQHandler
                0x0000000008003b54                TIM5_IRQHandler
                0x0000000008003b54                I2C3_EV_IRQHandler
                0x0000000008003b54                RTC_WKUP_IRQHandler
                0x0000000008003b54                PVD_PVM_IRQHandler
                0x0000000008003b54                SPI2_IRQHandler
                0x0000000008003b54                CAN1_TX_IRQHandler
                0x0000000008003b54                DMA2_Channel5_IRQHandler
                0x0000000008003b54                DMA1_Channel5_IRQHandler
                0x0000000008003b54                EXTI4_IRQHandler
                0x0000000008003b54                RNG_IRQHandler
                0x0000000008003b54                TIM1_TRG_COM_TIM17_IRQHandler
                0x0000000008003b54                DMA1_Channel3_IRQHandler
                0x0000000008003b54                COMP_IRQHandler
                0x0000000008003b54                WWDG_IRQHandler
                0x0000000008003b54                LPUART1_IRQHandler
                0x0000000008003b54                DMA2_Channel6_IRQHandler
                0x0000000008003b54                USART2_IRQHandler
                0x0000000008003b54                DFSDM1_FLT0_IRQHandler
                0x0000000008003b54                I2C2_ER_IRQHandler
                0x0000000008003b54                DMA1_Channel2_IRQHandler
                0x0000000008003b54                TIM8_BRK_IRQHandler
                0x0000000008003b54                CAN1_SCE_IRQHandler
                0x0000000008003b54                FLASH_IRQHandler
                0x0000000008003b54                USART1_IRQHandler
                0x0000000008003b54                OTG_FS_IRQHandler
                0x0000000008003b54                SPI3_IRQHandler
                0x0000000008003b54                I2C1_ER_IRQHandler
                0x0000000008003b54                FMC_IRQHandler
                0x0000000008003b54                SWPMI1_IRQHandler
                0x0000000008003b54                LPTIM1_IRQHandler
                0x0000000008003b54                SAI1_IRQHandler
                0x0000000008003b54                DMA2_Channel3_IRQHandler
                0x0000000008003b54                TIM1_BRK_TIM15_IRQHandler
 *fill*         0x0000000008003b56        0x2 
 .text.I2Cx_MspInit
                0x0000000008003b58       0xb0 ./Drivers/BSP/B-L475E-IOT01/stm32l475e_iot01.o
 .text.I2Cx_Init
                0x0000000008003c08       0x5c ./Drivers/BSP/B-L475E-IOT01/stm32l475e_iot01.o
 .text.I2Cx_ReadMultiple
                0x0000000008003c64       0x5a ./Drivers/BSP/B-L475E-IOT01/stm32l475e_iot01.o
 .text.I2Cx_WriteMultiple
                0x0000000008003cbe       0x5a ./Drivers/BSP/B-L475E-IOT01/stm32l475e_iot01.o
 .text.I2Cx_Error
                0x0000000008003d18       0x20 ./Drivers/BSP/B-L475E-IOT01/stm32l475e_iot01.o
 .text.SENSOR_IO_Init
                0x0000000008003d38       0x14 ./Drivers/BSP/B-L475E-IOT01/stm32l475e_iot01.o
                0x0000000008003d38                SENSOR_IO_Init
 .text.SENSOR_IO_Write
                0x0000000008003d4c       0x34 ./Drivers/BSP/B-L475E-IOT01/stm32l475e_iot01.o
                0x0000000008003d4c                SENSOR_IO_Write
 .text.SENSOR_IO_Read
                0x0000000008003d80       0x3c ./Drivers/BSP/B-L475E-IOT01/stm32l475e_iot01.o
                0x0000000008003d80                SENSOR_IO_Read
 .text.SENSOR_IO_ReadMultiple
                0x0000000008003dbc       0x3c ./Drivers/BSP/B-L475E-IOT01/stm32l475e_iot01.o
                0x0000000008003dbc                SENSOR_IO_ReadMultiple
 .text.BSP_ACCELERO_Init
                0x0000000008003df8       0x7c ./Drivers/BSP/B-L475E-IOT01/stm32l475e_iot01_accelero.o
                0x0000000008003df8                BSP_ACCELERO_Init
 .text.BSP_ACCELERO_AccGetXYZ
                0x0000000008003e74       0x30 ./Drivers/BSP/B-L475E-IOT01/stm32l475e_iot01_accelero.o
                0x0000000008003e74                BSP_ACCELERO_AccGetXYZ
 .text.BSP_GYRO_Init
                0x0000000008003ea4       0x84 ./Drivers/BSP/B-L475E-IOT01/stm32l475e_iot01_gyro.o
                0x0000000008003ea4                BSP_GYRO_Init
 .text.BSP_HSENSOR_Init
                0x0000000008003f28       0x40 ./Drivers/BSP/B-L475E-IOT01/stm32l475e_iot01_hsensor.o
                0x0000000008003f28                BSP_HSENSOR_Init
 .text.BSP_HSENSOR_ReadHumidity
                0x0000000008003f68       0x1c ./Drivers/BSP/B-L475E-IOT01/stm32l475e_iot01_hsensor.o
                0x0000000008003f68                BSP_HSENSOR_ReadHumidity
 .text.BSP_MAGNETO_Init
                0x0000000008003f84       0x58 ./Drivers/BSP/B-L475E-IOT01/stm32l475e_iot01_magneto.o
                0x0000000008003f84                BSP_MAGNETO_Init
 .text.BSP_PSENSOR_Init
                0x0000000008003fdc       0x40 ./Drivers/BSP/B-L475E-IOT01/stm32l475e_iot01_psensor.o
                0x0000000008003fdc                BSP_PSENSOR_Init
 .text.BSP_TSENSOR_Init
                0x000000000800401c       0x38 ./Drivers/BSP/B-L475E-IOT01/stm32l475e_iot01_tsensor.o
                0x000000000800401c                BSP_TSENSOR_Init
 .text.BSP_TSENSOR_ReadTemp
                0x0000000008004054       0x1c ./Drivers/BSP/B-L475E-IOT01/stm32l475e_iot01_tsensor.o
                0x0000000008004054                BSP_TSENSOR_ReadTemp
 .text.HTS221_H_Init
                0x0000000008004070       0x58 ./Drivers/BSP/Components/hts221/hts221.o
                0x0000000008004070                HTS221_H_Init
 .text.HTS221_H_ReadID
                0x00000000080040c8       0x2c ./Drivers/BSP/Components/hts221/hts221.o
                0x00000000080040c8                HTS221_H_ReadID
 .text.HTS221_H_ReadHumidity
                0x00000000080040f4      0x138 ./Drivers/BSP/Components/hts221/hts221.o
                0x00000000080040f4                HTS221_H_ReadHumidity
 .text.HTS221_T_Init
                0x000000000800422c       0x5a ./Drivers/BSP/Components/hts221/hts221.o
                0x000000000800422c                HTS221_T_Init
 .text.HTS221_T_ReadTemp
                0x0000000008004286      0x10e ./Drivers/BSP/Components/hts221/hts221.o
                0x0000000008004286                HTS221_T_ReadTemp
 .text.HTS221_TempReady
                0x0000000008004394       0x32 ./Drivers/BSP/Components/hts221/hts221.o
                0x0000000008004394                HTS221_TempReady
 .text.HTS221_HumiReady
                0x00000000080043c6       0x32 ./Drivers/BSP/Components/hts221/hts221.o
                0x00000000080043c6                HTS221_HumiReady
 .text.HTS221_TempWaitReady
                0x00000000080043f8       0x34 ./Drivers/BSP/Components/hts221/hts221.o
                0x00000000080043f8                HTS221_TempWaitReady
 .text.HTS221_HumiWaitReady
                0x000000000800442c       0x34 ./Drivers/BSP/Components/hts221/hts221.o
                0x000000000800442c                HTS221_HumiWaitReady
 .text.LIS3MDL_MagInit
                0x0000000008004460       0x50 ./Drivers/BSP/Components/lis3mdl/lis3mdl.o
                0x0000000008004460                LIS3MDL_MagInit
 .text.LIS3MDL_MagDeInit
                0x00000000080044b0       0x3a ./Drivers/BSP/Components/lis3mdl/lis3mdl.o
                0x00000000080044b0                LIS3MDL_MagDeInit
 .text.LIS3MDL_MagReadID
                0x00000000080044ea       0x16 ./Drivers/BSP/Components/lis3mdl/lis3mdl.o
                0x00000000080044ea                LIS3MDL_MagReadID
 .text.LIS3MDL_MagLowPower
                0x0000000008004500       0x44 ./Drivers/BSP/Components/lis3mdl/lis3mdl.o
                0x0000000008004500                LIS3MDL_MagLowPower
 .text.LIS3MDL_MagReadXYZ
                0x0000000008004544      0x10c ./Drivers/BSP/Components/lis3mdl/lis3mdl.o
                0x0000000008004544                LIS3MDL_MagReadXYZ
 .text.LIS3MDL_GetStatus
                0x0000000008004650       0x12 ./Drivers/BSP/Components/lis3mdl/lis3mdl.o
                0x0000000008004650                LIS3MDL_GetStatus
 .text.LIS3MDL_Ready
                0x0000000008004662       0x26 ./Drivers/BSP/Components/lis3mdl/lis3mdl.o
                0x0000000008004662                LIS3MDL_Ready
 .text.LIS3MDL_WaitReady
                0x0000000008004688       0x28 ./Drivers/BSP/Components/lis3mdl/lis3mdl.o
                0x0000000008004688                LIS3MDL_WaitReady
 .text.LPS22HB_P_Init
                0x00000000080046b0       0x1a ./Drivers/BSP/Components/lps22hb/lps22hb.o
                0x00000000080046b0                LPS22HB_P_Init
 .text.LPS22HB_P_ReadID
                0x00000000080046ca       0x2c ./Drivers/BSP/Components/lps22hb/lps22hb.o
                0x00000000080046ca                LPS22HB_P_ReadID
 *fill*         0x00000000080046f6        0x2 
 .text.LPS22HB_P_ReadPressure
                0x00000000080046f8       0xbc ./Drivers/BSP/Components/lps22hb/lps22hb.o
                0x00000000080046f8                LPS22HB_P_ReadPressure
 .text.LPS22HB_Init
                0x00000000080047b4       0x7e ./Drivers/BSP/Components/lps22hb/lps22hb.o
 .text.LPS22HB_GetStatus
                0x0000000008004832       0x20 ./Drivers/BSP/Components/lps22hb/lps22hb.o
                0x0000000008004832                LPS22HB_GetStatus
 .text.LPS22HB_PReady
                0x0000000008004852       0x2e ./Drivers/BSP/Components/lps22hb/lps22hb.o
                0x0000000008004852                LPS22HB_PReady
 .text.LPS22HB_WaitP
                0x0000000008004880       0x2c ./Drivers/BSP/Components/lps22hb/lps22hb.o
                0x0000000008004880                LPS22HB_WaitP
 .text.LSM6DSL_AccInit
                0x00000000080048ac       0x72 ./Drivers/BSP/Components/lsm6dsl/lsm6dsl.o
                0x00000000080048ac                LSM6DSL_AccInit
 .text.LSM6DSL_AccDeInit
                0x000000000800491e       0x32 ./Drivers/BSP/Components/lsm6dsl/lsm6dsl.o
                0x000000000800491e                LSM6DSL_AccDeInit
 .text.LSM6DSL_AccReadID
                0x0000000008004950       0x16 ./Drivers/BSP/Components/lsm6dsl/lsm6dsl.o
                0x0000000008004950                LSM6DSL_AccReadID
 .text.LSM6DSL_AccLowPower
                0x0000000008004966       0x44 ./Drivers/BSP/Components/lsm6dsl/lsm6dsl.o
                0x0000000008004966                LSM6DSL_AccLowPower
 *fill*         0x00000000080049aa        0x2 
 .text.LSM6DSL_AccReadXYZ
                0x00000000080049ac      0x130 ./Drivers/BSP/Components/lsm6dsl/lsm6dsl.o
                0x00000000080049ac                LSM6DSL_AccReadXYZ
 .text.LSM6DSL_GyroInit
                0x0000000008004adc       0x72 ./Drivers/BSP/Components/lsm6dsl/lsm6dsl.o
                0x0000000008004adc                LSM6DSL_GyroInit
 .text.LSM6DSL_GyroDeInit
                0x0000000008004b4e       0x32 ./Drivers/BSP/Components/lsm6dsl/lsm6dsl.o
                0x0000000008004b4e                LSM6DSL_GyroDeInit
 .text.LSM6DSL_GyroReadID
                0x0000000008004b80       0x16 ./Drivers/BSP/Components/lsm6dsl/lsm6dsl.o
                0x0000000008004b80                LSM6DSL_GyroReadID
 .text.LSM6DSL_GyroLowPower
                0x0000000008004b96       0x44 ./Drivers/BSP/Components/lsm6dsl/lsm6dsl.o
                0x0000000008004b96                LSM6DSL_GyroLowPower
 *fill*         0x0000000008004bda        0x2 
 .text.LSM6DSL_GyroReadXYZAngRate
                0x0000000008004bdc      0x128 ./Drivers/BSP/Components/lsm6dsl/lsm6dsl.o
                0x0000000008004bdc                LSM6DSL_GyroReadXYZAngRate
 .text.LSM6DSL_GetStatus
                0x0000000008004d04       0x12 ./Drivers/BSP/Components/lsm6dsl/lsm6dsl.o
                0x0000000008004d04                LSM6DSL_GetStatus
 .text.LSM6DSL_AccReady
                0x0000000008004d16       0x26 ./Drivers/BSP/Components/lsm6dsl/lsm6dsl.o
                0x0000000008004d16                LSM6DSL_AccReady
 .text.LSM6DSL_GyroReady
                0x0000000008004d3c       0x26 ./Drivers/BSP/Components/lsm6dsl/lsm6dsl.o
                0x0000000008004d3c                LSM6DSL_GyroReady
 .text.LSM6DSL_AccWaitReady
                0x0000000008004d62       0x28 ./Drivers/BSP/Components/lsm6dsl/lsm6dsl.o
                0x0000000008004d62                LSM6DSL_AccWaitReady
 .text.LSM6DSL_GyroWaitReady
                0x0000000008004d8a       0x28 ./Drivers/BSP/Components/lsm6dsl/lsm6dsl.o
                0x0000000008004d8a                LSM6DSL_GyroWaitReady
 .text.HAL_Init
                0x0000000008004db2       0x30 ./Drivers/STM32L4xx_HAL_Driver/Src/stm32l4xx_hal.o
                0x0000000008004db2                HAL_Init
 *fill*         0x0000000008004de2        0x2 
 .text.HAL_InitTick
                0x0000000008004de4       0x74 ./Drivers/STM32L4xx_HAL_Driver/Src/stm32l4xx_hal.o
                0x0000000008004de4                HAL_InitTick
 .text.HAL_IncTick
                0x0000000008004e58       0x24 ./Drivers/STM32L4xx_HAL_Driver/Src/stm32l4xx_hal.o
                0x0000000008004e58                HAL_IncTick
 .text.HAL_GetTick
                0x0000000008004e7c       0x18 ./Drivers/STM32L4xx_HAL_Driver/Src/stm32l4xx_hal.o
                0x0000000008004e7c                HAL_GetTick
 .text.HAL_Delay
                0x0000000008004e94       0x44 ./Drivers/STM32L4xx_HAL_Driver/Src/stm32l4xx_hal.o
                0x0000000008004e94                HAL_Delay
 .text.__NVIC_SetPriorityGrouping
                0x0000000008004ed8       0x48 ./Drivers/STM32L4xx_HAL_Driver/Src/stm32l4xx_hal_cortex.o
 .text.__NVIC_GetPriorityGrouping
                0x0000000008004f20       0x1c ./Drivers/STM32L4xx_HAL_Driver/Src/stm32l4xx_hal_cortex.o
 .text.__NVIC_EnableIRQ
                0x0000000008004f3c       0x3c ./Drivers/STM32L4xx_HAL_Driver/Src/stm32l4xx_hal_cortex.o
 .text.__NVIC_SetPriority
                0x0000000008004f78       0x54 ./Drivers/STM32L4xx_HAL_Driver/Src/stm32l4xx_hal_cortex.o
 .text.NVIC_EncodePriority
                0x0000000008004fcc       0x66 ./Drivers/STM32L4xx_HAL_Driver/Src/stm32l4xx_hal_cortex.o
 *fill*         0x0000000008005032        0x2 
 .text.SysTick_Config
                0x0000000008005034       0x44 ./Drivers/STM32L4xx_HAL_Driver/Src/stm32l4xx_hal_cortex.o
 .text.HAL_NVIC_SetPriorityGrouping
                0x0000000008005078       0x16 ./Drivers/STM32L4xx_HAL_Driver/Src/stm32l4xx_hal_cortex.o
                0x0000000008005078                HAL_NVIC_SetPriorityGrouping
 .text.HAL_NVIC_SetPriority
                0x000000000800508e       0x38 ./Drivers/STM32L4xx_HAL_Driver/Src/stm32l4xx_hal_cortex.o
                0x000000000800508e                HAL_NVIC_SetPriority
 .text.HAL_NVIC_EnableIRQ
                0x00000000080050c6       0x1c ./Drivers/STM32L4xx_HAL_Driver/Src/stm32l4xx_hal_cortex.o
                0x00000000080050c6                HAL_NVIC_EnableIRQ
 .text.HAL_SYSTICK_Config
                0x00000000080050e2       0x18 ./Drivers/STM32L4xx_HAL_Driver/Src/stm32l4xx_hal_cortex.o
                0x00000000080050e2                HAL_SYSTICK_Config
 *fill*         0x00000000080050fa        0x2 
 .text.HAL_GPIO_Init
                0x00000000080050fc      0x354 ./Drivers/STM32L4xx_HAL_Driver/Src/stm32l4xx_hal_gpio.o
                0x00000000080050fc                HAL_GPIO_Init
 .text.HAL_GPIO_DeInit
                0x0000000008005450      0x1e8 ./Drivers/STM32L4xx_HAL_Driver/Src/stm32l4xx_hal_gpio.o
                0x0000000008005450                HAL_GPIO_DeInit
 .text.HAL_GPIO_ReadPin
                0x0000000008005638       0x30 ./Drivers/STM32L4xx_HAL_Driver/Src/stm32l4xx_hal_gpio.o
                0x0000000008005638                HAL_GPIO_ReadPin
 .text.HAL_GPIO_WritePin
                0x0000000008005668       0x30 ./Drivers/STM32L4xx_HAL_Driver/Src/stm32l4xx_hal_gpio.o
                0x0000000008005668                HAL_GPIO_WritePin
 .text.HAL_GPIO_TogglePin
                0x0000000008005698       0x32 ./Drivers/STM32L4xx_HAL_Driver/Src/stm32l4xx_hal_gpio.o
                0x0000000008005698                HAL_GPIO_TogglePin
 *fill*         0x00000000080056ca        0x2 
 .text.HAL_GPIO_EXTI_IRQHandler
                0x00000000080056cc       0x30 ./Drivers/STM32L4xx_HAL_Driver/Src/stm32l4xx_hal_gpio.o
                0x00000000080056cc                HAL_GPIO_EXTI_IRQHandler
 .text.HAL_I2C_Init
                0x00000000080056fc      0x11e ./Drivers/STM32L4xx_HAL_Driver/Src/stm32l4xx_hal_i2c.o
                0x00000000080056fc                HAL_I2C_Init
 .text.HAL_I2C_DeInit
                0x000000000800581a       0x5e ./Drivers/STM32L4xx_HAL_Driver/Src/stm32l4xx_hal_i2c.o
                0x000000000800581a                HAL_I2C_DeInit
 .text.HAL_I2C_Mem_Write
                0x0000000008005878      0x228 ./Drivers/STM32L4xx_HAL_Driver/Src/stm32l4xx_hal_i2c.o
                0x0000000008005878                HAL_I2C_Mem_Write
 .text.HAL_I2C_Mem_Read
                0x0000000008005aa0      0x234 ./Drivers/STM32L4xx_HAL_Driver/Src/stm32l4xx_hal_i2c.o
                0x0000000008005aa0                HAL_I2C_Mem_Read
 .text.I2C_RequestMemoryWrite
                0x0000000008005cd4       0xa8 ./Drivers/STM32L4xx_HAL_Driver/Src/stm32l4xx_hal_i2c.o
 .text.I2C_RequestMemoryRead
                0x0000000008005d7c       0xa8 ./Drivers/STM32L4xx_HAL_Driver/Src/stm32l4xx_hal_i2c.o
 .text.I2C_Flush_TXDR
                0x0000000008005e24       0x48 ./Drivers/STM32L4xx_HAL_Driver/Src/stm32l4xx_hal_i2c.o
 .text.I2C_WaitOnFlagUntilTimeout
                0x0000000008005e6c       0x80 ./Drivers/STM32L4xx_HAL_Driver/Src/stm32l4xx_hal_i2c.o
 .text.I2C_WaitOnTXISFlagUntilTimeout
                0x0000000008005eec       0x80 ./Drivers/STM32L4xx_HAL_Driver/Src/stm32l4xx_hal_i2c.o
 .text.I2C_WaitOnSTOPFlagUntilTimeout
                0x0000000008005f6c       0x78 ./Drivers/STM32L4xx_HAL_Driver/Src/stm32l4xx_hal_i2c.o
 .text.I2C_IsAcknowledgeFailed
                0x0000000008005fe4       0xcc ./Drivers/STM32L4xx_HAL_Driver/Src/stm32l4xx_hal_i2c.o
 .text.I2C_TransferConfig
                0x00000000080060b0       0x5c ./Drivers/STM32L4xx_HAL_Driver/Src/stm32l4xx_hal_i2c.o
 .text.HAL_I2CEx_ConfigAnalogFilter
                0x000000000800610c       0x96 ./Drivers/STM32L4xx_HAL_Driver/Src/stm32l4xx_hal_i2c_ex.o
                0x000000000800610c                HAL_I2CEx_ConfigAnalogFilter
 *fill*         0x00000000080061a2        0x2 
 .text.HAL_PWREx_GetVoltageRange
                0x00000000080061a4       0x1c ./Drivers/STM32L4xx_HAL_Driver/Src/stm32l4xx_hal_pwr_ex.o
                0x00000000080061a4                HAL_PWREx_GetVoltageRange
 .text.HAL_PWREx_ControlVoltageScaling
                0x00000000080061c0       0xac ./Drivers/STM32L4xx_HAL_Driver/Src/stm32l4xx_hal_pwr_ex.o
                0x00000000080061c0                HAL_PWREx_ControlVoltageScaling
 .text.HAL_RCC_OscConfig
                0x000000000800626c      0x7d4 ./Drivers/STM32L4xx_HAL_Driver/Src/stm32l4xx_hal_rcc.o
                0x000000000800626c                HAL_RCC_OscConfig
 .text.HAL_RCC_ClockConfig
                0x0000000008006a40      0x1c4 ./Drivers/STM32L4xx_HAL_Driver/Src/stm32l4xx_hal_rcc.o
                0x0000000008006a40                HAL_RCC_ClockConfig
 .text.HAL_RCC_GetSysClockFreq
                0x0000000008006c04      0x118 ./Drivers/STM32L4xx_HAL_Driver/Src/stm32l4xx_hal_rcc.o
                0x0000000008006c04                HAL_RCC_GetSysClockFreq
 .text.HAL_RCC_GetHCLKFreq
                0x0000000008006d1c       0x18 ./Drivers/STM32L4xx_HAL_Driver/Src/stm32l4xx_hal_rcc.o
                0x0000000008006d1c                HAL_RCC_GetHCLKFreq
 .text.HAL_RCC_GetPCLK1Freq
                0x0000000008006d34       0x2c ./Drivers/STM32L4xx_HAL_Driver/Src/stm32l4xx_hal_rcc.o
                0x0000000008006d34                HAL_RCC_GetPCLK1Freq
 .text.HAL_RCC_GetPCLK2Freq
                0x0000000008006d60       0x2c ./Drivers/STM32L4xx_HAL_Driver/Src/stm32l4xx_hal_rcc.o
                0x0000000008006d60                HAL_RCC_GetPCLK2Freq
 .text.RCC_SetFlashLatencyFromMSIRange
                0x0000000008006d8c       0xc0 ./Drivers/STM32L4xx_HAL_Driver/Src/stm32l4xx_hal_rcc.o
 .text.HAL_SPI_Init
                0x0000000008006e4c      0x114 ./Drivers/STM32L4xx_HAL_Driver/Src/stm32l4xx_hal_spi.o
                0x0000000008006e4c                HAL_SPI_Init
 .text.HAL_SPI_Transmit
                0x0000000008006f60      0x2cc ./Drivers/STM32L4xx_HAL_Driver/Src/stm32l4xx_hal_spi.o
                0x0000000008006f60                HAL_SPI_Transmit
 .text.HAL_SPI_Receive
                0x000000000800722c      0x250 ./Drivers/STM32L4xx_HAL_Driver/Src/stm32l4xx_hal_spi.o
                0x000000000800722c                HAL_SPI_Receive
 .text.HAL_SPI_TransmitReceive
                0x000000000800747c      0x426 ./Drivers/STM32L4xx_HAL_Driver/Src/stm32l4xx_hal_spi.o
                0x000000000800747c                HAL_SPI_TransmitReceive
 .text.SPI_WaitFlagStateUntilTimeout
                0x00000000080078a2       0xd4 ./Drivers/STM32L4xx_HAL_Driver/Src/stm32l4xx_hal_spi.o
 .text.SPI_WaitFifoStateUntilTimeout
                0x0000000008007976       0xda ./Drivers/STM32L4xx_HAL_Driver/Src/stm32l4xx_hal_spi.o
 .text.SPI_EndRxTransaction
                0x0000000008007a50       0xb0 ./Drivers/STM32L4xx_HAL_Driver/Src/stm32l4xx_hal_spi.o
 .text.SPI_EndRxTxTransaction
                0x0000000008007b00       0x8c ./Drivers/STM32L4xx_HAL_Driver/Src/stm32l4xx_hal_spi.o
 .text.HAL_TIM_Base_Init
                0x0000000008007b8c       0x56 ./Drivers/STM32L4xx_HAL_Driver/Src/stm32l4xx_hal_tim.o
                0x0000000008007b8c                HAL_TIM_Base_Init
 *fill*         0x0000000008007be2        0x2 
 .text.HAL_TIM_Base_Start
                0x0000000008007be4       0x54 ./Drivers/STM32L4xx_HAL_Driver/Src/stm32l4xx_hal_tim.o
                0x0000000008007be4                HAL_TIM_Base_Start
 .text.HAL_TIM_Base_Stop
                0x0000000008007c38       0x56 ./Drivers/STM32L4xx_HAL_Driver/Src/stm32l4xx_hal_tim.o
                0x0000000008007c38                HAL_TIM_Base_Stop
 *fill*         0x0000000008007c8e        0x2 
 .text.HAL_TIM_Base_Start_IT
                0x0000000008007c90       0x54 ./Drivers/STM32L4xx_HAL_Driver/Src/stm32l4xx_hal_tim.o
                0x0000000008007c90                HAL_TIM_Base_Start_IT
 .text.HAL_TIM_Base_Stop_IT
                0x0000000008007ce4       0x56 ./Drivers/STM32L4xx_HAL_Driver/Src/stm32l4xx_hal_tim.o
                0x0000000008007ce4                HAL_TIM_Base_Stop_IT
 .text.HAL_TIM_IRQHandler
                0x0000000008007d3a      0x23e ./Drivers/STM32L4xx_HAL_Driver/Src/stm32l4xx_hal_tim.o
                0x0000000008007d3a                HAL_TIM_IRQHandler
 .text.HAL_TIM_OC_DelayElapsedCallback
                0x0000000008007f78       0x14 ./Drivers/STM32L4xx_HAL_Driver/Src/stm32l4xx_hal_tim.o
                0x0000000008007f78                HAL_TIM_OC_DelayElapsedCallback
 .text.HAL_TIM_IC_CaptureCallback
                0x0000000008007f8c       0x14 ./Drivers/STM32L4xx_HAL_Driver/Src/stm32l4xx_hal_tim.o
                0x0000000008007f8c                HAL_TIM_IC_CaptureCallback
 .text.HAL_TIM_PWM_PulseFinishedCallback
                0x0000000008007fa0       0x14 ./Drivers/STM32L4xx_HAL_Driver/Src/stm32l4xx_hal_tim.o
                0x0000000008007fa0                HAL_TIM_PWM_PulseFinishedCallback
 .text.HAL_TIM_TriggerCallback
                0x0000000008007fb4       0x14 ./Drivers/STM32L4xx_HAL_Driver/Src/stm32l4xx_hal_tim.o
                0x0000000008007fb4                HAL_TIM_TriggerCallback
 .text.TIM_Base_SetConfig
                0x0000000008007fc8      0x134 ./Drivers/STM32L4xx_HAL_Driver/Src/stm32l4xx_hal_tim.o
                0x0000000008007fc8                TIM_Base_SetConfig
 .text.HAL_TIMEx_CommutCallback
                0x00000000080080fc       0x14 ./Drivers/STM32L4xx_HAL_Driver/Src/stm32l4xx_hal_tim_ex.o
                0x00000000080080fc                HAL_TIMEx_CommutCallback
 .text.HAL_TIMEx_BreakCallback
                0x0000000008008110       0x14 ./Drivers/STM32L4xx_HAL_Driver/Src/stm32l4xx_hal_tim_ex.o
                0x0000000008008110                HAL_TIMEx_BreakCallback
 .text.HAL_TIMEx_Break2Callback
                0x0000000008008124       0x14 ./Drivers/STM32L4xx_HAL_Driver/Src/stm32l4xx_hal_tim_ex.o
                0x0000000008008124                HAL_TIMEx_Break2Callback
 .text.HAL_UART_Init
                0x0000000008008138       0x9c ./Drivers/STM32L4xx_HAL_Driver/Src/stm32l4xx_hal_uart.o
                0x0000000008008138                HAL_UART_Init
 .text.HAL_UART_Transmit
                0x00000000080081d4      0x126 ./Drivers/STM32L4xx_HAL_Driver/Src/stm32l4xx_hal_uart.o
                0x00000000080081d4                HAL_UART_Transmit
 *fill*         0x00000000080082fa        0x2 
 .text.UART_SetConfig
                0x00000000080082fc      0x740 ./Drivers/STM32L4xx_HAL_Driver/Src/stm32l4xx_hal_uart.o
                0x00000000080082fc                UART_SetConfig
 .text.UART_AdvFeatureConfig
                0x0000000008008a3c      0x144 ./Drivers/STM32L4xx_HAL_Driver/Src/stm32l4xx_hal_uart.o
                0x0000000008008a3c                UART_AdvFeatureConfig
 .text.UART_CheckIdleState
                0x0000000008008b80       0x8a ./Drivers/STM32L4xx_HAL_Driver/Src/stm32l4xx_hal_uart.o
                0x0000000008008b80                UART_CheckIdleState
 .text.UART_WaitOnFlagUntilTimeout
                0x0000000008008c0a       0xf6 ./Drivers/STM32L4xx_HAL_Driver/Src/stm32l4xx_hal_uart.o
                0x0000000008008c0a                UART_WaitOnFlagUntilTimeout
 .text.network_configure_activations
                0x0000000008008d00       0xe0 ./X-CUBE-AI/App/network.o
 .text.network_configure_weights
                0x0000000008008de0      0x174 ./X-CUBE-AI/App/network.o
 .text.ai_network_get_error
                0x0000000008008f54       0x18 ./X-CUBE-AI/App/network.o
                0x0000000008008f54                ai_network_get_error
 .text.ai_network_create
                0x0000000008008f6c       0x2c ./X-CUBE-AI/App/network.o
                0x0000000008008f6c                ai_network_create
 .text.ai_network_create_and_init
                0x0000000008008f98       0xe8 ./X-CUBE-AI/App/network.o
                0x0000000008008f98                ai_network_create_and_init
 .text.ai_network_inputs_get
                0x0000000008009080       0x34 ./X-CUBE-AI/App/network.o
                0x0000000008009080                ai_network_inputs_get
 .text.ai_network_outputs_get
                0x00000000080090b4       0x34 ./X-CUBE-AI/App/network.o
                0x00000000080090b4                ai_network_outputs_get
 .text.ai_network_init
                0x00000000080090e8       0x78 ./X-CUBE-AI/App/network.o
                0x00000000080090e8                ai_network_init
 .text.ai_network_run
                0x0000000008009160       0x20 ./X-CUBE-AI/App/network.o
                0x0000000008009160                ai_network_run
 .text.ai_network_data_params_get
                0x0000000008009180       0x50 ./X-CUBE-AI/App/network_data.o
                0x0000000008009180                ai_network_data_params_get
 .text.findslot
                0x00000000080091d0       0x34 d:/program files/st/stm32cubeide_1.11.2/stm32cubeide/plugins/com.st.stm32cube.ide.mcu.externaltools.gnu-tools-for-stm32.10.3-2021.10.win32_1.0.200.202301161003/tools/bin/../lib/gcc/arm-none-eabi/10.3.1/../../../../arm-none-eabi/lib/thumb/v7e-m+fp/hard\librdimon_nano.a(rdimon-syscalls.o)
 .text.error    0x0000000008009204       0x1c d:/program files/st/stm32cubeide_1.11.2/stm32cubeide/plugins/com.st.stm32cube.ide.mcu.externaltools.gnu-tools-for-stm32.10.3-2021.10.win32_1.0.200.202301161003/tools/bin/../lib/gcc/arm-none-eabi/10.3.1/../../../../arm-none-eabi/lib/thumb/v7e-m+fp/hard\librdimon_nano.a(rdimon-syscalls.o)
 .text.checkerror
                0x0000000008009220        0xa d:/program files/st/stm32cubeide_1.11.2/stm32cubeide/plugins/com.st.stm32cube.ide.mcu.externaltools.gnu-tools-for-stm32.10.3-2021.10.win32_1.0.200.202301161003/tools/bin/../lib/gcc/arm-none-eabi/10.3.1/../../../../arm-none-eabi/lib/thumb/v7e-m+fp/hard\librdimon_nano.a(rdimon-syscalls.o)
 .text._swiread
                0x000000000800922a       0x20 d:/program files/st/stm32cubeide_1.11.2/stm32cubeide/plugins/com.st.stm32cube.ide.mcu.externaltools.gnu-tools-for-stm32.10.3-2021.10.win32_1.0.200.202301161003/tools/bin/../lib/gcc/arm-none-eabi/10.3.1/../../../../arm-none-eabi/lib/thumb/v7e-m+fp/hard\librdimon_nano.a(rdimon-syscalls.o)
                0x000000000800922a                _swiread
 .text._read    0x000000000800924a       0x38 d:/program files/st/stm32cubeide_1.11.2/stm32cubeide/plugins/com.st.stm32cube.ide.mcu.externaltools.gnu-tools-for-stm32.10.3-2021.10.win32_1.0.200.202301161003/tools/bin/../lib/gcc/arm-none-eabi/10.3.1/../../../../arm-none-eabi/lib/thumb/v7e-m+fp/hard\librdimon_nano.a(rdimon-syscalls.o)
                0x000000000800924a                _read
 .text._swilseek
                0x0000000008009282       0x78 d:/program files/st/stm32cubeide_1.11.2/stm32cubeide/plugins/com.st.stm32cube.ide.mcu.externaltools.gnu-tools-for-stm32.10.3-2021.10.win32_1.0.200.202301161003/tools/bin/../lib/gcc/arm-none-eabi/10.3.1/../../../../arm-none-eabi/lib/thumb/v7e-m+fp/hard\librdimon_nano.a(rdimon-syscalls.o)
                0x0000000008009282                _swilseek
 .text._lseek   0x00000000080092fa        0x4 d:/program files/st/stm32cubeide_1.11.2/stm32cubeide/plugins/com.st.stm32cube.ide.mcu.externaltools.gnu-tools-for-stm32.10.3-2021.10.win32_1.0.200.202301161003/tools/bin/../lib/gcc/arm-none-eabi/10.3.1/../../../../arm-none-eabi/lib/thumb/v7e-m+fp/hard\librdimon_nano.a(rdimon-syscalls.o)
                0x00000000080092fa                _lseek
 .text._swiwrite
                0x00000000080092fe       0x20 d:/program files/st/stm32cubeide_1.11.2/stm32cubeide/plugins/com.st.stm32cube.ide.mcu.externaltools.gnu-tools-for-stm32.10.3-2021.10.win32_1.0.200.202301161003/tools/bin/../lib/gcc/arm-none-eabi/10.3.1/../../../../arm-none-eabi/lib/thumb/v7e-m+fp/hard\librdimon_nano.a(rdimon-syscalls.o)
                0x00000000080092fe                _swiwrite
 .text._write   0x000000000800931e       0x48 d:/program files/st/stm32cubeide_1.11.2/stm32cubeide/plugins/com.st.stm32cube.ide.mcu.externaltools.gnu-tools-for-stm32.10.3-2021.10.win32_1.0.200.202301161003/tools/bin/../lib/gcc/arm-none-eabi/10.3.1/../../../../arm-none-eabi/lib/thumb/v7e-m+fp/hard\librdimon_nano.a(rdimon-syscalls.o)
                0x000000000800931e                _write
 .text._swiclose
                0x0000000008009366       0x1a d:/program files/st/stm32cubeide_1.11.2/stm32cubeide/plugins/com.st.stm32cube.ide.mcu.externaltools.gnu-tools-for-stm32.10.3-2021.10.win32_1.0.200.202301161003/tools/bin/../lib/gcc/arm-none-eabi/10.3.1/../../../../arm-none-eabi/lib/thumb/v7e-m+fp/hard\librdimon_nano.a(rdimon-syscalls.o)
                0x0000000008009366                _swiclose
 .text._close   0x0000000008009380       0x4c d:/program files/st/stm32cubeide_1.11.2/stm32cubeide/plugins/com.st.stm32cube.ide.mcu.externaltools.gnu-tools-for-stm32.10.3-2021.10.win32_1.0.200.202301161003/tools/bin/../lib/gcc/arm-none-eabi/10.3.1/../../../../arm-none-eabi/lib/thumb/v7e-m+fp/hard\librdimon_nano.a(rdimon-syscalls.o)
                0x0000000008009380                _close
 .text._getpid  0x00000000080093cc        0x4 d:/program files/st/stm32cubeide_1.11.2/stm32cubeide/plugins/com.st.stm32cube.ide.mcu.externaltools.gnu-tools-for-stm32.10.3-2021.10.win32_1.0.200.202301161003/tools/bin/../lib/gcc/arm-none-eabi/10.3.1/../../../../arm-none-eabi/lib/thumb/v7e-m+fp/hard\librdimon_nano.a(rdimon-syscalls.o)
                0x00000000080093cc                _getpid
 .text._swistat
                0x00000000080093d0       0x42 d:/program files/st/stm32cubeide_1.11.2/stm32cubeide/plugins/com.st.stm32cube.ide.mcu.externaltools.gnu-tools-for-stm32.10.3-2021.10.win32_1.0.200.202301161003/tools/bin/../lib/gcc/arm-none-eabi/10.3.1/../../../../arm-none-eabi/lib/thumb/v7e-m+fp/hard\librdimon_nano.a(rdimon-syscalls.o)
                0x00000000080093d0                _swistat
 .text._fstat   0x0000000008009412       0x1c d:/program files/st/stm32cubeide_1.11.2/stm32cubeide/plugins/com.st.stm32cube.ide.mcu.externaltools.gnu-tools-for-stm32.10.3-2021.10.win32_1.0.200.202301161003/tools/bin/../lib/gcc/arm-none-eabi/10.3.1/../../../../arm-none-eabi/lib/thumb/v7e-m+fp/hard\librdimon_nano.a(rdimon-syscalls.o)
                0x0000000008009412                _fstat
 .text._isatty  0x000000000800942e       0x38 d:/program files/st/stm32cubeide_1.11.2/stm32cubeide/plugins/com.st.stm32cube.ide.mcu.externaltools.gnu-tools-for-stm32.10.3-2021.10.win32_1.0.200.202301161003/tools/bin/../lib/gcc/arm-none-eabi/10.3.1/../../../../arm-none-eabi/lib/thumb/v7e-m+fp/hard\librdimon_nano.a(rdimon-syscalls.o)
                0x000000000800942e                _isatty
 *fill*         0x0000000008009466        0x2 
 .text.ai_buffer_get_size
                0x0000000008009468       0x68 ../Middlewares/ST/AI/Lib\NetworkRuntime800_CM4_GCC.a(ai_platform.o)
                0x0000000008009468                ai_buffer_get_size
 .text.ai_buffer_array_sane
                0x00000000080094d0       0x14 ../Middlewares/ST/AI/Lib\NetworkRuntime800_CM4_GCC.a(ai_platform.o)
                0x00000000080094d0                ai_buffer_array_sane
 .text.ai_buffer_array_item_set_address
                0x00000000080094e4       0x20 ../Middlewares/ST/AI/Lib\NetworkRuntime800_CM4_GCC.a(ai_platform.o)
                0x00000000080094e4                ai_buffer_array_item_set_address
 .text._ai_platform_acquire_crc
                0x0000000008009504        0x4 ../Middlewares/ST/AI/Lib\NetworkRuntime800_CM4_GCC.a(ai_platform_interface.o)
                0x0000000008009504                _ai_platform_acquire_crc
 .text._ai_platform_release_crc
                0x0000000008009508        0x4 ../Middlewares/ST/AI/Lib\NetworkRuntime800_CM4_GCC.a(ai_platform_interface.o)
                0x0000000008009508                _ai_platform_release_crc
 .text.ai_platform_get_weights_map
                0x000000000800950c       0xa8 ../Middlewares/ST/AI/Lib\NetworkRuntime800_CM4_GCC.a(ai_platform_interface.o)
                0x000000000800950c                ai_platform_get_weights_map
 .text.ai_platform_get_activations_map
                0x00000000080095b4       0xa8 ../Middlewares/ST/AI/Lib\NetworkRuntime800_CM4_GCC.a(ai_platform_interface.o)
                0x00000000080095b4                ai_platform_get_activations_map
 .text.ai_platform_bind_network_params
                0x000000000800965c       0x44 ../Middlewares/ST/AI/Lib\NetworkRuntime800_CM4_GCC.a(ai_platform_interface.o)
                0x000000000800965c                ai_platform_bind_network_params
 .text.ai_platform_network_get_error
                0x00000000080096a0       0xdc ../Middlewares/ST/AI/Lib\NetworkRuntime800_CM4_GCC.a(ai_platform_interface.o)
                0x00000000080096a0                ai_platform_network_get_error
 .text.ai_platform_network_set_error
                0x000000000800977c        0xc ../Middlewares/ST/AI/Lib\NetworkRuntime800_CM4_GCC.a(ai_platform_interface.o)
                0x000000000800977c                ai_platform_network_set_error
 .text.ai_platform_inputs_get
                0x0000000008009788      0x1ac ../Middlewares/ST/AI/Lib\NetworkRuntime800_CM4_GCC.a(ai_platform_interface.o)
                0x0000000008009788                ai_platform_inputs_get
 .text.ai_platform_outputs_get
                0x0000000008009934      0x1a0 ../Middlewares/ST/AI/Lib\NetworkRuntime800_CM4_GCC.a(ai_platform_interface.o)
                0x0000000008009934                ai_platform_outputs_get
 .text.ai_platform_network_create
                0x0000000008009ad4      0x1ac ../Middlewares/ST/AI/Lib\NetworkRuntime800_CM4_GCC.a(ai_platform_interface.o)
                0x0000000008009ad4                ai_platform_network_create
 .text.ai_platform_network_init
                0x0000000008009c80      0x1dc ../Middlewares/ST/AI/Lib\NetworkRuntime800_CM4_GCC.a(ai_platform_interface.o)
                0x0000000008009c80                ai_platform_network_init
 .text.ai_platform_network_post_init
                0x0000000008009e5c      0x110 ../Middlewares/ST/AI/Lib\NetworkRuntime800_CM4_GCC.a(ai_platform_interface.o)
                0x0000000008009e5c                ai_platform_network_post_init
 .text.ai_platform_network_process
                0x0000000008009f6c      0x50c ../Middlewares/ST/AI/Lib\NetworkRuntime800_CM4_GCC.a(ai_platform_interface.o)
                0x0000000008009f6c                ai_platform_network_process
 .text.core_init
                0x000000000800a478        0x4 ../Middlewares/ST/AI/Lib\NetworkRuntime800_CM4_GCC.a(core_common.o)
                0x000000000800a478                core_init
 .text.core_get_error
                0x000000000800a47c        0xc ../Middlewares/ST/AI/Lib\NetworkRuntime800_CM4_GCC.a(core_common.o)
                0x000000000800a47c                core_get_error
 .text.core_set_error
                0x000000000800a488       0x18 ../Middlewares/ST/AI/Lib\NetworkRuntime800_CM4_GCC.a(core_common.o)
                0x000000000800a488                core_set_error
 .text.func_dummy
                0x000000000800a4a0        0x4 ../Middlewares/ST/AI/Lib\NetworkRuntime800_CM4_GCC.a(layers_conv2d_generic_float.o)
 .text.ai_conv2d_stripe_f32.constprop.0
                0x000000000800a4a4      0xa70 ../Middlewares/ST/AI/Lib\NetworkRuntime800_CM4_GCC.a(layers_conv2d_generic_float.o)
 .text.ai_dict_decompress_f32
                0x000000000800af14       0xa0 ../Middlewares/ST/AI/Lib\NetworkRuntime800_CM4_GCC.a(layers_conv2d_generic_float.o)
                0x000000000800af14                ai_dict_decompress_f32
 .text.forward_conv2d
                0x000000000800afb4      0x2d8 ../Middlewares/ST/AI/Lib\NetworkRuntime800_CM4_GCC.a(layers_conv2d_generic_float.o)
                0x000000000800afb4                forward_conv2d
 .text.forward_dense
                0x000000000800b28c      0x54c ../Middlewares/ST/AI/Lib\NetworkRuntime800_CM4_GCC.a(layers_conv2d_generic_float.o)
                0x000000000800b28c                forward_dense
 .text.nl_func_relu_array_f32
                0x000000000800b7d8       0x4c ../Middlewares/ST/AI/Lib\NetworkRuntime800_CM4_GCC.a(layers_nl_generic_float.o)
                0x000000000800b7d8                nl_func_relu_array_f32
 .text.forward_relu
                0x000000000800b824      0x268 ../Middlewares/ST/AI/Lib\NetworkRuntime800_CM4_GCC.a(layers_nl_generic_float.o)
                0x000000000800b824                forward_relu
 .text.forward_sm
                0x000000000800ba8c      0x11c ../Middlewares/ST/AI/Lib\NetworkRuntime800_CM4_GCC.a(layers_nl_generic_float.o)
                0x000000000800ba8c                forward_sm
 .text.ai_check_custom_types
                0x000000000800bba8       0x54 ../Middlewares/ST/AI/Lib\NetworkRuntime800_CM4_GCC.a(layers.o)
                0x000000000800bba8                ai_check_custom_types
 .text.ai_layers_init_all
                0x000000000800bbfc       0x1c ../Middlewares/ST/AI/Lib\NetworkRuntime800_CM4_GCC.a(layers.o)
                0x000000000800bbfc                ai_layers_init_all
 .text.ai_layers_post_init_all
                0x000000000800bc18       0x28 ../Middlewares/ST/AI/Lib\NetworkRuntime800_CM4_GCC.a(layers.o)
                0x000000000800bc18                ai_layers_post_init_all
 .text.ai_layers_forward_all
                0x000000000800bc40       0x94 ../Middlewares/ST/AI/Lib\NetworkRuntime800_CM4_GCC.a(layers.o)
                0x000000000800bc40                ai_layers_forward_all
 .text.lite_dense_if32of32wf32
                0x000000000800bcd4      0x248 ../Middlewares/ST/AI/Lib\NetworkRuntime800_CM4_GCC.a(lite_dense_if32.o)
                0x000000000800bcd4                lite_dense_if32of32wf32
 .text.ai_version_get
                0x000000000800bf1c        0xc ../Middlewares/ST/AI/Lib\NetworkRuntime800_CM4_GCC.a(ai_datatypes_internal.o)
                0x000000000800bf1c                ai_version_get
 .text.get_tensor_byte_size
                0x000000000800bf28       0x30 ../Middlewares/ST/AI/Lib\NetworkRuntime800_CM4_GCC.a(ai_datatypes_internal.o)
                0x000000000800bf28                get_tensor_byte_size
 .text.ai_array_to_buffer_fmt
                0x000000000800bf58       0xd8 ../Middlewares/ST/AI/Lib\NetworkRuntime800_CM4_GCC.a(ai_datatypes_format.o)
                0x000000000800bf58                ai_array_to_buffer_fmt
 .text.ai_array_get_byte_size
                0x000000000800c030       0x50 ../Middlewares/ST/AI/Lib\NetworkRuntime800_CM4_GCC.a(ai_datatypes_format.o)
                0x000000000800c030                ai_array_get_byte_size
 .text.ai_array_get_data_byte_size
                0x000000000800c080       0x24 ../Middlewares/ST/AI/Lib\NetworkRuntime800_CM4_GCC.a(ai_datatypes_format.o)
                0x000000000800c080                ai_array_get_data_byte_size
 .text.__errno  0x000000000800c0a4        0xc d:/program files/st/stm32cubeide_1.11.2/stm32cubeide/plugins/com.st.stm32cube.ide.mcu.externaltools.gnu-tools-for-stm32.10.3-2021.10.win32_1.0.200.202301161003/tools/bin/../lib/gcc/arm-none-eabi/10.3.1/../../../../arm-none-eabi/lib/thumb/v7e-m+fp/hard\libc_nano.a(lib_a-errno.o)
                0x000000000800c0a4                __errno
 .text.std      0x000000000800c0b0       0x48 d:/program files/st/stm32cubeide_1.11.2/stm32cubeide/plugins/com.st.stm32cube.ide.mcu.externaltools.gnu-tools-for-stm32.10.3-2021.10.win32_1.0.200.202301161003/tools/bin/../lib/gcc/arm-none-eabi/10.3.1/../../../../arm-none-eabi/lib/thumb/v7e-m+fp/hard\libc_nano.a(lib_a-findfp.o)
 .text._cleanup_r
                0x000000000800c0f8        0xc d:/program files/st/stm32cubeide_1.11.2/stm32cubeide/plugins/com.st.stm32cube.ide.mcu.externaltools.gnu-tools-for-stm32.10.3-2021.10.win32_1.0.200.202301161003/tools/bin/../lib/gcc/arm-none-eabi/10.3.1/../../../../arm-none-eabi/lib/thumb/v7e-m+fp/hard\libc_nano.a(lib_a-findfp.o)
                0x000000000800c0f8                _cleanup_r
 .text.__sfmoreglue
                0x000000000800c104       0x2c d:/program files/st/stm32cubeide_1.11.2/stm32cubeide/plugins/com.st.stm32cube.ide.mcu.externaltools.gnu-tools-for-stm32.10.3-2021.10.win32_1.0.200.202301161003/tools/bin/../lib/gcc/arm-none-eabi/10.3.1/../../../../arm-none-eabi/lib/thumb/v7e-m+fp/hard\libc_nano.a(lib_a-findfp.o)
                0x000000000800c104                __sfmoreglue
 .text.__sfp_lock_acquire
                0x000000000800c130        0xc d:/program files/st/stm32cubeide_1.11.2/stm32cubeide/plugins/com.st.stm32cube.ide.mcu.externaltools.gnu-tools-for-stm32.10.3-2021.10.win32_1.0.200.202301161003/tools/bin/../lib/gcc/arm-none-eabi/10.3.1/../../../../arm-none-eabi/lib/thumb/v7e-m+fp/hard\libc_nano.a(lib_a-findfp.o)
                0x000000000800c130                __sfp_lock_acquire
 .text.__sfp_lock_release
                0x000000000800c13c        0xc d:/program files/st/stm32cubeide_1.11.2/stm32cubeide/plugins/com.st.stm32cube.ide.mcu.externaltools.gnu-tools-for-stm32.10.3-2021.10.win32_1.0.200.202301161003/tools/bin/../lib/gcc/arm-none-eabi/10.3.1/../../../../arm-none-eabi/lib/thumb/v7e-m+fp/hard\libc_nano.a(lib_a-findfp.o)
                0x000000000800c13c                __sfp_lock_release
 .text.__sinit_lock_acquire
                0x000000000800c148        0xc d:/program files/st/stm32cubeide_1.11.2/stm32cubeide/plugins/com.st.stm32cube.ide.mcu.externaltools.gnu-tools-for-stm32.10.3-2021.10.win32_1.0.200.202301161003/tools/bin/../lib/gcc/arm-none-eabi/10.3.1/../../../../arm-none-eabi/lib/thumb/v7e-m+fp/hard\libc_nano.a(lib_a-findfp.o)
                0x000000000800c148                __sinit_lock_acquire
 .text.__sinit_lock_release
                0x000000000800c154        0xc d:/program files/st/stm32cubeide_1.11.2/stm32cubeide/plugins/com.st.stm32cube.ide.mcu.externaltools.gnu-tools-for-stm32.10.3-2021.10.win32_1.0.200.202301161003/tools/bin/../lib/gcc/arm-none-eabi/10.3.1/../../../../arm-none-eabi/lib/thumb/v7e-m+fp/hard\libc_nano.a(lib_a-findfp.o)
                0x000000000800c154                __sinit_lock_release
 .text.__sinit  0x000000000800c160       0x70 d:/program files/st/stm32cubeide_1.11.2/stm32cubeide/plugins/com.st.stm32cube.ide.mcu.externaltools.gnu-tools-for-stm32.10.3-2021.10.win32_1.0.200.202301161003/tools/bin/../lib/gcc/arm-none-eabi/10.3.1/../../../../arm-none-eabi/lib/thumb/v7e-m+fp/hard\libc_nano.a(lib_a-findfp.o)
                0x000000000800c160                __sinit
 .text.__sfp    0x000000000800c1d0       0x8c d:/program files/st/stm32cubeide_1.11.2/stm32cubeide/plugins/com.st.stm32cube.ide.mcu.externaltools.gnu-tools-for-stm32.10.3-2021.10.win32_1.0.200.202301161003/tools/bin/../lib/gcc/arm-none-eabi/10.3.1/../../../../arm-none-eabi/lib/thumb/v7e-m+fp/hard\libc_nano.a(lib_a-findfp.o)
                0x000000000800c1d0                __sfp
 .text._fwalk_reent
                0x000000000800c25c       0x3e d:/program files/st/stm32cubeide_1.11.2/stm32cubeide/plugins/com.st.stm32cube.ide.mcu.externaltools.gnu-tools-for-stm32.10.3-2021.10.win32_1.0.200.202301161003/tools/bin/../lib/gcc/arm-none-eabi/10.3.1/../../../../arm-none-eabi/lib/thumb/v7e-m+fp/hard\libc_nano.a(lib_a-fwalk.o)
                0x000000000800c25c                _fwalk_reent
 *fill*         0x000000000800c29a        0x2 
 .text.__libc_init_array
                0x000000000800c29c       0x48 d:/program files/st/stm32cubeide_1.11.2/stm32cubeide/plugins/com.st.stm32cube.ide.mcu.externaltools.gnu-tools-for-stm32.10.3-2021.10.win32_1.0.200.202301161003/tools/bin/../lib/gcc/arm-none-eabi/10.3.1/../../../../arm-none-eabi/lib/thumb/v7e-m+fp/hard\libc_nano.a(lib_a-init.o)
                0x000000000800c29c                __libc_init_array
 .text.__retarget_lock_init_recursive
                0x000000000800c2e4        0x2 d:/program files/st/stm32cubeide_1.11.2/stm32cubeide/plugins/com.st.stm32cube.ide.mcu.externaltools.gnu-tools-for-stm32.10.3-2021.10.win32_1.0.200.202301161003/tools/bin/../lib/gcc/arm-none-eabi/10.3.1/../../../../arm-none-eabi/lib/thumb/v7e-m+fp/hard\libc_nano.a(lib_a-lock.o)
                0x000000000800c2e4                __retarget_lock_init_recursive
 .text.__retarget_lock_acquire_recursive
                0x000000000800c2e6        0x2 d:/program files/st/stm32cubeide_1.11.2/stm32cubeide/plugins/com.st.stm32cube.ide.mcu.externaltools.gnu-tools-for-stm32.10.3-2021.10.win32_1.0.200.202301161003/tools/bin/../lib/gcc/arm-none-eabi/10.3.1/../../../../arm-none-eabi/lib/thumb/v7e-m+fp/hard\libc_nano.a(lib_a-lock.o)
                0x000000000800c2e6                __retarget_lock_acquire_recursive
 .text.__retarget_lock_release_recursive
                0x000000000800c2e8        0x2 d:/program files/st/stm32cubeide_1.11.2/stm32cubeide/plugins/com.st.stm32cube.ide.mcu.externaltools.gnu-tools-for-stm32.10.3-2021.10.win32_1.0.200.202301161003/tools/bin/../lib/gcc/arm-none-eabi/10.3.1/../../../../arm-none-eabi/lib/thumb/v7e-m+fp/hard\libc_nano.a(lib_a-lock.o)
                0x000000000800c2e8                __retarget_lock_release_recursive
 *fill*         0x000000000800c2ea        0x2 
 .text.malloc   0x000000000800c2ec       0x10 d:/program files/st/stm32cubeide_1.11.2/stm32cubeide/plugins/com.st.stm32cube.ide.mcu.externaltools.gnu-tools-for-stm32.10.3-2021.10.win32_1.0.200.202301161003/tools/bin/../lib/gcc/arm-none-eabi/10.3.1/../../../../arm-none-eabi/lib/thumb/v7e-m+fp/hard\libc_nano.a(lib_a-malloc.o)
                0x000000000800c2ec                malloc
 .text.memcpy   0x000000000800c2fc       0x1c d:/program files/st/stm32cubeide_1.11.2/stm32cubeide/plugins/com.st.stm32cube.ide.mcu.externaltools.gnu-tools-for-stm32.10.3-2021.10.win32_1.0.200.202301161003/tools/bin/../lib/gcc/arm-none-eabi/10.3.1/../../../../arm-none-eabi/lib/thumb/v7e-m+fp/hard\libc_nano.a(lib_a-memcpy-stub.o)
                0x000000000800c2fc                memcpy
 .text.memset   0x000000000800c318       0x10 d:/program files/st/stm32cubeide_1.11.2/stm32cubeide/plugins/com.st.stm32cube.ide.mcu.externaltools.gnu-tools-for-stm32.10.3-2021.10.win32_1.0.200.202301161003/tools/bin/../lib/gcc/arm-none-eabi/10.3.1/../../../../arm-none-eabi/lib/thumb/v7e-m+fp/hard\libc_nano.a(lib_a-memset.o)
                0x000000000800c318                memset
 .text._free_r  0x000000000800c328       0x98 d:/program files/st/stm32cubeide_1.11.2/stm32cubeide/plugins/com.st.stm32cube.ide.mcu.externaltools.gnu-tools-for-stm32.10.3-2021.10.win32_1.0.200.202301161003/tools/bin/../lib/gcc/arm-none-eabi/10.3.1/../../../../arm-none-eabi/lib/thumb/v7e-m+fp/hard\libc_nano.a(lib_a-nano-freer.o)
                0x000000000800c328                _free_r
 .text.sbrk_aligned
                0x000000000800c3c0       0x40 d:/program files/st/stm32cubeide_1.11.2/stm32cubeide/plugins/com.st.stm32cube.ide.mcu.externaltools.gnu-tools-for-stm32.10.3-2021.10.win32_1.0.200.202301161003/tools/bin/../lib/gcc/arm-none-eabi/10.3.1/../../../../arm-none-eabi/lib/thumb/v7e-m+fp/hard\libc_nano.a(lib_a-nano-mallocr.o)
 .text._malloc_r
                0x000000000800c400       0xe8 d:/program files/st/stm32cubeide_1.11.2/stm32cubeide/plugins/com.st.stm32cube.ide.mcu.externaltools.gnu-tools-for-stm32.10.3-2021.10.win32_1.0.200.202301161003/tools/bin/../lib/gcc/arm-none-eabi/10.3.1/../../../../arm-none-eabi/lib/thumb/v7e-m+fp/hard\libc_nano.a(lib_a-nano-mallocr.o)
                0x000000000800c400                _malloc_r
 .text.__cvt    0x000000000800c4e8       0xc4 d:/program files/st/stm32cubeide_1.11.2/stm32cubeide/plugins/com.st.stm32cube.ide.mcu.externaltools.gnu-tools-for-stm32.10.3-2021.10.win32_1.0.200.202301161003/tools/bin/../lib/gcc/arm-none-eabi/10.3.1/../../../../arm-none-eabi/lib/thumb/v7e-m+fp/hard\libc_nano.a(lib_a-nano-vfprintf_float.o)
                0x000000000800c4e8                __cvt
 .text.__exponent
                0x000000000800c5ac       0x7c d:/program files/st/stm32cubeide_1.11.2/stm32cubeide/plugins/com.st.stm32cube.ide.mcu.externaltools.gnu-tools-for-stm32.10.3-2021.10.win32_1.0.200.202301161003/tools/bin/../lib/gcc/arm-none-eabi/10.3.1/../../../../arm-none-eabi/lib/thumb/v7e-m+fp/hard\libc_nano.a(lib_a-nano-vfprintf_float.o)
                0x000000000800c5ac                __exponent
 .text._printf_float
                0x000000000800c628      0x46c d:/program files/st/stm32cubeide_1.11.2/stm32cubeide/plugins/com.st.stm32cube.ide.mcu.externaltools.gnu-tools-for-stm32.10.3-2021.10.win32_1.0.200.202301161003/tools/bin/../lib/gcc/arm-none-eabi/10.3.1/../../../../arm-none-eabi/lib/thumb/v7e-m+fp/hard\libc_nano.a(lib_a-nano-vfprintf_float.o)
                0x000000000800c628                _printf_float
 .text._printf_common
                0x000000000800ca94       0xda d:/program files/st/stm32cubeide_1.11.2/stm32cubeide/plugins/com.st.stm32cube.ide.mcu.externaltools.gnu-tools-for-stm32.10.3-2021.10.win32_1.0.200.202301161003/tools/bin/../lib/gcc/arm-none-eabi/10.3.1/../../../../arm-none-eabi/lib/thumb/v7e-m+fp/hard\libc_nano.a(lib_a-nano-vfprintf_i.o)
                0x000000000800ca94                _printf_common
 *fill*         0x000000000800cb6e        0x2 
 .text._printf_i
                0x000000000800cb70      0x24c d:/program files/st/stm32cubeide_1.11.2/stm32cubeide/plugins/com.st.stm32cube.ide.mcu.externaltools.gnu-tools-for-stm32.10.3-2021.10.win32_1.0.200.202301161003/tools/bin/../lib/gcc/arm-none-eabi/10.3.1/../../../../arm-none-eabi/lib/thumb/v7e-m+fp/hard\libc_nano.a(lib_a-nano-vfprintf_i.o)
                0x000000000800cb70                _printf_i
 .text._sbrk_r  0x000000000800cdbc       0x20 d:/program files/st/stm32cubeide_1.11.2/stm32cubeide/plugins/com.st.stm32cube.ide.mcu.externaltools.gnu-tools-for-stm32.10.3-2021.10.win32_1.0.200.202301161003/tools/bin/../lib/gcc/arm-none-eabi/10.3.1/../../../../arm-none-eabi/lib/thumb/v7e-m+fp/hard\libc_nano.a(lib_a-sbrkr.o)
                0x000000000800cdbc                _sbrk_r
 .text.snprintf
                0x000000000800cddc       0x68 d:/program files/st/stm32cubeide_1.11.2/stm32cubeide/plugins/com.st.stm32cube.ide.mcu.externaltools.gnu-tools-for-stm32.10.3-2021.10.win32_1.0.200.202301161003/tools/bin/../lib/gcc/arm-none-eabi/10.3.1/../../../../arm-none-eabi/lib/thumb/v7e-m+fp/hard\libc_nano.a(lib_a-snprintf.o)
                0x000000000800cddc                sniprintf
                0x000000000800cddc                snprintf
 .text.sprintf  0x000000000800ce44       0x40 d:/program files/st/stm32cubeide_1.11.2/stm32cubeide/plugins/com.st.stm32cube.ide.mcu.externaltools.gnu-tools-for-stm32.10.3-2021.10.win32_1.0.200.202301161003/tools/bin/../lib/gcc/arm-none-eabi/10.3.1/../../../../arm-none-eabi/lib/thumb/v7e-m+fp/hard\libc_nano.a(lib_a-sprintf.o)
                0x000000000800ce44                siprintf
                0x000000000800ce44                sprintf
 .text.__sread  0x000000000800ce84       0x22 d:/program files/st/stm32cubeide_1.11.2/stm32cubeide/plugins/com.st.stm32cube.ide.mcu.externaltools.gnu-tools-for-stm32.10.3-2021.10.win32_1.0.200.202301161003/tools/bin/../lib/gcc/arm-none-eabi/10.3.1/../../../../arm-none-eabi/lib/thumb/v7e-m+fp/hard\libc_nano.a(lib_a-stdio.o)
                0x000000000800ce84                __sread
 .text.__swrite
                0x000000000800cea6       0x38 d:/program files/st/stm32cubeide_1.11.2/stm32cubeide/plugins/com.st.stm32cube.ide.mcu.externaltools.gnu-tools-for-stm32.10.3-2021.10.win32_1.0.200.202301161003/tools/bin/../lib/gcc/arm-none-eabi/10.3.1/../../../../arm-none-eabi/lib/thumb/v7e-m+fp/hard\libc_nano.a(lib_a-stdio.o)
                0x000000000800cea6                __swrite
 .text.__sseek  0x000000000800cede       0x24 d:/program files/st/stm32cubeide_1.11.2/stm32cubeide/plugins/com.st.stm32cube.ide.mcu.externaltools.gnu-tools-for-stm32.10.3-2021.10.win32_1.0.200.202301161003/tools/bin/../lib/gcc/arm-none-eabi/10.3.1/../../../../arm-none-eabi/lib/thumb/v7e-m+fp/hard\libc_nano.a(lib_a-stdio.o)
                0x000000000800cede                __sseek
 .text.__sclose
                0x000000000800cf02        0x8 d:/program files/st/stm32cubeide_1.11.2/stm32cubeide/plugins/com.st.stm32cube.ide.mcu.externaltools.gnu-tools-for-stm32.10.3-2021.10.win32_1.0.200.202301161003/tools/bin/../lib/gcc/arm-none-eabi/10.3.1/../../../../arm-none-eabi/lib/thumb/v7e-m+fp/hard\libc_nano.a(lib_a-stdio.o)
                0x000000000800cf02                __sclose
 .text.strcat   0x000000000800cf0a       0x1e d:/program files/st/stm32cubeide_1.11.2/stm32cubeide/plugins/com.st.stm32cube.ide.mcu.externaltools.gnu-tools-for-stm32.10.3-2021.10.win32_1.0.200.202301161003/tools/bin/../lib/gcc/arm-none-eabi/10.3.1/../../../../arm-none-eabi/lib/thumb/v7e-m+fp/hard\libc_nano.a(lib_a-strcat.o)
                0x000000000800cf0a                strcat
 .text.strchr   0x000000000800cf28       0x1a d:/program files/st/stm32cubeide_1.11.2/stm32cubeide/plugins/com.st.stm32cube.ide.mcu.externaltools.gnu-tools-for-stm32.10.3-2021.10.win32_1.0.200.202301161003/tools/bin/../lib/gcc/arm-none-eabi/10.3.1/../../../../arm-none-eabi/lib/thumb/v7e-m+fp/hard\libc_nano.a(lib_a-strchr.o)
                0x000000000800cf28                strchr
 .text.strcpy   0x000000000800cf42       0x10 d:/program files/st/stm32cubeide_1.11.2/stm32cubeide/plugins/com.st.stm32cube.ide.mcu.externaltools.gnu-tools-for-stm32.10.3-2021.10.win32_1.0.200.202301161003/tools/bin/../lib/gcc/arm-none-eabi/10.3.1/../../../../arm-none-eabi/lib/thumb/v7e-m+fp/hard\libc_nano.a(lib_a-strcpy.o)
                0x000000000800cf42                strcpy
 .text.strstr   0x000000000800cf52       0x2c d:/program files/st/stm32cubeide_1.11.2/stm32cubeide/plugins/com.st.stm32cube.ide.mcu.externaltools.gnu-tools-for-stm32.10.3-2021.10.win32_1.0.200.202301161003/tools/bin/../lib/gcc/arm-none-eabi/10.3.1/../../../../arm-none-eabi/lib/thumb/v7e-m+fp/hard\libc_nano.a(lib_a-strstr.o)
                0x000000000800cf52                strstr
 *fill*         0x000000000800cf7e        0x2 
 .text.__swbuf_r
                0x000000000800cf80       0xa4 d:/program files/st/stm32cubeide_1.11.2/stm32cubeide/plugins/com.st.stm32cube.ide.mcu.externaltools.gnu-tools-for-stm32.10.3-2021.10.win32_1.0.200.202301161003/tools/bin/../lib/gcc/arm-none-eabi/10.3.1/../../../../arm-none-eabi/lib/thumb/v7e-m+fp/hard\libc_nano.a(lib_a-wbuf.o)
                0x000000000800cf80                __swbuf_r
 .text._write_r
                0x000000000800d024       0x24 d:/program files/st/stm32cubeide_1.11.2/stm32cubeide/plugins/com.st.stm32cube.ide.mcu.externaltools.gnu-tools-for-stm32.10.3-2021.10.win32_1.0.200.202301161003/tools/bin/../lib/gcc/arm-none-eabi/10.3.1/../../../../arm-none-eabi/lib/thumb/v7e-m+fp/hard\libc_nano.a(lib_a-writer.o)
                0x000000000800d024                _write_r
 .text.__swsetup_r
                0x000000000800d048       0xdc d:/program files/st/stm32cubeide_1.11.2/stm32cubeide/plugins/com.st.stm32cube.ide.mcu.externaltools.gnu-tools-for-stm32.10.3-2021.10.win32_1.0.200.202301161003/tools/bin/../lib/gcc/arm-none-eabi/10.3.1/../../../../arm-none-eabi/lib/thumb/v7e-m+fp/hard\libc_nano.a(lib_a-wsetup.o)
                0x000000000800d048                __swsetup_r
 .text.__assert_func
                0x000000000800d124       0x3c d:/program files/st/stm32cubeide_1.11.2/stm32cubeide/plugins/com.st.stm32cube.ide.mcu.externaltools.gnu-tools-for-stm32.10.3-2021.10.win32_1.0.200.202301161003/tools/bin/../lib/gcc/arm-none-eabi/10.3.1/../../../../arm-none-eabi/lib/thumb/v7e-m+fp/hard\libc_nano.a(lib_a-assert.o)
                0x000000000800d124                __assert_func
 .text._close_r
                0x000000000800d160       0x20 d:/program files/st/stm32cubeide_1.11.2/stm32cubeide/plugins/com.st.stm32cube.ide.mcu.externaltools.gnu-tools-for-stm32.10.3-2021.10.win32_1.0.200.202301161003/tools/bin/../lib/gcc/arm-none-eabi/10.3.1/../../../../arm-none-eabi/lib/thumb/v7e-m+fp/hard\libc_nano.a(lib_a-closer.o)
                0x000000000800d160                _close_r
 .text.quorem   0x000000000800d180      0x116 d:/program files/st/stm32cubeide_1.11.2/stm32cubeide/plugins/com.st.stm32cube.ide.mcu.externaltools.gnu-tools-for-stm32.10.3-2021.10.win32_1.0.200.202301161003/tools/bin/../lib/gcc/arm-none-eabi/10.3.1/../../../../arm-none-eabi/lib/thumb/v7e-m+fp/hard\libc_nano.a(lib_a-dtoa.o)
 *fill*         0x000000000800d296        0x2 
 .text._dtoa_r  0x000000000800d298      0xbdc d:/program files/st/stm32cubeide_1.11.2/stm32cubeide/plugins/com.st.stm32cube.ide.mcu.externaltools.gnu-tools-for-stm32.10.3-2021.10.win32_1.0.200.202301161003/tools/bin/../lib/gcc/arm-none-eabi/10.3.1/../../../../arm-none-eabi/lib/thumb/v7e-m+fp/hard\libc_nano.a(lib_a-dtoa.o)
                0x000000000800d298                _dtoa_r
 .text.__sflush_r
                0x000000000800de74      0x10c d:/program files/st/stm32cubeide_1.11.2/stm32cubeide/plugins/com.st.stm32cube.ide.mcu.externaltools.gnu-tools-for-stm32.10.3-2021.10.win32_1.0.200.202301161003/tools/bin/../lib/gcc/arm-none-eabi/10.3.1/../../../../arm-none-eabi/lib/thumb/v7e-m+fp/hard\libc_nano.a(lib_a-fflush.o)
                0x000000000800de74                __sflush_r
 .text._fflush_r
                0x000000000800df80       0x78 d:/program files/st/stm32cubeide_1.11.2/stm32cubeide/plugins/com.st.stm32cube.ide.mcu.externaltools.gnu-tools-for-stm32.10.3-2021.10.win32_1.0.200.202301161003/tools/bin/../lib/gcc/arm-none-eabi/10.3.1/../../../../arm-none-eabi/lib/thumb/v7e-m+fp/hard\libc_nano.a(lib_a-fflush.o)
                0x000000000800df80                _fflush_r
 .text.fprintf  0x000000000800dff8       0x24 d:/program files/st/stm32cubeide_1.11.2/stm32cubeide/plugins/com.st.stm32cube.ide.mcu.externaltools.gnu-tools-for-stm32.10.3-2021.10.win32_1.0.200.202301161003/tools/bin/../lib/gcc/arm-none-eabi/10.3.1/../../../../arm-none-eabi/lib/thumb/v7e-m+fp/hard\libc_nano.a(lib_a-fprintf.o)
                0x000000000800dff8                fiprintf
                0x000000000800dff8                fprintf
 .text._localeconv_r
                0x000000000800e01c        0x8 d:/program files/st/stm32cubeide_1.11.2/stm32cubeide/plugins/com.st.stm32cube.ide.mcu.externaltools.gnu-tools-for-stm32.10.3-2021.10.win32_1.0.200.202301161003/tools/bin/../lib/gcc/arm-none-eabi/10.3.1/../../../../arm-none-eabi/lib/thumb/v7e-m+fp/hard\libc_nano.a(lib_a-localeconv.o)
                0x000000000800e01c                _localeconv_r
 .text._lseek_r
                0x000000000800e024       0x24 d:/program files/st/stm32cubeide_1.11.2/stm32cubeide/plugins/com.st.stm32cube.ide.mcu.externaltools.gnu-tools-for-stm32.10.3-2021.10.win32_1.0.200.202301161003/tools/bin/../lib/gcc/arm-none-eabi/10.3.1/../../../../arm-none-eabi/lib/thumb/v7e-m+fp/hard\libc_nano.a(lib_a-lseekr.o)
                0x000000000800e024                _lseek_r
 .text.__swhatbuf_r
                0x000000000800e048       0x4a d:/program files/st/stm32cubeide_1.11.2/stm32cubeide/plugins/com.st.stm32cube.ide.mcu.externaltools.gnu-tools-for-stm32.10.3-2021.10.win32_1.0.200.202301161003/tools/bin/../lib/gcc/arm-none-eabi/10.3.1/../../../../arm-none-eabi/lib/thumb/v7e-m+fp/hard\libc_nano.a(lib_a-makebuf.o)
                0x000000000800e048                __swhatbuf_r
 *fill*         0x000000000800e092        0x2 
 .text.__smakebuf_r
                0x000000000800e094       0x80 d:/program files/st/stm32cubeide_1.11.2/stm32cubeide/plugins/com.st.stm32cube.ide.mcu.externaltools.gnu-tools-for-stm32.10.3-2021.10.win32_1.0.200.202301161003/tools/bin/../lib/gcc/arm-none-eabi/10.3.1/../../../../arm-none-eabi/lib/thumb/v7e-m+fp/hard\libc_nano.a(lib_a-makebuf.o)
                0x000000000800e094                __smakebuf_r
 .text.__malloc_lock
                0x000000000800e114        0xc d:/program files/st/stm32cubeide_1.11.2/stm32cubeide/plugins/com.st.stm32cube.ide.mcu.externaltools.gnu-tools-for-stm32.10.3-2021.10.win32_1.0.200.202301161003/tools/bin/../lib/gcc/arm-none-eabi/10.3.1/../../../../arm-none-eabi/lib/thumb/v7e-m+fp/hard\libc_nano.a(lib_a-mlock.o)
                0x000000000800e114                __malloc_lock
 .text.__malloc_unlock
                0x000000000800e120        0xc d:/program files/st/stm32cubeide_1.11.2/stm32cubeide/plugins/com.st.stm32cube.ide.mcu.externaltools.gnu-tools-for-stm32.10.3-2021.10.win32_1.0.200.202301161003/tools/bin/../lib/gcc/arm-none-eabi/10.3.1/../../../../arm-none-eabi/lib/thumb/v7e-m+fp/hard\libc_nano.a(lib_a-mlock.o)
                0x000000000800e120                __malloc_unlock
 .text._Balloc  0x000000000800e12c       0x80 d:/program files/st/stm32cubeide_1.11.2/stm32cubeide/plugins/com.st.stm32cube.ide.mcu.externaltools.gnu-tools-for-stm32.10.3-2021.10.win32_1.0.200.202301161003/tools/bin/../lib/gcc/arm-none-eabi/10.3.1/../../../../arm-none-eabi/lib/thumb/v7e-m+fp/hard\libc_nano.a(lib_a-mprec.o)
                0x000000000800e12c                _Balloc
 .text._Bfree   0x000000000800e1ac       0x44 d:/program files/st/stm32cubeide_1.11.2/stm32cubeide/plugins/com.st.stm32cube.ide.mcu.externaltools.gnu-tools-for-stm32.10.3-2021.10.win32_1.0.200.202301161003/tools/bin/../lib/gcc/arm-none-eabi/10.3.1/../../../../arm-none-eabi/lib/thumb/v7e-m+fp/hard\libc_nano.a(lib_a-mprec.o)
                0x000000000800e1ac                _Bfree
 .text.__multadd
                0x000000000800e1f0       0x8c d:/program files/st/stm32cubeide_1.11.2/stm32cubeide/plugins/com.st.stm32cube.ide.mcu.externaltools.gnu-tools-for-stm32.10.3-2021.10.win32_1.0.200.202301161003/tools/bin/../lib/gcc/arm-none-eabi/10.3.1/../../../../arm-none-eabi/lib/thumb/v7e-m+fp/hard\libc_nano.a(lib_a-mprec.o)
                0x000000000800e1f0                __multadd
 .text.__hi0bits
                0x000000000800e27c       0x40 d:/program files/st/stm32cubeide_1.11.2/stm32cubeide/plugins/com.st.stm32cube.ide.mcu.externaltools.gnu-tools-for-stm32.10.3-2021.10.win32_1.0.200.202301161003/tools/bin/../lib/gcc/arm-none-eabi/10.3.1/../../../../arm-none-eabi/lib/thumb/v7e-m+fp/hard\libc_nano.a(lib_a-mprec.o)
                0x000000000800e27c                __hi0bits
 .text.__lo0bits
                0x000000000800e2bc       0x5e d:/program files/st/stm32cubeide_1.11.2/stm32cubeide/plugins/com.st.stm32cube.ide.mcu.externaltools.gnu-tools-for-stm32.10.3-2021.10.win32_1.0.200.202301161003/tools/bin/../lib/gcc/arm-none-eabi/10.3.1/../../../../arm-none-eabi/lib/thumb/v7e-m+fp/hard\libc_nano.a(lib_a-mprec.o)
                0x000000000800e2bc                __lo0bits
 *fill*         0x000000000800e31a        0x2 
 .text.__i2b    0x000000000800e31c       0x2c d:/program files/st/stm32cubeide_1.11.2/stm32cubeide/plugins/com.st.stm32cube.ide.mcu.externaltools.gnu-tools-for-stm32.10.3-2021.10.win32_1.0.200.202301161003/tools/bin/../lib/gcc/arm-none-eabi/10.3.1/../../../../arm-none-eabi/lib/thumb/v7e-m+fp/hard\libc_nano.a(lib_a-mprec.o)
                0x000000000800e31c                __i2b
 .text.__multiply
                0x000000000800e348      0x154 d:/program files/st/stm32cubeide_1.11.2/stm32cubeide/plugins/com.st.stm32cube.ide.mcu.externaltools.gnu-tools-for-stm32.10.3-2021.10.win32_1.0.200.202301161003/tools/bin/../lib/gcc/arm-none-eabi/10.3.1/../../../../arm-none-eabi/lib/thumb/v7e-m+fp/hard\libc_nano.a(lib_a-mprec.o)
                0x000000000800e348                __multiply
 .text.__pow5mult
                0x000000000800e49c       0xb4 d:/program files/st/stm32cubeide_1.11.2/stm32cubeide/plugins/com.st.stm32cube.ide.mcu.externaltools.gnu-tools-for-stm32.10.3-2021.10.win32_1.0.200.202301161003/tools/bin/../lib/gcc/arm-none-eabi/10.3.1/../../../../arm-none-eabi/lib/thumb/v7e-m+fp/hard\libc_nano.a(lib_a-mprec.o)
                0x000000000800e49c                __pow5mult
 .text.__lshift
                0x000000000800e550       0xe0 d:/program files/st/stm32cubeide_1.11.2/stm32cubeide/plugins/com.st.stm32cube.ide.mcu.externaltools.gnu-tools-for-stm32.10.3-2021.10.win32_1.0.200.202301161003/tools/bin/../lib/gcc/arm-none-eabi/10.3.1/../../../../arm-none-eabi/lib/thumb/v7e-m+fp/hard\libc_nano.a(lib_a-mprec.o)
                0x000000000800e550                __lshift
 .text.__mcmp   0x000000000800e630       0x38 d:/program files/st/stm32cubeide_1.11.2/stm32cubeide/plugins/com.st.stm32cube.ide.mcu.externaltools.gnu-tools-for-stm32.10.3-2021.10.win32_1.0.200.202301161003/tools/bin/../lib/gcc/arm-none-eabi/10.3.1/../../../../arm-none-eabi/lib/thumb/v7e-m+fp/hard\libc_nano.a(lib_a-mprec.o)
                0x000000000800e630                __mcmp