../Drivers/BSP/Components/lsm6dsl/lsm6dsl.c:105:6:LSM6DSL_AccInit	24	static
../Drivers/BSP/Components/lsm6dsl/lsm6dsl.c:132:6:LSM6DSL_AccDeInit	16	static
../Drivers/BSP/Components/lsm6dsl/lsm6dsl.c:153:9:LSM6DSL_AccReadID	8	static
../Drivers/BSP/Components/lsm6dsl/lsm6dsl.c:165:6:LSM6DSL_AccLowPower	24	static
../Drivers/BSP/Components/lsm6dsl/lsm6dsl.c:192:6:LSM6DSL_AccReadXYZ	40	static
../Drivers/BSP/Components/lsm6dsl/lsm6dsl.c:249:6:LSM6DSL_GyroInit	24	static
../Drivers/BSP/Components/lsm6dsl/lsm6dsl.c:277:6:LSM6DSL_GyroDeInit	16	static
../Drivers/BSP/Components/lsm6dsl/lsm6dsl.c:298:9:LSM6DSL_GyroReadID	8	static
../Drivers/BSP/Components/lsm6dsl/lsm6dsl.c:310:6:LSM6DSL_GyroLowPower	24	static
../Drivers/BSP/Components/lsm6dsl/lsm6dsl.c:337:6:LSM6DSL_GyroReadXYZAngRate	40	static
../Drivers/BSP/Components/lsm6dsl/lsm6dsl.c:380:9:LSM6DSL_GetStatus	8	static
../Drivers/BSP/Components/lsm6dsl/lsm6dsl.c:384:9:LSM6DSL_AccReady	16	static
../Drivers/BSP/Components/lsm6dsl/lsm6dsl.c:389:9:LSM6DSL_GyroReady	16	static
../Drivers/BSP/Components/lsm6dsl/lsm6dsl.c:394:9:LSM6DSL_TempReady	16	static
../Drivers/BSP/Components/lsm6dsl/lsm6dsl.c:399:6:LSM6DSL_AccWaitReady	16	static
../Drivers/BSP/Components/lsm6dsl/lsm6dsl.c:408:6:LSM6DSL_GyroWaitReady	16	static
../Drivers/BSP/Components/lsm6dsl/lsm6dsl.c:417:6:LSM6DSL_TempWaitReady	16	static
