../Core/Src/main.c:35:13:AI_Init	120	static
../Core/Src/main.c:52:13:AI_Run	128	static
../Core/Src/main.c:69:17:argmax	32	static
../Core/Src/main.c:86:13:WIFI_Init_main	8	static
../Core/Src/main.c:99:6:taskAcc	192	static
../Core/Src/main.c:132:6:taskTemp	128	static
../Core/Src/main.c:139:6:taskMegneto	184	static
../Core/Src/main.c:151:6:taskHumi	128	static
../Core/Src/main.c:158:6:taskGyro	192	static
../Core/Src/main.c:170:6:taskPiezo	128	static
../Core/Src/main.c:177:6:taskSendMessage	8	static
../Core/Src/main.c:183:5:main	16	static
