Archive member included to satisfy reference by file (symbol)

d:/program files/st/stm32cubeide_1.11.2/stm32cubeide/plugins/com.st.stm32cube.ide.mcu.externaltools.gnu-tools-for-stm32.10.3-2021.10.win32_1.0.200.202301161003/tools/bin/../lib/gcc/arm-none-eabi/10.3.1/../../../../arm-none-eabi/lib/thumb/v7e-m+fp/hard\librdimon_nano.a(rdimon-syscalls.o)
                              d:/program files/st/stm32cubeide_1.11.2/stm32cubeide/plugins/com.st.stm32cube.ide.mcu.externaltools.gnu-tools-for-stm32.10.3-2021.10.win32_1.0.200.202301161003/tools/bin/../lib/gcc/arm-none-eabi/10.3.1/../../../../arm-none-eabi/lib/thumb/v7e-m+fp/hard/rdimon-crt0.o (initialise_monitor_handles)
../Middlewares/ST/AI/Lib\NetworkRuntime800_CM4_GCC.a(ai_platform.o)
                              ./X-CUBE-AI/App/network.o (ai_buffer_array_item_set_address)
../Middlewares/ST/AI/Lib\NetworkRuntime800_CM4_GCC.a(ai_platform_interface.o)
                              ./X-CUBE-AI/App/network.o (ai_platform_get_weights_map)
../Middlewares/ST/AI/Lib\NetworkRuntime800_CM4_GCC.a(core_mem_manager.o)
                              ../Middlewares/ST/AI/Lib\NetworkRuntime800_CM4_GCC.a(ai_platform_interface.o) (core_mem_alloc)
../Middlewares/ST/AI/Lib\NetworkRuntime800_CM4_GCC.a(core_common.o)
                              ../Middlewares/ST/AI/Lib\NetworkRuntime800_CM4_GCC.a(ai_platform_interface.o) (core_init)
../Middlewares/ST/AI/Lib\NetworkRuntime800_CM4_GCC.a(layers_conv2d_generic_float.o)
                              ./X-CUBE-AI/App/network.o (forward_conv2d)
../Middlewares/ST/AI/Lib\NetworkRuntime800_CM4_GCC.a(layers_nl_generic_float.o)
                              ./X-CUBE-AI/App/network.o (nl_func_relu_array_f32)
../Middlewares/ST/AI/Lib\NetworkRuntime800_CM4_GCC.a(layers.o)
                              ../Middlewares/ST/AI/Lib\NetworkRuntime800_CM4_GCC.a(ai_platform_interface.o) (ai_check_custom_types)
../Middlewares/ST/AI/Lib\NetworkRuntime800_CM4_GCC.a(lite_dense_if32.o)
                              ../Middlewares/ST/AI/Lib\NetworkRuntime800_CM4_GCC.a(layers_conv2d_generic_float.o) (lite_dense_if32of32wf32)
../Middlewares/ST/AI/Lib\NetworkRuntime800_CM4_GCC.a(ai_math_helpers.o)
                              ../Middlewares/ST/AI/Lib\NetworkRuntime800_CM4_GCC.a(layers_nl_generic_float.o) (ai_math_sqrt)
../Middlewares/ST/AI/Lib\NetworkRuntime800_CM4_GCC.a(st_convolve_reference.o)
                              ../Middlewares/ST/AI/Lib\NetworkRuntime800_CM4_GCC.a(ai_math_helpers.o) (align_factor)
../Middlewares/ST/AI/Lib\NetworkRuntime800_CM4_GCC.a(arm_mat_init_f32.o)
                              ../Middlewares/ST/AI/Lib\NetworkRuntime800_CM4_GCC.a(layers_conv2d_generic_float.o) (arm_mat_init_f32)
../Middlewares/ST/AI/Lib\NetworkRuntime800_CM4_GCC.a(ai_datatypes_internal.o)
                              ../Middlewares/ST/AI/Lib\NetworkRuntime800_CM4_GCC.a(ai_platform_interface.o) (ai_version_get)
../Middlewares/ST/AI/Lib\NetworkRuntime800_CM4_GCC.a(ai_datatypes_format.o)
                              ../Middlewares/ST/AI/Lib\NetworkRuntime800_CM4_GCC.a(ai_platform_interface.o) (ai_array_to_buffer_fmt)
../Middlewares/ST/AI/Lib\NetworkRuntime800_CM4_GCC.a(layers_conv2d_stm32_integer.o)
                              ../Middlewares/ST/AI/Lib\NetworkRuntime800_CM4_GCC.a(layers.o) (get_conv2d_scratch_size)
../Middlewares/ST/AI/Lib\NetworkRuntime800_CM4_GCC.a(st_ssua8_convolve_dw.o)
                              ../Middlewares/ST/AI/Lib\NetworkRuntime800_CM4_GCC.a(layers_conv2d_stm32_integer.o) (st_ssua8_conv_dw_Wadapt)
../Middlewares/ST/AI/Lib\NetworkRuntime800_CM4_GCC.a(st_uaua8_ch_convolve.o)
                              ../Middlewares/ST/AI/Lib\NetworkRuntime800_CM4_GCC.a(layers_conv2d_stm32_integer.o) (st_uaua8_ch_convolve_rank1upd)
../Middlewares/ST/AI/Lib\NetworkRuntime800_CM4_GCC.a(st_ssua8_ch_convolve.o)
                              ../Middlewares/ST/AI/Lib\NetworkRuntime800_CM4_GCC.a(layers_conv2d_stm32_integer.o) (st_ssua8_ch_convolve_rank1upd)
../Middlewares/ST/AI/Lib\NetworkRuntime800_CM4_GCC.a(st_uaua8_convolve.o)
                              ../Middlewares/ST/AI/Lib\NetworkRuntime800_CM4_GCC.a(layers_conv2d_stm32_integer.o) (st_uaua8_convolve_rank1upd)
../Middlewares/ST/AI/Lib\NetworkRuntime800_CM4_GCC.a(st_ssua8_convolve.o)
                              ../Middlewares/ST/AI/Lib\NetworkRuntime800_CM4_GCC.a(layers_conv2d_stm32_integer.o) (st_ssua8_convolve_rank1upd)
../Middlewares/ST/AI/Lib\NetworkRuntime800_CM4_GCC.a(st_uaua8_ch_convolve_rgb.o)
                              ../Middlewares/ST/AI/Lib\NetworkRuntime800_CM4_GCC.a(layers_conv2d_stm32_integer.o) (st_uaua8_ch_convolve_rgb)
../Middlewares/ST/AI/Lib\NetworkRuntime800_CM4_GCC.a(st_uaua8_ch_convolve_dw.o)
                              ../Middlewares/ST/AI/Lib\NetworkRuntime800_CM4_GCC.a(layers_conv2d_stm32_integer.o) (st_uaua8_ch_conv_dw_Wadapt)
../Middlewares/ST/AI/Lib\NetworkRuntime800_CM4_GCC.a(st_ssua8_ch_convolve_rgb.o)
[...]
Memory Configuration

Name             Origin             Length             Attributes
RAM              0x0000000020000000 0x0000000000018000 xrw
RAM2             0x0000000010000000 0x0000000000008000 xrw
FLASH            0x0000000008000000 0x0000000000100000 xr
*default*        0x0000000000000000 0xffffffffffffffff

Linker script and memory map

LOAD d:/program files/st/stm32cubeide_1.11.2/stm32cubeide/plugins/com.st.stm32cube.ide.mcu.externaltools.gnu-tools-for-stm32.10.3-2021.10.win32_1.0.200.202301161003/tools/bin/../lib/gcc/arm-none-eabi/10.3.1/thumb/v7e-m+fp/hard/crti.o
LOAD d:/program files/st/stm32cubeide_1.11.2/stm32cubeide/plugins/com.st.stm32cube.ide.mcu.externaltools.gnu-tools-for-stm32.10.3-2021.10.win32_1.0.200.202301161003/tools/bin/../lib/gcc/arm-none-eabi/10.3.1/thumb/v7e-m+fp/hard/crtbegin.o
LOAD d:/program files/st/stm32cubeide_1.11.2/stm32cubeide/plugins/com.st.stm32cube.ide.mcu.externaltools.gnu-tools-for-stm32.10.3-2021.10.win32_1.0.200.202301161003/tools/bin/../lib/gcc/arm-none-eabi/10.3.1/../../../../arm-none-eabi/lib/thumb/v7e-m+fp/hard/rdimon-crt0.o
LOAD ./Core/Src/cyclic.o
LOAD ./Core/Src/hal_config.o
LOAD ./Core/Src/main.o
LOAD ./Core/Src/sensor_config.o
LOAD ./Core/Src/stm32l4xx_hal_msp.o
LOAD ./Core/Src/stm32l4xx_it.o
LOAD ./Core/Src/sysmem.o
LOAD ./Core/Src/system_stm32l4xx.o
LOAD ./Core/Src/wifi.o
LOAD ./Core/Startup/startup_stm32l475vgtx.o
LOAD ./Drivers/BSP/B-L475E-IOT01/stm32l475e_iot01.o
LOAD ./Drivers/BSP/B-L475E-IOT01/stm32l475e_iot01_accelero.o
LOAD ./Drivers/BSP/B-L475E-IOT01/stm32l475e_iot01_gyro.o
LOAD ./Drivers/BSP/B-L475E-IOT01/stm32l475e_iot01_hsensor.o
LOAD ./Drivers/BSP/B-L475E-IOT01/stm32l475e_iot01_magneto.o
LOAD ./Drivers/BSP/B-L475E-IOT01/stm32l475e_iot01_psensor.o
LOAD ./Drivers/BSP/B-L475E-IOT01/stm32l475e_iot01_tsensor.o
LOAD ./Drivers/BSP/Components/M24SR/m24sr_v1.1.o
LOAD ./Drivers/BSP/Components/es_wifi/es_wifi.o
LOAD ./Drivers/BSP/Components/hts221/hts221.o
LOAD ./Drivers/BSP/Components/lis3mdl/lis3mdl.o
LOAD ./Drivers/BSP/Components/lps22hb/lps22hb.o
LOAD ./Drivers/BSP/Components/lsm6dsl/lsm6dsl.o
LOAD ./Drivers/STM32L4xx_HAL_Driver/Src/stm32l4xx_hal.o
LOAD ./Drivers/STM32L4xx_HAL_Driver/Src/stm32l4xx_hal_cortex.o
LOAD ./Drivers/STM32L4xx_HAL_Driver/Src/stm32l4xx_hal_dfsdm.o
LOAD ./Drivers/STM32L4xx_HAL_Driver/Src/stm32l4xx_hal_dma.o
LOAD ./Drivers/STM32L4xx_HAL_Driver/Src/stm32l4xx_hal_dma_ex.o
LOAD ./Drivers/STM32L4xx_HAL_Driver/Src/stm32l4xx_hal_exti.o
LOAD ./Drivers/STM32L4xx_HAL_Driver/Src/stm32l4xx_hal_flash.o
LOAD ./Drivers/STM32L4xx_HAL_Driver/Src/stm32l4xx_hal_flash_ex.o
LOAD ./Drivers/STM32L4xx_HAL_Driver/Src/stm32l4xx_hal_flash_ramfunc.o
LOAD ./Drivers/STM32L4xx_HAL_Driver/Src/stm32l4xx_hal_gpio.o
LOAD ./Drivers/STM32L4xx_HAL_Driver/Src/stm32l4xx_hal_i2c.o
LOAD ./Drivers/STM32L4xx_HAL_Driver/Src/stm32l4xx_hal_i2c_ex.o
LOAD ./Drivers/STM32L4xx_HAL_Driver/Src/stm32l4xx_hal_pcd.o
LOAD ./Drivers/STM32L4xx_HAL_Driver/Src/stm32l4xx_hal_pcd_ex.o
LOAD ./Drivers/STM32L4xx_HAL_Driver/Src/stm32l4xx_hal_pwr.o
LOAD ./Drivers/STM32L4xx_HAL_Driver/Src/stm32l4xx_hal_pwr_ex.o
LOAD ./Drivers/STM32L4xx_HAL_Driver/Src/stm32l4xx_hal_qspi.o
LOAD ./Drivers/STM32L4xx_HAL_Driver/Src/stm32l4xx_hal_rcc.o
LOAD ./Drivers/STM32L4xx_HAL_Driver/Src/stm32l4xx_hal_rcc_ex.o
LOAD ./Drivers/STM32L4xx_HAL_Driver/Src/stm32l4xx_hal_spi.o
LOAD ./Drivers/STM32L4xx_HAL_Driver/Src/stm32l4xx_hal_spi_ex.o
LOAD ./Drivers/STM32L4xx_HAL_Driver/Src/stm32l4xx_hal_tim.o
LOAD ./Drivers/STM32L4xx_HAL_Driver/Src/stm32l4xx_hal_tim_ex.o
LOAD ./Drivers/STM32L4xx_HAL_Driver/Src/stm32l4xx_hal_uart.o
LOAD ./Drivers/STM32L4xx_HAL_Driver/Src/stm32l4xx_hal_uart_ex.o
LOAD ./Drivers/STM32L4xx_HAL_Driver/Src/stm32l4xx_ll_usb.o
LOAD ./X-CUBE-AI/App/network.o
LOAD ./X-CUBE-AI/App/network_data.o
LOAD ./X-CUBE-AI/App/network_data_params.o
LOAD d:/program files/st/stm32cubeide_1.11.2/stm32cubeide/plugins/com.st.stm32cube.ide.mcu.externaltools.gnu-tools-for-stm32.10.3-2021.10.win32_1.0.200.202301161003/tools/bin/../lib/gcc/arm-none-eabi/10.3.1/../../../../arm-none-eabi/lib/thumb/v7e-m+fp/hard\librdimon_nano.a
LOAD ../Middlewares/ST/AI/Lib\NetworkRuntime800_CM4_GCC.a
START GROUP
LOAD d:/program files/st/stm32cubeide_1.11.2/stm32cubeide/plugins/com.st.stm32cube.ide.mcu.externaltools.gnu-tools-for-stm32.10.3-2021.10.win32_1.0.200.202301161003/tools/bin/../lib/gcc/arm-none-eabi/10.3.1/../../../../arm-none-eabi/lib/thumb/v7e-m+fp/hard\libc_nano.a
LOAD d:/program files/st/stm32cubeide_1.11.2/stm32cubeide/plugins/com.st.stm32cube.ide.mcu.externaltools.gnu-tools-for-stm32.10.3-2021.10.win32_1.0.200.202301161003/tools/bin/../lib/gcc/arm-none-eabi/10.3.1/../../../../arm-none-eabi/lib/thumb/v7e-m+fp/hard\libm.a
END GROUP
START GROUP
LOAD d:/program files/st/stm32cubeide_1.11.2/stm32cubeide/plugins/com.st.stm32cube.ide.mcu.externaltools.gnu-tools-for-stm32.10.3-2021.10.win32_1.0.200.202301161003/tools/bin/../lib/gcc/arm-none-eabi/10.3.1/thumb/v7e-m+fp/hard\libgcc.a
LOAD d:/program files/st/stm32cubeide_1.11.2/stm32cubeide/plugins/com.st.stm32cube.ide.mcu.externaltools.gnu-tools-for-stm32.10.3-2021.10.win32_1.0.200.202301161003/tools/bin/../lib/gcc/arm-none-eabi/10.3.1/../../../../arm-none-eabi/lib/thumb/v7e-m+fp/hard\libc_nano.a
END GROUP
START GROUP
LOAD d:/program files/st/stm32cubeide_1.11.2/stm32cubeide/plugins/com.st.stm32cube.ide.mcu.externaltools.gnu-tools-for-stm32.10.3-2021.10.win32_1.0.200.202301161003/tools/bin/../lib/gcc/arm-none-eabi/10.3.1/thumb/v7e-m+fp/hard\libgcc.a
LOAD d:/program files/st/stm32cubeide_1.11.2/stm32cubeide/plugins/com.st.stm32cube.ide.mcu.externaltools.gnu-tools-for-stm32.10.3-2021.10.win32_1.0.200.202301161003/tools/bin/../lib/gcc/arm-none-eabi/10.3.1/../../../../arm-none-eabi/lib/thumb/v7e-m+fp/hard\libc_nano.a
LOAD d:/program files/st/stm32cubeide_1.11.2/stm32cubeide/plugins/com.st.stm32cube.ide.mcu.externaltools.gnu-tools-for-stm32.10.3-2021.10.win32_1.0.200.202301161003/tools/bin/../lib/gcc/arm-none-eabi/10.3.1/../../../../arm-none-eabi/lib/thumb/v7e-m+fp/hard\libnosys.a
END GROUP
START GROUP
LOAD d:/program files/st/stm32cubeide_1.11.2/stm32cubeide/plugins/com.st.stm32cube.ide.mcu.externaltools.gnu-tools-for-stm32.10.3-2021.10.win32_1.0.200.202301161003/tools/bin/../lib/gcc/arm-none-eabi/10.3.1/thumb/v7e-m+fp/hard\libgcc.a
LOAD d:/program files/st/stm32cubeide_1.11.2/stm32cubeide/plugins/com.st.stm32cube.ide.mcu.externaltools.gnu-tools-for-stm32.10.3-2021.10.win32_1.0.200.202301161003/tools/bin/../lib/gcc/arm-none-eabi/10.3.1/../../../../arm-none-eabi/lib/thumb/v7e-m+fp/hard\libc_nano.a
LOAD d:/program files/st/stm32cubeide_1.11.2/stm32cubeide/plugins/com.st.stm32cube.ide.mcu.externaltools.gnu-tools-for-stm32.10.3-2021.10.win32_1.0.200.202301161003/tools/bin/../lib/gcc/arm-none-eabi/10.3.1/../../../../arm-none-eabi/lib/thumb/v7e-m+fp/hard\librdimon_nano.a
END GROUP
START GROUP
LOAD d:/program files/st/stm32cubeide_1.11.2/stm32cubeide/plugins/com.st.stm32cube.ide.mcu.externaltools.gnu-tools-for-stm32.10.3-2021.10.win32_1.0.200.202301161003/tools/bin/../lib/gcc/arm-none-eabi/10.3.1/thumb/v7e-m+fp/hard\libgcc.a
LOAD d:/program files/st/stm32cubeide_1.11.2/stm32cubeide/plugins/com.st.stm32cube.ide.mcu.externaltools.gnu-tools-for-stm32.10.3-2021.10.win32_1.0.200.202301161003/tools/bin/../lib/gcc/arm-none-eabi/10.3.1/../../../../arm-none-eabi/lib/thumb/v7e-m+fp/hard\libc_nano.a
LOAD d:/program files/st/stm32cubeide_1.11.2/stm32cubeide/plugins/com.st.stm32cube.ide.mcu.externaltools.gnu-tools-for-stm32.10.3-2021.10.win32_1.0.200.202301161003/tools/bin/../lib/gcc/arm-none-eabi/10.3.1/../../../../arm-none-eabi/lib/thumb/v7e-m+fp/hard\librdimon_nano.a
LOAD d:/program files/st/stm32cubeide_1.11.2/stm32cubeide/plugins/com.st.stm32cube.ide.mcu.externaltools.gnu-tools-for-stm32.10.3-2021.10.win32_1.0.200.202301161003/tools/bin/../lib/gcc/arm-none-eabi/10.3.1/../../../../arm-none-eabi/lib/thumb/v7e-m+fp/hard\libnosys.a
END GROUP
LOAD d:/program files/st/stm32cubeide_1.11.2/stm32cubeide/plugins/com.st.stm32cube.ide.mcu.externaltools.gnu-tools-for-stm32.10.3-2021.10.win32_1.0.200.202301161003/tools/bin/../lib/gcc/arm-none-eabi/10.3.1/thumb/v7e-m+fp/hard/crtend.o
LOAD d:/program files/st/stm32cubeide_1.11.2/stm32cubeide/plugins/com.st.stm32cube.ide.mcu.externaltools.gnu-tools-for-stm32.10.3-2021.10.win32_1.0.200.202301161003/tools/bin/../lib/gcc/arm-none-eabi/10.3.1/thumb/v7e-m+fp/hard/crtn.o
                0x0000000020018000                _estack = (ORIGIN (RAM) + LENGTH (RAM))
                0x0000000000000400                _Min_Heap_Size = 0x400
                0x0000000000000400                _Min_Stack_Size = 0x400

.isr_vector     0x0000000008000000      0x188
                0x0000000008000000                . = ALIGN (0x4)
 *(.isr_vector)
 .isr_vector    0x0000000008000000      0x188 ./Core/Startup/startup_stm32l475vgtx.o
                0x0000000008000000                g_pfnVectors
                0x0000000008000188                . = ALIGN (0x4)

.text           0x0000000008000190     0xebc8
                0x0000000008000190                . = ALIGN (0x4)
 *(.text)
 .text          0x0000000008000190       0x40 d:/program files/st/stm32cubeide_1.11.2/stm32cubeide/plugins/com.st.stm32cube.ide.mcu.externaltools.gnu-tools-for-stm32.10.3-2021.10.win32_1.0.200.202301161003/tools/bin/../lib/gcc/arm-none-eabi/10.3.1/thumb/v7e-m+fp/hard/crtbegin.o
 .text          0x00000000080001d0       0x14 d:/program files/st/stm32cubeide_1.11.2/stm32cubeide/plugins/com.st.stm32cube.ide.mcu.externaltools.gnu-tools-for-stm32.10.3-2021.10.win32_1.0.200.202301161003/tools/bin/../lib/gcc/arm-none-eabi/10.3.1/../../../../arm-none-eabi/lib/thumb/v7e-m+fp/hard\libc_nano.a(lib_a-strcmp.o)
                0x00000000080001d0                strcmp
 .text          0x00000000080001e4       0x10 d:/program files/st/stm32cubeide_1.11.2/stm32cubeide/plugins/com.st.stm32cube.ide.mcu.externaltools.gnu-tools-for-stm32.10.3-2021.10.win32_1.0.200.202301161003/tools/bin/../lib/gcc/arm-none-eabi/10.3.1/../../../../arm-none-eabi/lib/thumb/v7e-m+fp/hard\libc_nano.a(lib_a-strlen.o)
                0x00000000080001e4                strlen
 *fill*         0x00000000080001f4        0xc 
 .text          0x0000000008000200       0xa0 d:/program files/st/stm32cubeide_1.11.2/stm32cubeide/plugins/com.st.stm32cube.ide.mcu.externaltools.gnu-tools-for-stm32.10.3-2021.10.win32_1.0.200.202301161003/tools/bin/../lib/gcc/arm-none-eabi/10.3.1/../../../../arm-none-eabi/lib/thumb/v7e-m+fp/hard\libc_nano.a(lib_a-memchr.o)
                0x0000000008000200                memchr
 .text          0x00000000080002a0      0x378 d:/program files/st/stm32cubeide_1.11.2/stm32cubeide/plugins/com.st.stm32cube.ide.mcu.externaltools.gnu-tools-for-stm32.10.3-2021.10.win32_1.0.200.202301161003/tools/bin/../lib/gcc/arm-none-eabi/10.3.1/thumb/v7e-m+fp/hard\libgcc.a(_arm_addsubdf3.o)
                0x00000000080002a0                __aeabi_drsub
                0x00000000080002a8                __aeabi_dsub
                0x00000000080002a8                __subdf3
                0x00000000080002ac                __aeabi_dadd
                0x00000000080002ac                __adddf3
                0x0000000008000524                __floatunsidf
                0x0000000008000524                __aeabi_ui2d
                0x0000000008000544                __floatsidf
                0x0000000008000544                __aeabi_i2d
                0x0000000008000568                __aeabi_f2d
                0x0000000008000568                __extendsfdf2
                0x00000000080005ac                __floatundidf
                0x00000000080005ac                __aeabi_ul2d
                0x00000000080005bc                __floatdidf
                0x00000000080005bc                __aeabi_l2d
 .text          0x0000000008000618      0x424 d:/program files/st/stm32cubeide_1.11.2/stm32cubeide/plugins/com.st.stm32cube.ide.mcu.externaltools.gnu-tools-for-stm32.10.3-2021.10.win32_1.0.200.202301161003/tools/bin/../lib/gcc/arm-none-eabi/10.3.1/thumb/v7e-m+fp/hard\libgcc.a(_arm_muldivdf3.o)
                0x0000000008000618                __aeabi_dmul
                0x0000000008000618                __muldf3
                0x000000000800086c                __divdf3
                0x000000000800086c                __aeabi_ddiv
 .text          0x0000000008000a3c      0x110 d:/program files/st/stm32cubeide_1.11.2/stm32cubeide/plugins/com.st.stm32cube.ide.mcu.externaltools.gnu-tools-for-stm32.10.3-2021.10.win32_1.0.200.202301161003/tools/bin/../lib/gcc/arm-none-eabi/10.3.1/thumb/v7e-m+fp/hard\libgcc.a(_arm_cmpdf2.o)
                0x0000000008000a3c                __gtdf2
                0x0000000008000a3c                __gedf2
                0x0000000008000a44                __ltdf2
                0x0000000008000a44                __ledf2
                0x0000000008000a4c                __nedf2
                0x0000000008000a4c                __eqdf2
                0x0000000008000a4c                __cmpdf2
                0x0000000008000ac8                __aeabi_cdrcmple
                0x0000000008000ad8                __aeabi_cdcmpeq
                0x0000000008000ad8                __aeabi_cdcmple
                0x0000000008000ae8                __aeabi_dcmpeq
                0x0000000008000afc                __aeabi_dcmplt
                0x0000000008000b10                __aeabi_dcmple
                0x0000000008000b24                __aeabi_dcmpge
                0x0000000008000b38                __aeabi_dcmpgt
 .text          0x0000000008000b4c       0x2c d:/program files/st/stm32cubeide_1.11.2/stm32cubeide/plugins/com.st.stm32cube.ide.mcu.externaltools.gnu-tools-for-stm32.10.3-2021.10.win32_1.0.200.202301161003/tools/bin/../lib/gcc/arm-none-eabi/10.3.1/thumb/v7e-m+fp/hard\libgcc.a(_arm_unorddf2.o)
                0x0000000008000b4c                __unorddf2
                0x0000000008000b4c                __aeabi_dcmpun
 .text          0x0000000008000b78       0x50 d:/program files/st/stm32cubeide_1.11.2/stm32cubeide/plugins/com.st.stm32cube.ide.mcu.externaltools.gnu-tools-for-stm32.10.3-2021.10.win32_1.0.200.202301161003/tools/bin/../lib/gcc/arm-none-eabi/10.3.1/thumb/v7e-m+fp/hard\libgcc.a(_arm_fixdfsi.o)
                0x0000000008000b78                __aeabi_d2iz
                0x0000000008000b78                __fixdfsi
 .text          0x0000000008000bc8       0x30 d:/program files/st/stm32cubeide_1.11.2/stm32cubeide/plugins/com.st.stm32cube.ide.mcu.externaltools.gnu-tools-for-stm32.10.3-2021.10.win32_1.0.200.202301161003/tools/bin/../lib/gcc/arm-none-eabi/10.3.1/thumb/v7e-m+fp/hard\libgcc.a(_aeabi_uldivmod.o)
                0x0000000008000bc8                __aeabi_uldivmod
 .text          0x0000000008000bf8      0x2d0 d:/program files/st/stm32cubeide_1.11.2/stm32cubeide/plugins/com.st.stm32cube.ide.mcu.externaltools.gnu-tools-for-stm32.10.3-2021.10.win32_1.0.200.202301161003/tools/bin/../lib/gcc/arm-none-eabi/10.3.1/thumb/v7e-m+fp/hard\libgcc.a(_udivmoddi4.o)
                0x0000000008000bf8                __udivmoddi4
 .text          0x0000000008000ec8        0x4 d:/program files/st/stm32cubeide_1.11.2/stm32cubeide/plugins/com.st.stm32cube.ide.mcu.externaltools.gnu-tools-for-stm32.10.3-2021.10.win32_1.0.200.202301161003/tools/bin/../lib/gcc/arm-none-eabi/10.3.1/thumb/v7e-m+fp/hard\libgcc.a(_dvmd_tls.o)
                0x0000000008000ec8                __aeabi_idiv0
                0x0000000008000ec8                __aeabi_ldiv0
 *(.text*)
 .text.registerTask
                0x0000000008000ecc       0xa0 ./Core/Src/cyclic.o
                0x0000000008000ecc                registerTask
 .text.task_scheduler_tick_reset
                0x0000000008000f6c       0x60 ./Core/Src/cyclic.o
                0x0000000008000f6c                task_scheduler_tick_reset
 .text.changeMode
                0x0000000008000fcc      0x1dc ./Core/Src/cyclic.o
 .text.task_scheduler
                0x00000000080011a8      0x190 ./Core/Src/cyclic.o
                0x00000000080011a8                task_scheduler
 .text.buildFastMatrix
                0x0000000008001338      0x798 ./Core/Src/cyclic.o
                0x0000000008001338                buildFastMatrix
 .text.recoverDelayMark
                0x0000000008001ad0      0x17c ./Core/Src/cyclic.o
                0x0000000008001ad0                recoverDelayMark
 .text.showFastMatrix
                0x0000000008001c4c      0x1d0 ./Core/Src/cyclic.o
                0x0000000008001c4c                showFastMatrix
 .text.Error_Handler
                0x0000000008001e1c       0x20 ./Core/Src/hal_config.o
                0x0000000008001e1c                Error_Handler
 .text.SystemClock_Config
                0x0000000008001e3c       0xa2 ./Core/Src/hal_config.o
                0x0000000008001e3c                SystemClock_Config
 *fill*         0x0000000008001ede        0x2 
 .text.HAL_GPIO_EXTI_Callback
                0x0000000008001ee0       0xb8 ./Core/Src/hal_config.o
                0x0000000008001ee0                HAL_GPIO_EXTI_Callback
 .text.timerDelay
                0x0000000008001f98       0x38 ./Core/Src/hal_config.o
                0x0000000008001f98                timerDelay
 .text.MX_GPIO_Init
                0x0000000008001fd0       0xc4 ./Core/Src/hal_config.o
 .text.MX_SPI3_Init
                0x0000000008002094       0x7c ./Core/Src/hal_config.o
 .text.hal_Init
                0x0000000008002110      0x28c ./Core/Src/hal_config.o
                0x0000000008002110                hal_Init
 .text.HAL_TIM_Base_MspInit
                0x000000000800239c       0xa8 ./Core/Src/hal_config.o
                0x000000000800239c                HAL_TIM_Base_MspInit
 .text.HAL_TIM_PeriodElapsedCallback
                0x0000000008002444       0x50 ./Core/Src/hal_config.o
                0x0000000008002444                HAL_TIM_PeriodElapsedCallback
 .text.TIM1_UP_TIM16_IRQHandler
                0x0000000008002494       0x14 ./Core/Src/hal_config.o
                0x0000000008002494                TIM1_UP_TIM16_IRQHandler
 .text.TIM2_IRQHandler
                0x00000000080024a8       0x14 ./Core/Src/hal_config.o
                0x00000000080024a8                TIM2_IRQHandler
 .text.AI_Init  0x00000000080024bc       0xb4 ./Core/Src/main.o
 .text.AI_Run   0x0000000008002570       0x94 ./Core/Src/main.o
 .text.argmax   0x0000000008002604       0x60 ./Core/Src/main.o
 .text.WIFI_Init_main
                0x0000000008002664       0x50 ./Core/Src/main.o
 .text.taskAcc  0x00000000080026b4      0x268 ./Core/Src/main.o
                0x00000000080026b4                taskAcc
 .text.taskTemp
                0x000000000800291c       0x80 ./Core/Src/main.o
                0x000000000800291c                taskTemp
 .text.taskSendMessage
                0x000000000800299c       0x44 ./Core/Src/main.o
                0x000000000800299c                taskSendMessage
 .text.main     0x00000000080029e0       0xa8 ./Core/Src/main.o
                0x00000000080029e0                main
 .text.lsm6dsl_relative_tilt_intr_en
                0x0000000008002a88       0x4a ./Core/Src/sensor_config.o
                0x0000000008002a88                lsm6dsl_relative_tilt_intr_en
 .text.sensor_config
                0x0000000008002ad2        0xc ./Core/Src/sensor_config.o
                0x0000000008002ad2                sensor_config
 *fill*         0x0000000008002ade        0x2 
 .text.HAL_MspInit
                0x0000000008002ae0       0x48 ./Core/Src/stm32l4xx_hal_msp.o
                0x0000000008002ae0                HAL_MspInit
 .text.HAL_I2C_MspInit
                0x0000000008002b28       0x88 ./Core/Src/stm32l4xx_hal_msp.o
                0x0000000008002b28                HAL_I2C_MspInit
 .text.HAL_I2C_MspDeInit
                0x0000000008002bb0       0x3c ./Core/Src/stm32l4xx_hal_msp.o
                0x0000000008002bb0                HAL_I2C_MspDeInit
 .text.HAL_SPI_MspInit
                0x0000000008002bec       0x88 ./Core/Src/stm32l4xx_hal_msp.o
                0x0000000008002bec                HAL_SPI_MspInit
 .text.HAL_UART_MspInit
                0x0000000008002c74       0xec ./Core/Src/stm32l4xx_hal_msp.o
                0x0000000008002c74                HAL_UART_MspInit
 .text.NMI_Handler
                0x0000000008002d60        0xe ./Core/Src/stm32l4xx_it.o
                0x0000000008002d60                NMI_Handler
 .text.HardFault_Handler
                0x0000000008002d6e        0x6 ./Core/Src/stm32l4xx_it.o
                0x0000000008002d6e                HardFault_Handler
 .text.MemManage_Handler
                0x0000000008002d74        0x6 ./Core/Src/stm32l4xx_it.o
                0x0000000008002d74                MemManage_Handler
 .text.BusFault_Handler
                0x0000000008002d7a        0x6 ./Core/Src/stm32l4xx_it.o
                0x0000000008002d7a                BusFault_Handler
 .text.UsageFault_Handler
                0x0000000008002d80        0x6 ./Core/Src/stm32l4xx_it.o
                0x0000000008002d80                UsageFault_Handler
 .text.SVC_Handler
                0x0000000008002d86        0xe ./Core/Src/stm32l4xx_it.o
                0x0000000008002d86                SVC_Handler
 .text.DebugMon_Handler
                0x0000000008002d94        0xe ./Core/Src/stm32l4xx_it.o
                0x0000000008002d94                DebugMon_Handler
 .text.PendSV_Handler
                0x0000000008002da2        0xe ./Core/Src/stm32l4xx_it.o
                0x0000000008002da2                PendSV_Handler
 .text.SysTick_Handler
                0x0000000008002db0        0xc ./Core/Src/stm32l4xx_it.o
                0x0000000008002db0                SysTick_Handler
 .text.EXTI9_5_IRQHandler
                0x0000000008002dbc       0x22 ./Core/Src/stm32l4xx_it.o
                0x0000000008002dbc                EXTI9_5_IRQHandler
 .text.EXTI15_10_IRQHandler
                0x0000000008002dde       0x30 ./Core/Src/stm32l4xx_it.o
                0x0000000008002dde                EXTI15_10_IRQHandler
 .text.EXTI1_IRQHandler
                0x0000000008002e0e        0xe ./Core/Src/stm32l4xx_it.o
                0x0000000008002e0e                EXTI1_IRQHandler
 .text._sbrk    0x0000000008002e1c       0x58 ./Core/Src/sysmem.o
                0x0000000008002e1c                _sbrk
 .text.SystemInit
                0x0000000008002e74       0x6c ./Core/Src/system_stm32l4xx.o
                0x0000000008002e74                SystemInit
 .text.WIFI_DEBUG
                0x0000000008002ee0       0x90 ./Core/Src/wifi.o
                0x0000000008002ee0                WIFI_DEBUG
 .text.WIFI_SPI_Receive
                0x0000000008002f70       0x78 ./Core/Src/wifi.o
                0x0000000008002f70                WIFI_SPI_Receive
 .text.WIFI_SPI_Transmit
                0x0000000008002fe8       0xb4 ./Core/Src/wifi.o
                0x0000000008002fe8                WIFI_SPI_Transmit
 .text.WIFI_Init
                0x000000000800309c       0xe8 ./Core/Src/wifi.o
                0x000000000800309c                WIFI_Init
 .text.WIFI_SendATCommand
                0x0000000008003184       0xbc ./Core/Src/wifi.o
                0x0000000008003184                WIFI_SendATCommand
 .text.WIFI_SendATData
                0x0000000008003240       0xc4 ./Core/Src/wifi.o
                0x0000000008003240                WIFI_SendATData
 .text.WIFI_ConnectServer
                0x0000000008003304       0xe0 ./Core/Src/wifi.o
                0x0000000008003304                WIFI_ConnectServer
 .text.WIFI_SendData
                0x00000000080033e4       0x74 ./Core/Src/wifi.o
                0x00000000080033e4                WIFI_SendData
 .text.WIFI_SendStr
                0x0000000008003458      0x10c ./Core/Src/wifi.o
                0x0000000008003458                WIFI_SendStr
 .text.trimstr  0x0000000008003564      0x116 ./Core/Src/wifi.o
                0x0000000008003564                trimstr
 *fill*         0x000000000800367a        0x2 
 .text.Reset_Handler
                0x000000000800367c       0x50 ./Core/Startup/startup_stm32l475vgtx.o
                0x000000000800367c                Reset_Handler
 .text.Default_Handler
                0x00000000080036cc        0x2 ./Core/Startup/startup_stm32l475vgtx.o
                0x00000000080036cc                RTC_Alarm_IRQHandler
                0x00000000080036cc                EXTI2_IRQHandler
                0x00000000080036cc                TIM8_TRG_COM_IRQHandler
                0x00000000080036cc                TIM8_CC_IRQHandler
                0x00000000080036cc                TIM1_CC_IRQHandler
                0x00000000080036cc                TSC_IRQHandler
                0x00000000080036cc                TAMP_STAMP_IRQHandler
                0x00000000080036cc                EXTI3_IRQHandler
                0x00000000080036cc                LPTIM2_IRQHandler
                0x00000000080036cc                DFSDM1_FLT1_IRQHandler
                0x00000000080036cc                I2C3_ER_IRQHandler
                0x00000000080036cc                DFSDM1_FLT2_IRQHandler
                0x00000000080036cc                EXTI0_IRQHandler
                0x00000000080036cc                I2C2_EV_IRQHandler
                0x00000000080036cc                CAN1_RX0_IRQHandler
                0x00000000080036cc                FPU_IRQHandler
                0x00000000080036cc                ADC1_2_IRQHandler
                0x00000000080036cc                SPI1_IRQHandler
                0x00000000080036cc                TIM6_DAC_IRQHandler
                0x00000000080036cc                TIM8_UP_IRQHandler
                0x00000000080036cc                DMA2_Channel2_IRQHandler
                0x00000000080036cc                DMA1_Channel4_IRQHandler
                0x00000000080036cc                SAI2_IRQHandler
                0x00000000080036cc                DFSDM1_FLT3_IRQHandler
                0x00000000080036cc                USART3_IRQHandler
                0x00000000080036cc                DMA1_Channel7_IRQHandler
                0x00000000080036cc                CAN1_RX1_IRQHandler
                0x00000000080036cc                UART5_IRQHandler
                0x00000000080036cc                ADC3_IRQHandler
                0x00000000080036cc                TIM4_IRQHandler
                0x00000000080036cc                DMA2_Channel1_IRQHandler
                0x00000000080036cc                QUADSPI_IRQHandler
                0x00000000080036cc                I2C1_EV_IRQHandler
                0x00000000080036cc                DMA1_Channel6_IRQHandler
                0x00000000080036cc                UART4_IRQHandler
                0x00000000080036cc                DMA2_Channel4_IRQHandler
                0x00000000080036cc                TIM3_IRQHandler
                0x00000000080036cc                RCC_IRQHandler
                0x00000000080036cc                DMA1_Channel1_IRQHandler
                0x00000000080036cc                Default_Handler
                0x00000000080036cc                DMA2_Channel7_IRQHandler
                0x00000000080036cc                TIM7_IRQHandler
                0x00000000080036cc                SDMMC1_IRQHandler
                0x00000000080036cc                TIM5_IRQHandler
                0x00000000080036cc                I2C3_EV_IRQHandler
                0x00000000080036cc                RTC_WKUP_IRQHandler
                0x00000000080036cc                PVD_PVM_IRQHandler
                0x00000000080036cc                SPI2_IRQHandler
                0x00000000080036cc                CAN1_TX_IRQHandler
                0x00000000080036cc                DMA2_Channel5_IRQHandler
                0x00000000080036cc                DMA1_Channel5_IRQHandler
                0x00000000080036cc                EXTI4_IRQHandler
                0x00000000080036cc                RNG_IRQHandler
                0x00000000080036cc                TIM1_TRG_COM_TIM17_IRQHandler
                0x00000000080036cc                DMA1_Channel3_IRQHandler
                0x00000000080036cc                COMP_IRQHandler
                0x00000000080036cc                WWDG_IRQHandler
                0x00000000080036cc                LPUART1_IRQHandler
                0x00000000080036cc                DMA2_Channel6_IRQHandler
                0x00000000080036cc                USART2_IRQHandler
                0x00000000080036cc                DFSDM1_FLT0_IRQHandler
                0x00000000080036cc                I2C2_ER_IRQHandler
                0x00000000080036cc                DMA1_Channel2_IRQHandler
                0x00000000080036cc                TIM8_BRK_IRQHandler
                0x00000000080036cc                CAN1_SCE_IRQHandler
                0x00000000080036cc                FLASH_IRQHandler
                0x00000000080036cc                USART1_IRQHandler
                0x00000000080036cc                OTG_FS_IRQHandler
                0x00000000080036cc                SPI3_IRQHandler
                0x00000000080036cc                I2C1_ER_IRQHandler
                0x00000000080036cc                FMC_IRQHandler
                0x00000000080036cc                SWPMI1_IRQHandler
                0x00000000080036cc                LPTIM1_IRQHandler
                0x00000000080036cc                SAI1_IRQHandler
                0x00000000080036cc                DMA2_Channel3_IRQHandler
                0x00000000080036cc                TIM1_BRK_TIM15_IRQHandler
 *fill*         0x00000000080036ce        0x2 
 .text.I2Cx_MspInit
                0x00000000080036d0       0xb0 ./Drivers/BSP/B-L475E-IOT01/stm32l475e_iot01.o
 .text.I2Cx_Init
                0x0000000008003780       0x5c ./Drivers/BSP/B-L475E-IOT01/stm32l475e_iot01.o
 .text.I2Cx_ReadMultiple
                0x00000000080037dc       0x5a ./Drivers/BSP/B-L475E-IOT01/stm32l475e_iot01.o
 .text.I2Cx_WriteMultiple
                0x0000000008003836       0x5a ./Drivers/BSP/B-L475E-IOT01/stm32l475e_iot01.o
 .text.I2Cx_Error
                0x0000000008003890       0x20 ./Drivers/BSP/B-L475E-IOT01/stm32l475e_iot01.o
 .text.SENSOR_IO_Init
                0x00000000080038b0       0x14 ./Drivers/BSP/B-L475E-IOT01/stm32l475e_iot01.o
                0x00000000080038b0                SENSOR_IO_Init
 .text.SENSOR_IO_Write
                0x00000000080038c4       0x34 ./Drivers/BSP/B-L475E-IOT01/stm32l475e_iot01.o
                0x00000000080038c4                SENSOR_IO_Write
 .text.SENSOR_IO_Read
                0x00000000080038f8       0x3c ./Drivers/BSP/B-L475E-IOT01/stm32l475e_iot01.o
                0x00000000080038f8                SENSOR_IO_Read
 .text.SENSOR_IO_ReadMultiple
                0x0000000008003934       0x3c ./Drivers/BSP/B-L475E-IOT01/stm32l475e_iot01.o
                0x0000000008003934                SENSOR_IO_ReadMultiple
 .text.BSP_ACCELERO_Init
                0x0000000008003970       0x7c ./Drivers/BSP/B-L475E-IOT01/stm32l475e_iot01_accelero.o
                0x0000000008003970                BSP_ACCELERO_Init
 .text.BSP_ACCELERO_AccGetXYZ
                0x00000000080039ec       0x30 ./Drivers/BSP/B-L475E-IOT01/stm32l475e_iot01_accelero.o
                0x00000000080039ec                BSP_ACCELERO_AccGetXYZ
 .text.BSP_GYRO_Init
                0x0000000008003a1c       0x84 ./Drivers/BSP/B-L475E-IOT01/stm32l475e_iot01_gyro.o
                0x0000000008003a1c                BSP_GYRO_Init
 .text.BSP_HSENSOR_Init
                0x0000000008003aa0       0x40 ./Drivers/BSP/B-L475E-IOT01/stm32l475e_iot01_hsensor.o
                0x0000000008003aa0                BSP_HSENSOR_Init
 .text.BSP_MAGNETO_Init
                0x0000000008003ae0       0x58 ./Drivers/BSP/B-L475E-IOT01/stm32l475e_iot01_magneto.o
                0x0000000008003ae0                BSP_MAGNETO_Init
 .text.BSP_PSENSOR_Init
                0x0000000008003b38       0x40 ./Drivers/BSP/B-L475E-IOT01/stm32l475e_iot01_psensor.o
                0x0000000008003b38                BSP_PSENSOR_Init
 .text.BSP_TSENSOR_Init
                0x0000000008003b78       0x38 ./Drivers/BSP/B-L475E-IOT01/stm32l475e_iot01_tsensor.o
                0x0000000008003b78                BSP_TSENSOR_Init
 .text.BSP_TSENSOR_ReadTemp
                0x0000000008003bb0       0x1c ./Drivers/BSP/B-L475E-IOT01/stm32l475e_iot01_tsensor.o
                0x0000000008003bb0                BSP_TSENSOR_ReadTemp
 .text.HTS221_H_Init
                0x0000000008003bcc       0x58 ./Drivers/BSP/Components/hts221/hts221.o
                0x0000000008003bcc                HTS221_H_Init
 .text.HTS221_H_ReadID
                0x0000000008003c24       0x2c ./Drivers/BSP/Components/hts221/hts221.o
                0x0000000008003c24                HTS221_H_ReadID
 .text.HTS221_H_ReadHumidity
                0x0000000008003c50      0x138 ./Drivers/BSP/Components/hts221/hts221.o
                0x0000000008003c50                HTS221_H_ReadHumidity
 .text.HTS221_T_Init
                0x0000000008003d88       0x5a ./Drivers/BSP/Components/hts221/hts221.o
                0x0000000008003d88                HTS221_T_Init
 .text.HTS221_T_ReadTemp
                0x0000000008003de2      0x10e ./Drivers/BSP/Components/hts221/hts221.o
                0x0000000008003de2                HTS221_T_ReadTemp
 .text.HTS221_TempReady
                0x0000000008003ef0       0x32 ./Drivers/BSP/Components/hts221/hts221.o
                0x0000000008003ef0                HTS221_TempReady
 .text.HTS221_HumiReady
                0x0000000008003f22       0x32 ./Drivers/BSP/Components/hts221/hts221.o
                0x0000000008003f22                HTS221_HumiReady
 .text.HTS221_TempWaitReady
                0x0000000008003f54       0x34 ./Drivers/BSP/Components/hts221/hts221.o
                0x0000000008003f54                HTS221_TempWaitReady
 .text.HTS221_HumiWaitReady
                0x0000000008003f88       0x34 ./Drivers/BSP/Components/hts221/hts221.o
                0x0000000008003f88                HTS221_HumiWaitReady
 .text.LIS3MDL_MagInit
                0x0000000008003fbc       0x50 ./Drivers/BSP/Components/lis3mdl/lis3mdl.o
                0x0000000008003fbc                LIS3MDL_MagInit
 .text.LIS3MDL_MagDeInit
                0x000000000800400c       0x3a ./Drivers/BSP/Components/lis3mdl/lis3mdl.o
                0x000000000800400c                LIS3MDL_MagDeInit
 .text.LIS3MDL_MagReadID
                0x0000000008004046       0x16 ./Drivers/BSP/Components/lis3mdl/lis3mdl.o
                0x0000000008004046                LIS3MDL_MagReadID
 .text.LIS3MDL_MagLowPower
                0x000000000800405c       0x44 ./Drivers/BSP/Components/lis3mdl/lis3mdl.o
                0x000000000800405c                LIS3MDL_MagLowPower
 .text.LIS3MDL_MagReadXYZ
                0x00000000080040a0      0x10c ./Drivers/BSP/Components/lis3mdl/lis3mdl.o
                0x00000000080040a0                LIS3MDL_MagReadXYZ
 .text.LIS3MDL_GetStatus
                0x00000000080041ac       0x12 ./Drivers/BSP/Components/lis3mdl/lis3mdl.o
                0x00000000080041ac                LIS3MDL_GetStatus
 .text.LIS3MDL_Ready
                0x00000000080041be       0x26 ./Drivers/BSP/Components/lis3mdl/lis3mdl.o
                0x00000000080041be                LIS3MDL_Ready
 .text.LIS3MDL_WaitReady
                0x00000000080041e4       0x28 ./Drivers/BSP/Components/lis3mdl/lis3mdl.o
                0x00000000080041e4                LIS3MDL_WaitReady
 .text.LPS22HB_P_Init
                0x000000000800420c       0x1a ./Drivers/BSP/Components/lps22hb/lps22hb.o
                0x000000000800420c                LPS22HB_P_Init
 .text.LPS22HB_P_ReadID
                0x0000000008004226       0x2c ./Drivers/BSP/Components/lps22hb/lps22hb.o
                0x0000000008004226                LPS22HB_P_ReadID
 *fill*         0x0000000008004252        0x2 
 .text.LPS22HB_P_ReadPressure
                0x0000000008004254       0xbc ./Drivers/BSP/Components/lps22hb/lps22hb.o
                0x0000000008004254                LPS22HB_P_ReadPressure
 .text.LPS22HB_Init
                0x0000000008004310       0x7e ./Drivers/BSP/Components/lps22hb/lps22hb.o
 .text.LPS22HB_GetStatus
                0x000000000800438e       0x20 ./Drivers/BSP/Components/lps22hb/lps22hb.o
                0x000000000800438e                LPS22HB_GetStatus
 .text.LPS22HB_PReady
                0x00000000080043ae       0x2e ./Drivers/BSP/Components/lps22hb/lps22hb.o
                0x00000000080043ae                LPS22HB_PReady
 .text.LPS22HB_WaitP
                0x00000000080043dc       0x2c ./Drivers/BSP/Components/lps22hb/lps22hb.o
                0x00000000080043dc                LPS22HB_WaitP
 .text.LSM6DSL_AccInit
                0x0000000008004408       0x72 ./Drivers/BSP/Components/lsm6dsl/lsm6dsl.o
                0x0000000008004408                LSM6DSL_AccInit
 .text.LSM6DSL_AccDeInit
                0x000000000800447a       0x32 ./Drivers/BSP/Components/lsm6dsl/lsm6dsl.o
                0x000000000800447a                LSM6DSL_AccDeInit
 .text.LSM6DSL_AccReadID
                0x00000000080044ac       0x16 ./Drivers/BSP/Components/lsm6dsl/lsm6dsl.o
                0x00000000080044ac                LSM6DSL_AccReadID
 .text.LSM6DSL_AccLowPower
                0x00000000080044c2       0x44 ./Drivers/BSP/Components/lsm6dsl/lsm6dsl.o
                0x00000000080044c2                LSM6DSL_AccLowPower
 *fill*         0x0000000008004506        0x2 
 .text.LSM6DSL_AccReadXYZ
                0x0000000008004508      0x130 ./Drivers/BSP/Components/lsm6dsl/lsm6dsl.o
                0x0000000008004508                LSM6DSL_AccReadXYZ
 .text.LSM6DSL_GyroInit
                0x0000000008004638       0x72 ./Drivers/BSP/Components/lsm6dsl/lsm6dsl.o
                0x0000000008004638                LSM6DSL_GyroInit
 .text.LSM6DSL_GyroDeInit
                0x00000000080046aa       0x32 ./Drivers/BSP/Components/lsm6dsl/lsm6dsl.o
                0x00000000080046aa                LSM6DSL_GyroDeInit
 .text.LSM6DSL_GyroReadID
                0x00000000080046dc       0x16 ./Drivers/BSP/Components/lsm6dsl/lsm6dsl.o
                0x00000000080046dc                LSM6DSL_GyroReadID
 .text.LSM6DSL_GyroLowPower
                0x00000000080046f2       0x44 ./Drivers/BSP/Components/lsm6dsl/lsm6dsl.o
                0x00000000080046f2                LSM6DSL_GyroLowPower
 *fill*         0x0000000008004736        0x2 
 .text.LSM6DSL_GyroReadXYZAngRate
                0x0000000008004738      0x128 ./Drivers/BSP/Components/lsm6dsl/lsm6dsl.o
                0x0000000008004738                LSM6DSL_GyroReadXYZAngRate
 .text.LSM6DSL_GetStatus
                0x0000000008004860       0x12 ./Drivers/BSP/Components/lsm6dsl/lsm6dsl.o
                0x0000000008004860                LSM6DSL_GetStatus
 .text.LSM6DSL_AccReady
                0x0000000008004872       0x26 ./Drivers/BSP/Components/lsm6dsl/lsm6dsl.o
                0x0000000008004872                LSM6DSL_AccReady
 .text.LSM6DSL_GyroReady
                0x0000000008004898       0x26 ./Drivers/BSP/Components/lsm6dsl/lsm6dsl.o
                0x0000000008004898                LSM6DSL_GyroReady
 .text.LSM6DSL_AccWaitReady
                0x00000000080048be       0x28 ./Drivers/BSP/Components/lsm6dsl/lsm6dsl.o
                0x00000000080048be                LSM6DSL_AccWaitReady
 .text.LSM6DSL_GyroWaitReady
                0x00000000080048e6       0x28 ./Drivers/BSP/Components/lsm6dsl/lsm6dsl.o
                0x00000000080048e6                LSM6DSL_GyroWaitReady
 .text.HAL_Init
                0x000000000800490e       0x30 ./Drivers/STM32L4xx_HAL_Driver/Src/stm32l4xx_hal.o
                0x000000000800490e                HAL_Init
 *fill*         0x000000000800493e        0x2 
 .text.HAL_InitTick
                0x0000000008004940       0x74 ./Drivers/STM32L4xx_HAL_Driver/Src/stm32l4xx_hal.o
                0x0000000008004940                HAL_InitTick
 .text.HAL_IncTick
                0x00000000080049b4       0x24 ./Drivers/STM32L4xx_HAL_Driver/Src/stm32l4xx_hal.o
                0x00000000080049b4                HAL_IncTick
 .text.HAL_GetTick
                0x00000000080049d8       0x18 ./Drivers/STM32L4xx_HAL_Driver/Src/stm32l4xx_hal.o
                0x00000000080049d8                HAL_GetTick
 .text.HAL_Delay
                0x00000000080049f0       0x44 ./Drivers/STM32L4xx_HAL_Driver/Src/stm32l4xx_hal.o
                0x00000000080049f0                HAL_Delay
 .text.__NVIC_SetPriorityGrouping
                0x0000000008004a34       0x48 ./Drivers/STM32L4xx_HAL_Driver/Src/stm32l4xx_hal_cortex.o
 .text.__NVIC_GetPriorityGrouping
                0x0000000008004a7c       0x1c ./Drivers/STM32L4xx_HAL_Driver/Src/stm32l4xx_hal_cortex.o
 .text.__NVIC_EnableIRQ
                0x0000000008004a98       0x3c ./Drivers/STM32L4xx_HAL_Driver/Src/stm32l4xx_hal_cortex.o
 .text.__NVIC_SetPriority
                0x0000000008004ad4       0x54 ./Drivers/STM32L4xx_HAL_Driver/Src/stm32l4xx_hal_cortex.o
 .text.NVIC_EncodePriority
                0x0000000008004b28       0x66 ./Drivers/STM32L4xx_HAL_Driver/Src/stm32l4xx_hal_cortex.o
 *fill*         0x0000000008004b8e        0x2 
 .text.SysTick_Config
                0x0000000008004b90       0x44 ./Drivers/STM32L4xx_HAL_Driver/Src/stm32l4xx_hal_cortex.o
 .text.HAL_NVIC_SetPriorityGrouping
                0x0000000008004bd4       0x16 ./Drivers/STM32L4xx_HAL_Driver/Src/stm32l4xx_hal_cortex.o
                0x0000000008004bd4                HAL_NVIC_SetPriorityGrouping
 .text.HAL_NVIC_SetPriority
                0x0000000008004bea       0x38 ./Drivers/STM32L4xx_HAL_Driver/Src/stm32l4xx_hal_cortex.o
                0x0000000008004bea                HAL_NVIC_SetPriority
 .text.HAL_NVIC_EnableIRQ
                0x0000000008004c22       0x1c ./Drivers/STM32L4xx_HAL_Driver/Src/stm32l4xx_hal_cortex.o
                0x0000000008004c22                HAL_NVIC_EnableIRQ
 .text.HAL_SYSTICK_Config
                0x0000000008004c3e       0x18 ./Drivers/STM32L4xx_HAL_Driver/Src/stm32l4xx_hal_cortex.o
                0x0000000008004c3e                HAL_SYSTICK_Config
 *fill*         0x0000000008004c56        0x2 
 .text.HAL_GPIO_Init
                0x0000000008004c58      0x354 ./Drivers/STM32L4xx_HAL_Driver/Src/stm32l4xx_hal_gpio.o
                0x0000000008004c58                HAL_GPIO_Init
 .text.HAL_GPIO_DeInit
                0x0000000008004fac      0x1e8 ./Drivers/STM32L4xx_HAL_Driver/Src/stm32l4xx_hal_gpio.o
                0x0000000008004fac                HAL_GPIO_DeInit
 .text.HAL_GPIO_ReadPin
                0x0000000008005194       0x30 ./Drivers/STM32L4xx_HAL_Driver/Src/stm32l4xx_hal_gpio.o
                0x0000000008005194                HAL_GPIO_ReadPin
 .text.HAL_GPIO_WritePin
                0x00000000080051c4       0x30 ./Drivers/STM32L4xx_HAL_Driver/Src/stm32l4xx_hal_gpio.o
                0x00000000080051c4                HAL_GPIO_WritePin
 .text.HAL_GPIO_TogglePin
                0x00000000080051f4       0x32 ./Drivers/STM32L4xx_HAL_Driver/Src/stm32l4xx_hal_gpio.o
                0x00000000080051f4                HAL_GPIO_TogglePin
 *fill*         0x0000000008005226        0x2 
 .text.HAL_GPIO_EXTI_IRQHandler
                0x0000000008005228       0x30 ./Drivers/STM32L4xx_HAL_Driver/Src/stm32l4xx_hal_gpio.o
                0x0000000008005228                HAL_GPIO_EXTI_IRQHandler
 .text.HAL_I2C_Init
                0x0000000008005258      0x11e ./Drivers/STM32L4xx_HAL_Driver/Src/stm32l4xx_hal_i2c.o
                0x0000000008005258                HAL_I2C_Init
 .text.HAL_I2C_DeInit
                0x0000000008005376       0x5e ./Drivers/STM32L4xx_HAL_Driver/Src/stm32l4xx_hal_i2c.o
                0x0000000008005376                HAL_I2C_DeInit
 .text.HAL_I2C_Mem_Write
                0x00000000080053d4      0x228 ./Drivers/STM32L4xx_HAL_Driver/Src/stm32l4xx_hal_i2c.o
                0x00000000080053d4                HAL_I2C_Mem_Write
 .text.HAL_I2C_Mem_Read
                0x00000000080055fc      0x234 ./Drivers/STM32L4xx_HAL_Driver/Src/stm32l4xx_hal_i2c.o
                0x00000000080055fc                HAL_I2C_Mem_Read
 .text.I2C_RequestMemoryWrite
                0x0000000008005830       0xa8 ./Drivers/STM32L4xx_HAL_Driver/Src/stm32l4xx_hal_i2c.o
 .text.I2C_RequestMemoryRead
                0x00000000080058d8       0xa8 ./Drivers/STM32L4xx_HAL_Driver/Src/stm32l4xx_hal_i2c.o
 .text.I2C_Flush_TXDR
                0x0000000008005980       0x48 ./Drivers/STM32L4xx_HAL_Driver/Src/stm32l4xx_hal_i2c.o
 .text.I2C_WaitOnFlagUntilTimeout
                0x00000000080059c8       0x80 ./Drivers/STM32L4xx_HAL_Driver/Src/stm32l4xx_hal_i2c.o
 .text.I2C_WaitOnTXISFlagUntilTimeout
                0x0000000008005a48       0x80 ./Drivers/STM32L4xx_HAL_Driver/Src/stm32l4xx_hal_i2c.o
 .text.I2C_WaitOnSTOPFlagUntilTimeout
                0x0000000008005ac8       0x78 ./Drivers/STM32L4xx_HAL_Driver/Src/stm32l4xx_hal_i2c.o
 .text.I2C_IsAcknowledgeFailed
                0x0000000008005b40       0xcc ./Drivers/STM32L4xx_HAL_Driver/Src/stm32l4xx_hal_i2c.o
 .text.I2C_TransferConfig
                0x0000000008005c0c       0x5c ./Drivers/STM32L4xx_HAL_Driver/Src/stm32l4xx_hal_i2c.o
 .text.HAL_I2CEx_ConfigAnalogFilter
                0x0000000008005c68       0x96 ./Drivers/STM32L4xx_HAL_Driver/Src/stm32l4xx_hal_i2c_ex.o
                0x0000000008005c68                HAL_I2CEx_ConfigAnalogFilter
 *fill*         0x0000000008005cfe        0x2 
 .text.HAL_PWREx_GetVoltageRange
                0x0000000008005d00       0x1c ./Drivers/STM32L4xx_HAL_Driver/Src/stm32l4xx_hal_pwr_ex.o
                0x0000000008005d00                HAL_PWREx_GetVoltageRange
 .text.HAL_PWREx_ControlVoltageScaling
                0x0000000008005d1c       0xac ./Drivers/STM32L4xx_HAL_Driver/Src/stm32l4xx_hal_pwr_ex.o
                0x0000000008005d1c                HAL_PWREx_ControlVoltageScaling
 .text.HAL_RCC_OscConfig
                0x0000000008005dc8      0x7d4 ./Drivers/STM32L4xx_HAL_Driver/Src/stm32l4xx_hal_rcc.o
                0x0000000008005dc8                HAL_RCC_OscConfig
 .text.HAL_RCC_ClockConfig
                0x000000000800659c      0x1c4 ./Drivers/STM32L4xx_HAL_Driver/Src/stm32l4xx_hal_rcc.o
                0x000000000800659c                HAL_RCC_ClockConfig
 .text.HAL_RCC_GetSysClockFreq
                0x0000000008006760      0x118 ./Drivers/STM32L4xx_HAL_Driver/Src/stm32l4xx_hal_rcc.o
                0x0000000008006760                HAL_RCC_GetSysClockFreq
 .text.HAL_RCC_GetHCLKFreq
                0x0000000008006878       0x18 ./Drivers/STM32L4xx_HAL_Driver/Src/stm32l4xx_hal_rcc.o
                0x0000000008006878                HAL_RCC_GetHCLKFreq
 .text.HAL_RCC_GetPCLK1Freq
                0x0000000008006890       0x2c ./Drivers/STM32L4xx_HAL_Driver/Src/stm32l4xx_hal_rcc.o
                0x0000000008006890                HAL_RCC_GetPCLK1Freq
 .text.HAL_RCC_GetPCLK2Freq
                0x00000000080068bc       0x2c ./Drivers/STM32L4xx_HAL_Driver/Src/stm32l4xx_hal_rcc.o
                0x00000000080068bc                HAL_RCC_GetPCLK2Freq
 .text.RCC_SetFlashLatencyFromMSIRange
                0x00000000080068e8       0xc0 ./Drivers/STM32L4xx_HAL_Driver/Src/stm32l4xx_hal_rcc.o
 .text.HAL_SPI_Init
                0x00000000080069a8      0x114 ./Drivers/STM32L4xx_HAL_Driver/Src/stm32l4xx_hal_spi.o
                0x00000000080069a8                HAL_SPI_Init
 .text.HAL_SPI_Transmit
                0x0000000008006abc      0x2cc ./Drivers/STM32L4xx_HAL_Driver/Src/stm32l4xx_hal_spi.o
                0x0000000008006abc                HAL_SPI_Transmit
 .text.HAL_SPI_Receive
                0x0000000008006d88      0x250 ./Drivers/STM32L4xx_HAL_Driver/Src/stm32l4xx_hal_spi.o
                0x0000000008006d88                HAL_SPI_Receive
 .text.HAL_SPI_TransmitReceive
                0x0000000008006fd8      0x426 ./Drivers/STM32L4xx_HAL_Driver/Src/stm32l4xx_hal_spi.o
                0x0000000008006fd8                HAL_SPI_TransmitReceive
 .text.SPI_WaitFlagStateUntilTimeout
                0x00000000080073fe       0xd4 ./Drivers/STM32L4xx_HAL_Driver/Src/stm32l4xx_hal_spi.o
 .text.SPI_WaitFifoStateUntilTimeout
                0x00000000080074d2       0xda ./Drivers/STM32L4xx_HAL_Driver/Src/stm32l4xx_hal_spi.o
 .text.SPI_EndRxTransaction
                0x00000000080075ac       0xb0 ./Drivers/STM32L4xx_HAL_Driver/Src/stm32l4xx_hal_spi.o
 .text.SPI_EndRxTxTransaction
                0x000000000800765c       0x8c ./Drivers/STM32L4xx_HAL_Driver/Src/stm32l4xx_hal_spi.o
 .text.HAL_TIM_Base_Init
                0x00000000080076e8       0x56 ./Drivers/STM32L4xx_HAL_Driver/Src/stm32l4xx_hal_tim.o
                0x00000000080076e8                HAL_TIM_Base_Init
 *fill*         0x000000000800773e        0x2 
 .text.HAL_TIM_Base_Start
                0x0000000008007740       0x54 ./Drivers/STM32L4xx_HAL_Driver/Src/stm32l4xx_hal_tim.o
                0x0000000008007740                HAL_TIM_Base_Start
 .text.HAL_TIM_Base_Stop
                0x0000000008007794       0x56 ./Drivers/STM32L4xx_HAL_Driver/Src/stm32l4xx_hal_tim.o
                0x0000000008007794                HAL_TIM_Base_Stop
 *fill*         0x00000000080077ea        0x2 
 .text.HAL_TIM_Base_Start_IT
                0x00000000080077ec       0x54 ./Drivers/STM32L4xx_HAL_Driver/Src/stm32l4xx_hal_tim.o
                0x00000000080077ec                HAL_TIM_Base_Start_IT
 .text.HAL_TIM_Base_Stop_IT
                0x0000000008007840       0x56 ./Drivers/STM32L4xx_HAL_Driver/Src/stm32l4xx_hal_tim.o
                0x0000000008007840                HAL_TIM_Base_Stop_IT
 .text.HAL_TIM_IRQHandler
                0x0000000008007896      0x23e ./Drivers/STM32L4xx_HAL_Driver/Src/stm32l4xx_hal_tim.o
                0x0000000008007896                HAL_TIM_IRQHandler
 .text.HAL_TIM_OC_DelayElapsedCallback
                0x0000000008007ad4       0x14 ./Drivers/STM32L4xx_HAL_Driver/Src/stm32l4xx_hal_tim.o
                0x0000000008007ad4                HAL_TIM_OC_DelayElapsedCallback
 .text.HAL_TIM_IC_CaptureCallback
                0x0000000008007ae8       0x14 ./Drivers/STM32L4xx_HAL_Driver/Src/stm32l4xx_hal_tim.o
                0x0000000008007ae8                HAL_TIM_IC_CaptureCallback
 .text.HAL_TIM_PWM_PulseFinishedCallback
                0x0000000008007afc       0x14 ./Drivers/STM32L4xx_HAL_Driver/Src/stm32l4xx_hal_tim.o
                0x0000000008007afc                HAL_TIM_PWM_PulseFinishedCallback
 .text.HAL_TIM_TriggerCallback
                0x0000000008007b10       0x14 ./Drivers/STM32L4xx_HAL_Driver/Src/stm32l4xx_hal_tim.o
                0x0000000008007b10                HAL_TIM_TriggerCallback
 .text.TIM_Base_SetConfig
                0x0000000008007b24      0x134 ./Drivers/STM32L4xx_HAL_Driver/Src/stm32l4xx_hal_tim.o
                0x0000000008007b24                TIM_Base_SetConfig
 .text.HAL_TIMEx_CommutCallback
                0x0000000008007c58       0x14 ./Drivers/STM32L4xx_HAL_Driver/Src/stm32l4xx_hal_tim_ex.o
                0x0000000008007c58                HAL_TIMEx_CommutCallback
 .text.HAL_TIMEx_BreakCallback
                0x0000000008007c6c       0x14 ./Drivers/STM32L4xx_HAL_Driver/Src/stm32l4xx_hal_tim_ex.o
                0x0000000008007c6c                HAL_TIMEx_BreakCallback
 .text.HAL_TIMEx_Break2Callback
                0x0000000008007c80       0x14 ./Drivers/STM32L4xx_HAL_Driver/Src/stm32l4xx_hal_tim_ex.o
                0x0000000008007c80                HAL_TIMEx_Break2Callback
 .text.HAL_UART_Init
                0x0000000008007c94       0x9c ./Drivers/STM32L4xx_HAL_Driver/Src/stm32l4xx_hal_uart.o
                0x0000000008007c94                HAL_UART_Init
 .text.HAL_UART_Transmit
                0x0000000008007d30      0x126 ./Drivers/STM32L4xx_HAL_Driver/Src/stm32l4xx_hal_uart.o
                0x0000000008007d30                HAL_UART_Transmit
 *fill*         0x0000000008007e56        0x2 
 .text.UART_SetConfig
                0x0000000008007e58      0x740 ./Drivers/STM32L4xx_HAL_Driver/Src/stm32l4xx_hal_uart.o
                0x0000000008007e58                UART_SetConfig
 .text.UART_AdvFeatureConfig
                0x0000000008008598      0x144 ./Drivers/STM32L4xx_HAL_Driver/Src/stm32l4xx_hal_uart.o
                0x0000000008008598                UART_AdvFeatureConfig
 .text.UART_CheckIdleState
                0x00000000080086dc       0x8a ./Drivers/STM32L4xx_HAL_Driver/Src/stm32l4xx_hal_uart.o
                0x00000000080086dc                UART_CheckIdleState
 .text.UART_WaitOnFlagUntilTimeout
                0x0000000008008766       0xf6 ./Drivers/STM32L4xx_HAL_Driver/Src/stm32l4xx_hal_uart.o
                0x0000000008008766                UART_WaitOnFlagUntilTimeout
 .text.network_configure_activations
                0x000000000800885c       0xe0 ./X-CUBE-AI/App/network.o
 .text.network_configure_weights
                0x000000000800893c      0x174 ./X-CUBE-AI/App/network.o
 .text.ai_network_get_error
                0x0000000008008ab0       0x18 ./X-CUBE-AI/App/network.o
                0x0000000008008ab0                ai_network_get_error
 .text.ai_network_create
                0x0000000008008ac8       0x2c ./X-CUBE-AI/App/network.o
                0x0000000008008ac8                ai_network_create
 .text.ai_network_create_and_init
                0x0000000008008af4       0xe8 ./X-CUBE-AI/App/network.o
                0x0000000008008af4                ai_network_create_and_init
 .text.ai_network_inputs_get
                0x0000000008008bdc       0x34 ./X-CUBE-AI/App/network.o
                0x0000000008008bdc                ai_network_inputs_get
 .text.ai_network_outputs_get
                0x0000000008008c10       0x34 ./X-CUBE-AI/App/network.o
                0x0000000008008c10                ai_network_outputs_get
 .text.ai_network_init
                0x0000000008008c44       0x78 ./X-CUBE-AI/App/network.o
                0x0000000008008c44                ai_network_init
 .text.ai_network_run
                0x0000000008008cbc       0x20 ./X-CUBE-AI/App/network.o
                0x0000000008008cbc                ai_network_run
 .text.ai_network_data_params_get
                0x0000000008008cdc       0x50 ./X-CUBE-AI/App/network_data.o
                0x0000000008008cdc                ai_network_data_params_get
 .text.findslot
                0x0000000008008d2c       0x34 d:/program files/st/stm32cubeide_1.11.2/stm32cubeide/plugins/com.st.stm32cube.ide.mcu.externaltools.gnu-tools-for-stm32.10.3-2021.10.win32_1.0.200.202301161003/tools/bin/../lib/gcc/arm-none-eabi/10.3.1/../../../../arm-none-eabi/lib/thumb/v7e-m+fp/hard\librdimon_nano.a(rdimon-syscalls.o)
 .text.error    0x0000000008008d60       0x1c d:/program files/st/stm32cubeide_1.11.2/stm32cubeide/plugins/com.st.stm32cube.ide.mcu.externaltools.gnu-tools-for-stm32.10.3-2021.10.win32_1.0.200.202301161003/tools/bin/../lib/gcc/arm-none-eabi/10.3.1/../../../../arm-none-eabi/lib/thumb/v7e-m+fp/hard\librdimon_nano.a(rdimon-syscalls.o)
 .text.checkerror
                0x0000000008008d7c        0xa d:/program files/st/stm32cubeide_1.11.2/stm32cubeide/plugins/com.st.stm32cube.ide.mcu.externaltools.gnu-tools-for-stm32.10.3-2021.10.win32_1.0.200.202301161003/tools/bin/../lib/gcc/arm-none-eabi/10.3.1/../../../../arm-none-eabi/lib/thumb/v7e-m+fp/hard\librdimon_nano.a(rdimon-syscalls.o)
 .text._swiread
                0x0000000008008d86       0x20 d:/program files/st/stm32cubeide_1.11.2/stm32cubeide/plugins/com.st.stm32cube.ide.mcu.externaltools.gnu-tools-for-stm32.10.3-2021.10.win32_1.0.200.202301161003/tools/bin/../lib/gcc/arm-none-eabi/10.3.1/../../../../arm-none-eabi/lib/thumb/v7e-m+fp/hard\librdimon_nano.a(rdimon-syscalls.o)
                0x0000000008008d86                _swiread
 .text._read    0x0000000008008da6       0x38 d:/program files/st/stm32cubeide_1.11.2/stm32cubeide/plugins/com.st.stm32cube.ide.mcu.externaltools.gnu-tools-for-stm32.10.3-2021.10.win32_1.0.200.202301161003/tools/bin/../lib/gcc/arm-none-eabi/10.3.1/../../../../arm-none-eabi/lib/thumb/v7e-m+fp/hard\librdimon_nano.a(rdimon-syscalls.o)
                0x0000000008008da6                _read
 .text._swilseek
                0x0000000008008dde       0x78 d:/program files/st/stm32cubeide_1.11.2/stm32cubeide/plugins/com.st.stm32cube.ide.mcu.externaltools.gnu-tools-for-stm32.10.3-2021.10.win32_1.0.200.202301161003/tools/bin/../lib/gcc/arm-none-eabi/10.3.1/../../../../arm-none-eabi/lib/thumb/v7e-m+fp/hard\librdimon_nano.a(rdimon-syscalls.o)
                0x0000000008008dde                _swilseek
 .text._lseek   0x0000000008008e56        0x4 d:/program files/st/stm32cubeide_1.11.2/stm32cubeide/plugins/com.st.stm32cube.ide.mcu.externaltools.gnu-tools-for-stm32.10.3-2021.10.win32_1.0.200.202301161003/tools/bin/../lib/gcc/arm-none-eabi/10.3.1/../../../../arm-none-eabi/lib/thumb/v7e-m+fp/hard\librdimon_nano.a(rdimon-syscalls.o)
                0x0000000008008e56                _lseek
 .text._swiwrite
                0x0000000008008e5a       0x20 d:/program files/st/stm32cubeide_1.11.2/stm32cubeide/plugins/com.st.stm32cube.ide.mcu.externaltools.gnu-tools-for-stm32.10.3-2021.10.win32_1.0.200.202301161003/tools/bin/../lib/gcc/arm-none-eabi/10.3.1/../../../../arm-none-eabi/lib/thumb/v7e-m+fp/hard\librdimon_nano.a(rdimon-syscalls.o)
                0x0000000008008e5a                _swiwrite
 .text._write   0x0000000008008e7a       0x48 d:/program files/st/stm32cubeide_1.11.2/stm32cubeide/plugins/com.st.stm32cube.ide.mcu.externaltools.gnu-tools-for-stm32.10.3-2021.10.win32_1.0.200.202301161003/tools/bin/../lib/gcc/arm-none-eabi/10.3.1/../../../../arm-none-eabi/lib/thumb/v7e-m+fp/hard\librdimon_nano.a(rdimon-syscalls.o)
                0x0000000008008e7a                _write
 .text._swiclose
                0x0000000008008ec2       0x1a d:/program files/st/stm32cubeide_1.11.2/stm32cubeide/plugins/com.st.stm32cube.ide.mcu.externaltools.gnu-tools-for-stm32.10.3-2021.10.win32_1.0.200.202301161003/tools/bin/../lib/gcc/arm-none-eabi/10.3.1/../../../../arm-none-eabi/lib/thumb/v7e-m+fp/hard\librdimon_nano.a(rdimon-syscalls.o)
                0x0000000008008ec2                _swiclose
 .text._close   0x0000000008008edc       0x4c d:/program files/st/stm32cubeide_1.11.2/stm32cubeide/plugins/com.st.stm32cube.ide.mcu.externaltools.gnu-tools-for-stm32.10.3-2021.10.win32_1.0.200.202301161003/tools/bin/../lib/gcc/arm-none-eabi/10.3.1/../../../../arm-none-eabi/lib/thumb/v7e-m+fp/hard\librdimon_nano.a(rdimon-syscalls.o)
                0x0000000008008edc                _close
 .text._getpid  0x0000000008008f28        0x4 d:/program files/st/stm32cubeide_1.11.2/stm32cubeide/plugins/com.st.stm32cube.ide.mcu.externaltools.gnu-tools-for-stm32.10.3-2021.10.win32_1.0.200.202301161003/tools/bin/../lib/gcc/arm-none-eabi/10.3.1/../../../../arm-none-eabi/lib/thumb/v7e-m+fp/hard\librdimon_nano.a(rdimon-syscalls.o)
                0x0000000008008f28                _getpid
 .text._swistat
                0x0000000008008f2c       0x42 d:/program files/st/stm32cubeide_1.11.2/stm32cubeide/plugins/com.st.stm32cube.ide.mcu.externaltools.gnu-tools-for-stm32.10.3-2021.10.win32_1.0.200.202301161003/tools/bin/../lib/gcc/arm-none-eabi/10.3.1/../../../../arm-none-eabi/lib/thumb/v7e-m+fp/hard\librdimon_nano.a(rdimon-syscalls.o)
                0x0000000008008f2c                _swistat
 .text._fstat   0x0000000008008f6e       0x1c d:/program files/st/stm32cubeide_1.11.2/stm32cubeide/plugins/com.st.stm32cube.ide.mcu.externaltools.gnu-tools-for-stm32.10.3-2021.10.win32_1.0.200.202301161003/tools/bin/../lib/gcc/arm-none-eabi/10.3.1/../../../../arm-none-eabi/lib/thumb/v7e-m+fp/hard\librdimon_nano.a(rdimon-syscalls.o)
                0x0000000008008f6e                _fstat
 .text._isatty  0x0000000008008f8a       0x38 d:/program files/st/stm32cubeide_1.11.2/stm32cubeide/plugins/com.st.stm32cube.ide.mcu.externaltools.gnu-tools-for-stm32.10.3-2021.10.win32_1.0.200.202301161003/tools/bin/../lib/gcc/arm-none-eabi/10.3.1/../../../../arm-none-eabi/lib/thumb/v7e-m+fp/hard\librdimon_nano.a(rdimon-syscalls.o)
                0x0000000008008f8a                _isatty
 *fill*         0x0000000008008fc2        0x2 
 .text.ai_buffer_get_size
                0x0000000008008fc4       0x68 ../Middlewares/ST/AI/Lib\NetworkRuntime800_CM4_GCC.a(ai_platform.o)
                0x0000000008008fc4                ai_buffer_get_size
 .text.ai_buffer_array_sane
                0x000000000800902c       0x14 ../Middlewares/ST/AI/Lib\NetworkRuntime800_CM4_GCC.a(ai_platform.o)
                0x000000000800902c                ai_buffer_array_sane
 .text.ai_buffer_array_item_set_address
                0x0000000008009040       0x20 ../Middlewares/ST/AI/Lib\NetworkRuntime800_CM4_GCC.a(ai_platform.o)
                0x0000000008009040                ai_buffer_array_item_set_address
 .text._ai_platform_acquire_crc
                0x0000000008009060        0x4 ../Middlewares/ST/AI/Lib\NetworkRuntime800_CM4_GCC.a(ai_platform_interface.o)
                0x0000000008009060                _ai_platform_acquire_crc
 .text._ai_platform_release_crc
                0x0000000008009064        0x4 ../Middlewares/ST/AI/Lib\NetworkRuntime800_CM4_GCC.a(ai_platform_interface.o)
                0x0000000008009064                _ai_platform_release_crc
 .text.ai_platform_get_weights_map
                0x0000000008009068       0xa8 ../Middlewares/ST/AI/Lib\NetworkRuntime800_CM4_GCC.a(ai_platform_interface.o)
                0x0000000008009068                ai_platform_get_weights_map
 .text.ai_platform_get_activations_map
                0x0000000008009110       0xa8 ../Middlewares/ST/AI/Lib\NetworkRuntime800_CM4_GCC.a(ai_platform_interface.o)
                0x0000000008009110                ai_platform_get_activations_map
 .text.ai_platform_bind_network_params
                0x00000000080091b8       0x44 ../Middlewares/ST/AI/Lib\NetworkRuntime800_CM4_GCC.a(ai_platform_interface.o)
                0x00000000080091b8                ai_platform_bind_network_params
 .text.ai_platform_network_get_error
                0x00000000080091fc       0xdc ../Middlewares/ST/AI/Lib\NetworkRuntime800_CM4_GCC.a(ai_platform_interface.o)
                0x00000000080091fc                ai_platform_network_get_error
 .text.ai_platform_network_set_error
                0x00000000080092d8        0xc ../Middlewares/ST/AI/Lib\NetworkRuntime800_CM4_GCC.a(ai_platform_interface.o)
                0x00000000080092d8                ai_platform_network_set_error
 .text.ai_platform_inputs_get
                0x00000000080092e4      0x1ac ../Middlewares/ST/AI/Lib\NetworkRuntime800_CM4_GCC.a(ai_platform_interface.o)
                0x00000000080092e4                ai_platform_inputs_get
 .text.ai_platform_outputs_get
                0x0000000008009490      0x1a0 ../Middlewares/ST/AI/Lib\NetworkRuntime800_CM4_GCC.a(ai_platform_interface.o)
                0x0000000008009490                ai_platform_outputs_get
 .text.ai_platform_network_create
                0x0000000008009630      0x1ac ../Middlewares/ST/AI/Lib\NetworkRuntime800_CM4_GCC.a(ai_platform_interface.o)
                0x0000000008009630                ai_platform_network_create
 .text.ai_platform_network_init
                0x00000000080097dc      0x1dc ../Middlewares/ST/AI/Lib\NetworkRuntime800_CM4_GCC.a(ai_platform_interface.o)
                0x00000000080097dc                ai_platform_network_init
 .text.ai_platform_network_post_init
                0x00000000080099b8      0x110 ../Middlewares/ST/AI/Lib\NetworkRuntime800_CM4_GCC.a(ai_platform_interface.o)
                0x00000000080099b8                ai_platform_network_post_init
 .text.ai_platform_network_process
                0x0000000008009ac8      0x50c ../Middlewares/ST/AI/Lib\NetworkRuntime800_CM4_GCC.a(ai_platform_interface.o)
                0x0000000008009ac8                ai_platform_network_process
 .text.core_init
                0x0000000008009fd4        0x4 ../Middlewares/ST/AI/Lib\NetworkRuntime800_CM4_GCC.a(core_common.o)
                0x0000000008009fd4                core_init
 .text.core_get_error
                0x0000000008009fd8        0xc ../Middlewares/ST/AI/Lib\NetworkRuntime800_CM4_GCC.a(core_common.o)
                0x0000000008009fd8                core_get_error
 .text.core_set_error
                0x0000000008009fe4       0x18 ../Middlewares/ST/AI/Lib\NetworkRuntime800_CM4_GCC.a(core_common.o)
                0x0000000008009fe4                core_set_error
 .text.func_dummy
                0x0000000008009ffc        0x4 ../Middlewares/ST/AI/Lib\NetworkRuntime800_CM4_GCC.a(layers_conv2d_generic_float.o)
 .text.ai_conv2d_stripe_f32.constprop.0
                0x000000000800a000      0xa70 ../Middlewares/ST/AI/Lib\NetworkRuntime800_CM4_GCC.a(layers_conv2d_generic_float.o)
 .text.ai_dict_decompress_f32
                0x000000000800aa70       0xa0 ../Middlewares/ST/AI/Lib\NetworkRuntime800_CM4_GCC.a(layers_conv2d_generic_float.o)
                0x000000000800aa70                ai_dict_decompress_f32
 .text.forward_conv2d
                0x000000000800ab10      0x2d8 ../Middlewares/ST/AI/Lib\NetworkRuntime800_CM4_GCC.a(layers_conv2d_generic_float.o)
                0x000000000800ab10                forward_conv2d
 .text.forward_dense
                0x000000000800ade8      0x54c ../Middlewares/ST/AI/Lib\NetworkRuntime800_CM4_GCC.a(layers_conv2d_generic_float.o)
                0x000000000800ade8                forward_dense
 .text.nl_func_relu_array_f32
                0x000000000800b334       0x4c ../Middlewares/ST/AI/Lib\NetworkRuntime800_CM4_GCC.a(layers_nl_generic_float.o)
                0x000000000800b334                nl_func_relu_array_f32
 .text.forward_relu
                0x000000000800b380      0x268 ../Middlewares/ST/AI/Lib\NetworkRuntime800_CM4_GCC.a(layers_nl_generic_float.o)
                0x000000000800b380                forward_relu
 .text.forward_sm
                0x000000000800b5e8      0x11c ../Middlewares/ST/AI/Lib\NetworkRuntime800_CM4_GCC.a(layers_nl_generic_float.o)
                0x000000000800b5e8                forward_sm
 .text.ai_check_custom_types
                0x000000000800b704       0x54 ../Middlewares/ST/AI/Lib\NetworkRuntime800_CM4_GCC.a(layers.o)
                0x000000000800b704                ai_check_custom_types
 .text.ai_layers_init_all
                0x000000000800b758       0x1c ../Middlewares/ST/AI/Lib\NetworkRuntime800_CM4_GCC.a(layers.o)
                0x000000000800b758                ai_layers_init_all
 .text.ai_layers_post_init_all
                0x000000000800b774       0x28 ../Middlewares/ST/AI/Lib\NetworkRuntime800_CM4_GCC.a(layers.o)
                0x000000000800b774                ai_layers_post_init_all
 .text.ai_layers_forward_all
                0x000000000800b79c       0x94 ../Middlewares/ST/AI/Lib\NetworkRuntime800_CM4_GCC.a(layers.o)
                0x000000000800b79c                ai_layers_forward_all
 .text.lite_dense_if32of32wf32
                0x000000000800b830      0x248 ../Middlewares/ST/AI/Lib\NetworkRuntime800_CM4_GCC.a(lite_dense_if32.o)
                0x000000000800b830                lite_dense_if32of32wf32
 .text.ai_version_get
                0x000000000800ba78        0xc ../Middlewares/ST/AI/Lib\NetworkRuntime800_CM4_GCC.a(ai_datatypes_internal.o)
                0x000000000800ba78                ai_version_get
 .text.get_tensor_byte_size
                0x000000000800ba84       0x30 ../Middlewares/ST/AI/Lib\NetworkRuntime800_CM4_GCC.a(ai_datatypes_internal.o)
                0x000000000800ba84                get_tensor_byte_size
 .text.ai_array_to_buffer_fmt
                0x000000000800bab4       0xd8 ../Middlewares/ST/AI/Lib\NetworkRuntime800_CM4_GCC.a(ai_datatypes_format.o)
                0x000000000800bab4                ai_array_to_buffer_fmt
 .text.ai_array_get_byte_size
                0x000000000800bb8c       0x50 ../Middlewares/ST/AI/Lib\NetworkRuntime800_CM4_GCC.a(ai_datatypes_format.o)
                0x000000000800bb8c                ai_array_get_byte_size
 .text.ai_array_get_data_byte_size
                0x000000000800bbdc       0x24 ../Middlewares/ST/AI/Lib\NetworkRuntime800_CM4_GCC.a(ai_datatypes_format.o)
                0x000000000800bbdc                ai_array_get_data_byte_size
 .text.__errno  0x000000000800bc00        0xc d:/program files/st/stm32cubeide_1.11.2/stm32cubeide/plugins/com.st.stm32cube.ide.mcu.externaltools.gnu-tools-for-stm32.10.3-2021.10.win32_1.0.200.202301161003/tools/bin/../lib/gcc/arm-none-eabi/10.3.1/../../../../arm-none-eabi/lib/thumb/v7e-m+fp/hard\libc_nano.a(lib_a-errno.o)
                0x000000000800bc00                __errno
 .text.std      0x000000000800bc0c       0x48 d:/program files/st/stm32cubeide_1.11.2/stm32cubeide/plugins/com.st.stm32cube.ide.mcu.externaltools.gnu-tools-for-stm32.10.3-2021.10.win32_1.0.200.202301161003/tools/bin/../lib/gcc/arm-none-eabi/10.3.1/../../../../arm-none-eabi/lib/thumb/v7e-m+fp/hard\libc_nano.a(lib_a-findfp.o)
 .text._cleanup_r
                0x000000000800bc54        0xc d:/program files/st/stm32cubeide_1.11.2/stm32cubeide/plugins/com.st.stm32cube.ide.mcu.externaltools.gnu-tools-for-stm32.10.3-2021.10.win32_1.0.200.202301161003/tools/bin/../lib/gcc/arm-none-eabi/10.3.1/../../../../arm-none-eabi/lib/thumb/v7e-m+fp/hard\libc_nano.a(lib_a-findfp.o)
                0x000000000800bc54                _cleanup_r
 .text.__sfmoreglue
                0x000000000800bc60       0x2c d:/program files/st/stm32cubeide_1.11.2/stm32cubeide/plugins/com.st.stm32cube.ide.mcu.externaltools.gnu-tools-for-stm32.10.3-2021.10.win32_1.0.200.202301161003/tools/bin/../lib/gcc/arm-none-eabi/10.3.1/../../../../arm-none-eabi/lib/thumb/v7e-m+fp/hard\libc_nano.a(lib_a-findfp.o)
                0x000000000800bc60                __sfmoreglue
 .text.__sfp_lock_acquire
                0x000000000800bc8c        0xc d:/program files/st/stm32cubeide_1.11.2/stm32cubeide/plugins/com.st.stm32cube.ide.mcu.externaltools.gnu-tools-for-stm32.10.3-2021.10.win32_1.0.200.202301161003/tools/bin/../lib/gcc/arm-none-eabi/10.3.1/../../../../arm-none-eabi/lib/thumb/v7e-m+fp/hard\libc_nano.a(lib_a-findfp.o)
                0x000000000800bc8c                __sfp_lock_acquire
 .text.__sfp_lock_release
                0x000000000800bc98        0xc d:/program files/st/stm32cubeide_1.11.2/stm32cubeide/plugins/com.st.stm32cube.ide.mcu.externaltools.gnu-tools-for-stm32.10.3-2021.10.win32_1.0.200.202301161003/tools/bin/../lib/gcc/arm-none-eabi/10.3.1/../../../../arm-none-eabi/lib/thumb/v7e-m+fp/hard\libc_nano.a(lib_a-findfp.o)
                0x000000000800bc98                __sfp_lock_release
 .text.__sinit_lock_acquire
                0x000000000800bca4        0xc d:/program files/st/stm32cubeide_1.11.2/stm32cubeide/plugins/com.st.stm32cube.ide.mcu.externaltools.gnu-tools-for-stm32.10.3-2021.10.win32_1.0.200.202301161003/tools/bin/../lib/gcc/arm-none-eabi/10.3.1/../../../../arm-none-eabi/lib/thumb/v7e-m+fp/hard\libc_nano.a(lib_a-findfp.o)
                0x000000000800bca4                __sinit_lock_acquire
 .text.__sinit_lock_release
                0x000000000800bcb0        0xc d:/program files/st/stm32cubeide_1.11.2/stm32cubeide/plugins/com.st.stm32cube.ide.mcu.externaltools.gnu-tools-for-stm32.10.3-2021.10.win32_1.0.200.202301161003/tools/bin/../lib/gcc/arm-none-eabi/10.3.1/../../../../arm-none-eabi/lib/thumb/v7e-m+fp/hard\libc_nano.a(lib_a-findfp.o)
                0x000000000800bcb0                __sinit_lock_release
 .text.__sinit  0x000000000800bcbc       0x70 d:/program files/st/stm32cubeide_1.11.2/stm32cubeide/plugins/com.st.stm32cube.ide.mcu.externaltools.gnu-tools-for-stm32.10.3-2021.10.win32_1.0.200.202301161003/tools/bin/../lib/gcc/arm-none-eabi/10.3.1/../../../../arm-none-eabi/lib/thumb/v7e-m+fp/hard\libc_nano.a(lib_a-findfp.o)
                0x000000000800bcbc                __sinit
 .text.__sfp    0x000000000800bd2c       0x8c d:/program files/st/stm32cubeide_1.11.2/stm32cubeide/plugins/com.st.stm32cube.ide.mcu.externaltools.gnu-tools-for-stm32.10.3-2021.10.win32_1.0.200.202301161003/tools/bin/../lib/gcc/arm-none-eabi/10.3.1/../../../../arm-none-eabi/lib/thumb/v7e-m+fp/hard\libc_nano.a(lib_a-findfp.o)
                0x000000000800bd2c                __sfp
 .text._fwalk_reent
                0x000000000800bdb8       0x3e d:/program files/st/stm32cubeide_1.11.2/stm32cubeide/plugins/com.st.stm32cube.ide.mcu.externaltools.gnu-tools-for-stm32.10.3-2021.10.win32_1.0.200.202301161003/tools/bin/../lib/gcc/arm-none-eabi/10.3.1/../../../../arm-none-eabi/lib/thumb/v7e-m+fp/hard\libc_nano.a(lib_a-fwalk.o)
                0x000000000800bdb8                _fwalk_reent
 *fill*         0x000000000800bdf6        0x2 
 .text.__libc_init_array
                0x000000000800bdf8       0x48 d:/program files/st/stm32cubeide_1.11.2/stm32cubeide/plugins/com.st.stm32cube.ide.mcu.externaltools.gnu-tools-for-stm32.10.3-2021.10.win32_1.0.200.202301161003/tools/bin/../lib/gcc/arm-none-eabi/10.3.1/../../../../arm-none-eabi/lib/thumb/v7e-m+fp/hard\libc_nano.a(lib_a-init.o)
                0x000000000800bdf8                __libc_init_array
 .text.__retarget_lock_init_recursive
                0x000000000800be40        0x2 d:/program files/st/stm32cubeide_1.11.2/stm32cubeide/plugins/com.st.stm32cube.ide.mcu.externaltools.gnu-tools-for-stm32.10.3-2021.10.win32_1.0.200.202301161003/tools/bin/../lib/gcc/arm-none-eabi/10.3.1/../../../../arm-none-eabi/lib/thumb/v7e-m+fp/hard\libc_nano.a(lib_a-lock.o)
                0x000000000800be40                __retarget_lock_init_recursive
 .text.__retarget_lock_acquire_recursive
                0x000000000800be42        0x2 d:/program files/st/stm32cubeide_1.11.2/stm32cubeide/plugins/com.st.stm32cube.ide.mcu.externaltools.gnu-tools-for-stm32.10.3-2021.10.win32_1.0.200.202301161003/tools/bin/../lib/gcc/arm-none-eabi/10.3.1/../../../../arm-none-eabi/lib/thumb/v7e-m+fp/hard\libc_nano.a(lib_a-lock.o)
                0x000000000800be42                __retarget_lock_acquire_recursive
 .text.__retarget_lock_release_recursive
                0x000000000800be44        0x2 d:/program files/st/stm32cubeide_1.11.2/stm32cubeide/plugins/com.st.stm32cube.ide.mcu.externaltools.gnu-tools-for-stm32.10.3-2021.10.win32_1.0.200.202301161003/tools/bin/../lib/gcc/arm-none-eabi/10.3.1/../../../../arm-none-eabi/lib/thumb/v7e-m+fp/hard\libc_nano.a(lib_a-lock.o)
                0x000000000800be44                __retarget_lock_release_recursive
 *fill*         0x000000000800be46        0x2 
 .text.malloc   0x000000000800be48       0x10 d:/program files/st/stm32cubeide_1.11.2/stm32cubeide/plugins/com.st.stm32cube.ide.mcu.externaltools.gnu-tools-for-stm32.10.3-2021.10.win32_1.0.200.202301161003/tools/bin/../lib/gcc/arm-none-eabi/10.3.1/../../../../arm-none-eabi/lib/thumb/v7e-m+fp/hard\libc_nano.a(lib_a-malloc.o)
                0x000000000800be48                malloc
 .text.memcpy   0x000000000800be58       0x1c d:/program files/st/stm32cubeide_1.11.2/stm32cubeide/plugins/com.st.stm32cube.ide.mcu.externaltools.gnu-tools-for-stm32.10.3-2021.10.win32_1.0.200.202301161003/tools/bin/../lib/gcc/arm-none-eabi/10.3.1/../../../../arm-none-eabi/lib/thumb/v7e-m+fp/hard\libc_nano.a(lib_a-memcpy-stub.o)
                0x000000000800be58                memcpy
 .text.memset   0x000000000800be74       0x10 d:/program files/st/stm32cubeide_1.11.2/stm32cubeide/plugins/com.st.stm32cube.ide.mcu.externaltools.gnu-tools-for-stm32.10.3-2021.10.win32_1.0.200.202301161003/tools/bin/../lib/gcc/arm-none-eabi/10.3.1/../../../../arm-none-eabi/lib/thumb/v7e-m+fp/hard\libc_nano.a(lib_a-memset.o)
                0x000000000800be74                memset
 .text._free_r  0x000000000800be84       0x98 d:/program files/st/stm32cubeide_1.11.2/stm32cubeide/plugins/com.st.stm32cube.ide.mcu.externaltools.gnu-tools-for-stm32.10.3-2021.10.win32_1.0.200.202301161003/tools/bin/../lib/gcc/arm-none-eabi/10.3.1/../../../../arm-none-eabi/lib/thumb/v7e-m+fp/hard\libc_nano.a(lib_a-nano-freer.o)
                0x000000000800be84                _free_r
 .text.sbrk_aligned
                0x000000000800bf1c       0x40 d:/program files/st/stm32cubeide_1.11.2/stm32cubeide/plugins/com.st.stm32cube.ide.mcu.externaltools.gnu-tools-for-stm32.10.3-2021.10.win32_1.0.200.202301161003/tools/bin/../lib/gcc/arm-none-eabi/10.3.1/../../../../arm-none-eabi/lib/thumb/v7e-m+fp/hard\libc_nano.a(lib_a-nano-mallocr.o)
 .text._malloc_r
                0x000000000800bf5c       0xe8 d:/program files/st/stm32cubeide_1.11.2/stm32cubeide/plugins/com.st.stm32cube.ide.mcu.externaltools.gnu-tools-for-stm32.10.3-2021.10.win32_1.0.200.202301161003/tools/bin/../lib/gcc/arm-none-eabi/10.3.1/../../../../arm-none-eabi/lib/thumb/v7e-m+fp/hard\libc_nano.a(lib_a-nano-mallocr.o)
                0x000000000800bf5c                _malloc_r
 .text.__cvt    0x000000000800c044       0xc4 d:/program files/st/stm32cubeide_1.11.2/stm32cubeide/plugins/com.st.stm32cube.ide.mcu.externaltools.gnu-tools-for-stm32.10.3-2021.10.win32_1.0.200.202301161003/tools/bin/../lib/gcc/arm-none-eabi/10.3.1/../../../../arm-none-eabi/lib/thumb/v7e-m+fp/hard\libc_nano.a(lib_a-nano-vfprintf_float.o)
                0x000000000800c044                __cvt
 .text.__exponent
                0x000000000800c108       0x7c d:/program files/st/stm32cubeide_1.11.2/stm32cubeide/plugins/com.st.stm32cube.ide.mcu.externaltools.gnu-tools-for-stm32.10.3-2021.10.win32_1.0.200.202301161003/tools/bin/../lib/gcc/arm-none-eabi/10.3.1/../../../../arm-none-eabi/lib/thumb/v7e-m+fp/hard\libc_nano.a(lib_a-nano-vfprintf_float.o)
                0x000000000800c108                __exponent
 .text._printf_float
                0x000000000800c184      0x46c d:/program files/st/stm32cubeide_1.11.2/stm32cubeide/plugins/com.st.stm32cube.ide.mcu.externaltools.gnu-tools-for-stm32.10.3-2021.10.win32_1.0.200.202301161003/tools/bin/../lib/gcc/arm-none-eabi/10.3.1/../../../../arm-none-eabi/lib/thumb/v7e-m+fp/hard\libc_nano.a(lib_a-nano-vfprintf_float.o)
                0x000000000800c184                _printf_float
 .text._printf_common
                0x000000000800c5f0       0xda d:/program files/st/stm32cubeide_1.11.2/stm32cubeide/plugins/com.st.stm32cube.ide.mcu.externaltools.gnu-tools-for-stm32.10.3-2021.10.win32_1.0.200.202301161003/tools/bin/../lib/gcc/arm-none-eabi/10.3.1/../../../../arm-none-eabi/lib/thumb/v7e-m+fp/hard\libc_nano.a(lib_a-nano-vfprintf_i.o)
                0x000000000800c5f0                _printf_common
 *fill*         0x000000000800c6ca        0x2 
 .text._printf_i
                0x000000000800c6cc      0x24c d:/program files/st/stm32cubeide_1.11.2/stm32cubeide/plugins/com.st.stm32cube.ide.mcu.externaltools.gnu-tools-for-stm32.10.3-2021.10.win32_1.0.200.202301161003/tools/bin/../lib/gcc/arm-none-eabi/10.3.1/../../../../arm-none-eabi/lib/thumb/v7e-m+fp/hard\libc_nano.a(lib_a-nano-vfprintf_i.o)
                0x000000000800c6cc                _printf_i
 .text._sbrk_r  0x000000000800c918       0x20 d:/program files/st/stm32cubeide_1.11.2/stm32cubeide/plugins/com.st.stm32cube.ide.mcu.externaltools.gnu-tools-for-stm32.10.3-2021.10.win32_1.0.200.202301161003/tools/bin/../lib/gcc/arm-none-eabi/10.3.1/../../../../arm-none-eabi/lib/thumb/v7e-m+fp/hard\libc_nano.a(lib_a-sbrkr.o)
                0x000000000800c918                _sbrk_r
 .text.snprintf
                0x000000000800c938       0x68 d:/program files/st/stm32cubeide_1.11.2/stm32cubeide/plugins/com.st.stm32cube.ide.mcu.externaltools.gnu-tools-for-stm32.10.3-2021.10.win32_1.0.200.202301161003/tools/bin/../lib/gcc/arm-none-eabi/10.3.1/../../../../arm-none-eabi/lib/thumb/v7e-m+fp/hard\libc_nano.a(lib_a-snprintf.o)
                0x000000000800c938                sniprintf
                0x000000000800c938                snprintf
 .text.sprintf  0x000000000800c9a0       0x40 d:/program files/st/stm32cubeide_1.11.2/stm32cubeide/plugins/com.st.stm32cube.ide.mcu.externaltools.gnu-tools-for-stm32.10.3-2021.10.win32_1.0.200.202301161003/tools/bin/../lib/gcc/arm-none-eabi/10.3.1/../../../../arm-none-eabi/lib/thumb/v7e-m+fp/hard\libc_nano.a(lib_a-sprintf.o)
                0x000000000800c9a0                siprintf
                0x000000000800c9a0                sprintf
 .text.__sread  0x000000000800c9e0       0x22 d:/program files/st/stm32cubeide_1.11.2/stm32cubeide/plugins/com.st.stm32cube.ide.mcu.externaltools.gnu-tools-for-stm32.10.3-2021.10.win32_1.0.200.202301161003/tools/bin/../lib/gcc/arm-none-eabi/10.3.1/../../../../arm-none-eabi/lib/thumb/v7e-m+fp/hard\libc_nano.a(lib_a-stdio.o)
                0x000000000800c9e0                __sread
 .text.__swrite
                0x000000000800ca02       0x38 d:/program files/st/stm32cubeide_1.11.2/stm32cubeide/plugins/com.st.stm32cube.ide.mcu.externaltools.gnu-tools-for-stm32.10.3-2021.10.win32_1.0.200.202301161003/tools/bin/../lib/gcc/arm-none-eabi/10.3.1/../../../../arm-none-eabi/lib/thumb/v7e-m+fp/hard\libc_nano.a(lib_a-stdio.o)
                0x000000000800ca02                __swrite
 .text.__sseek  0x000000000800ca3a       0x24 d:/program files/st/stm32cubeide_1.11.2/stm32cubeide/plugins/com.st.stm32cube.ide.mcu.externaltools.gnu-tools-for-stm32.10.3-2021.10.win32_1.0.200.202301161003/tools/bin/../lib/gcc/arm-none-eabi/10.3.1/../../../../arm-none-eabi/lib/thumb/v7e-m+fp/hard\libc_nano.a(lib_a-stdio.o)
                0x000000000800ca3a                __sseek
 .text.__sclose
                0x000000000800ca5e        0x8 d:/program files/st/stm32cubeide_1.11.2/stm32cubeide/plugins/com.st.stm32cube.ide.mcu.externaltools.gnu-tools-for-stm32.10.3-2021.10.win32_1.0.200.202301161003/tools/bin/../lib/gcc/arm-none-eabi/10.3.1/../../../../arm-none-eabi/lib/thumb/v7e-m+fp/hard\libc_nano.a(lib_a-stdio.o)
                0x000000000800ca5e                __sclose
 .text.strcat   0x000000000800ca66       0x1e d:/program files/st/stm32cubeide_1.11.2/stm32cubeide/plugins/com.st.stm32cube.ide.mcu.externaltools.gnu-tools-for-stm32.10.3-2021.10.win32_1.0.200.202301161003/tools/bin/../lib/gcc/arm-none-eabi/10.3.1/../../../../arm-none-eabi/lib/thumb/v7e-m+fp/hard\libc_nano.a(lib_a-strcat.o)
                0x000000000800ca66                strcat
 .text.strcpy   0x000000000800ca84       0x10 d:/program files/st/stm32cubeide_1.11.2/stm32cubeide/plugins/com.st.stm32cube.ide.mcu.externaltools.gnu-tools-for-stm32.10.3-2021.10.win32_1.0.200.202301161003/tools/bin/../lib/gcc/arm-none-eabi/10.3.1/../../../../arm-none-eabi/lib/thumb/v7e-m+fp/hard\libc_nano.a(lib_a-strcpy.o)
                0x000000000800ca84                strcpy
 .text.__swbuf_r
                0x000000000800ca94       0xa4 d:/program files/st/stm32cubeide_1.11.2/stm32cubeide/plugins/com.st.stm32cube.ide.mcu.externaltools.gnu-tools-for-stm32.10.3-2021.10.win32_1.0.200.202301161003/tools/bin/../lib/gcc/arm-none-eabi/10.3.1/../../../../arm-none-eabi/lib/thumb/v7e-m+fp/hard\libc_nano.a(lib_a-wbuf.o)
                0x000000000800ca94                __swbuf_r
 .text._write_r
                0x000000000800cb38       0x24 d:/program files/st/stm32cubeide_1.11.2/stm32cubeide/plugins/com.st.stm32cube.ide.mcu.externaltools.gnu-tools-for-stm32.10.3-2021.10.win32_1.0.200.202301161003/tools/bin/../lib/gcc/arm-none-eabi/10.3.1/../../../../arm-none-eabi/lib/thumb/v7e-m+fp/hard\libc_nano.a(lib_a-writer.o)
                0x000000000800cb38                _write_r
 .text.__swsetup_r
                0x000000000800cb5c       0xdc d:/program files/st/stm32cubeide_1.11.2/stm32cubeide/plugins/com.st.stm32cube.ide.mcu.externaltools.gnu-tools-for-stm32.10.3-2021.10.win32_1.0.200.202301161003/tools/bin/../lib/gcc/arm-none-eabi/10.3.1/../../../../arm-none-eabi/lib/thumb/v7e-m+fp/hard\libc_nano.a(lib_a-wsetup.o)
                0x000000000800cb5c                __swsetup_r
 .text.__assert_func
                0x000000000800cc38       0x3c d:/program files/st/stm32cubeide_1.11.2/stm32cubeide/plugins/com.st.stm32cube.ide.mcu.externaltools.gnu-tools-for-stm32.10.3-2021.10.win32_1.0.200.202301161003/tools/bin/../lib/gcc/arm-none-eabi/10.3.1/../../../../arm-none-eabi/lib/thumb/v7e-m+fp/hard\libc_nano.a(lib_a-assert.o)
                0x000000000800cc38                __assert_func
 .text._close_r
                0x000000000800cc74       0x20 d:/program files/st/stm32cubeide_1.11.2/stm32cubeide/plugins/com.st.stm32cube.ide.mcu.externaltools.gnu-tools-for-stm32.10.3-2021.10.win32_1.0.200.202301161003/tools/bin/../lib/gcc/arm-none-eabi/10.3.1/../../../../arm-none-eabi/lib/thumb/v7e-m+fp/hard\libc_nano.a(lib_a-closer.o)
                0x000000000800cc74                _close_r
 .text.quorem   0x000000000800cc94      0x116 d:/program files/st/stm32cubeide_1.11.2/stm32cubeide/plugins/com.st.stm32cube.ide.mcu.externaltools.gnu-tools-for-stm32.10.3-2021.10.win32_1.0.200.202301161003/tools/bin/../lib/gcc/arm-none-eabi/10.3.1/../../../../arm-none-eabi/lib/thumb/v7e-m+fp/hard\libc_nano.a(lib_a-dtoa.o)
 *fill*         0x000000000800cdaa        0x6 
 .text._dtoa_r  0x000000000800cdb0      0xbdc d:/program files/st/stm32cubeide_1.11.2/stm32cubeide/plugins/com.st.stm32cube.ide.mcu.externaltools.gnu-tools-for-stm32.10.3-2021.10.win32_1.0.200.202301161003/tools/bin/../lib/gcc/arm-none-eabi/10.3.1/../../../../arm-none-eabi/lib/thumb/v7e-m+fp/hard\libc_nano.a(lib_a-dtoa.o)
                0x000000000800cdb0                _dtoa_r
 .text.__sflush_r
                0x000000000800d98c      0x10c d:/program files/st/stm32cubeide_1.11.2/stm32cubeide/plugins/com.st.stm32cube.ide.mcu.externaltools.gnu-tools-for-stm32.10.3-2021.10.win32_1.0.200.202301161003/tools/bin/../lib/gcc/arm-none-eabi/10.3.1/../../../../arm-none-eabi/lib/thumb/v7e-m+fp/hard\libc_nano.a(lib_a-fflush.o)
                0x000000000800d98c                __sflush_r
 .text._fflush_r
                0x000000000800da98       0x78 d:/program files/st/stm32cubeide_1.11.2/stm32cubeide/plugins/com.st.stm32cube.ide.mcu.externaltools.gnu-tools-for-stm32.10.3-2021.10.win32_1.0.200.202301161003/tools/bin/../lib/gcc/arm-none-eabi/10.3.1/../../../../arm-none-eabi/lib/thumb/v7e-m+fp/hard\libc_nano.a(lib_a-fflush.o)
                0x000000000800da98                _fflush_r
 .text.fprintf  0x000000000800db10       0x24 d:/program files/st/stm32cubeide_1.11.2/stm32cubeide/plugins/com.st.stm32cube.ide.mcu.externaltools.gnu-tools-for-stm32.10.3-2021.10.win32_1.0.200.202301161003/tools/bin/../lib/gcc/arm-none-eabi/10.3.1/../../../../arm-none-eabi/lib/thumb/v7e-m+fp/hard\libc_nano.a(lib_a-fprintf.o)
                0x000000000800db10                fiprintf
                0x000000000800db10                fprintf
 .text._localeconv_r
                0x000000000800db34        0x8 d:/program files/st/stm32cubeide_1.11.2/stm32cubeide/plugins/com.st.stm32cube.ide.mcu.externaltools.gnu-tools-for-stm32.10.3-2021.10.win32_1.0.200.202301161003/tools/bin/../lib/gcc/arm-none-eabi/10.3.1/../../../../arm-none-eabi/lib/thumb/v7e-m+fp/hard\libc_nano.a(lib_a-localeconv.o)
                0x000000000800db34                _localeconv_r
 .text._lseek_r
                0x000000000800db3c       0x24 d:/program files/st/stm32cubeide_1.11.2/stm32cubeide/plugins/com.st.stm32cube.ide.mcu.externaltools.gnu-tools-for-stm32.10.3-2021.10.win32_1.0.200.202301161003/tools/bin/../lib/gcc/arm-none-eabi/10.3.1/../../../../arm-none-eabi/lib/thumb/v7e-m+fp/hard\libc_nano.a(lib_a-lseekr.o)
                0x000000000800db3c                _lseek_r
 .text.__swhatbuf_r
                0x000000000800db60       0x4a d:/program files/st/stm32cubeide_1.11.2/stm32cubeide/plugins/com.st.stm32cube.ide.mcu.externaltools.gnu-tools-for-stm32.10.3-2021.10.win32_1.0.200.202301161003/tools/bin/../lib/gcc/arm-none-eabi/10.3.1/../../../../arm-none-eabi/lib/thumb/v7e-m+fp/hard\libc_nano.a(lib_a-makebuf.o)
                0x000000000800db60                __swhatbuf_r
 *fill*         0x000000000800dbaa        0x2 
 .text.__smakebuf_r
                0x000000000800dbac       0x80 d:/program files/st/stm32cubeide_1.11.2/stm32cubeide/plugins/com.st.stm32cube.ide.mcu.externaltools.gnu-tools-for-stm32.10.3-2021.10.win32_1.0.200.202301161003/tools/bin/../lib/gcc/arm-none-eabi/10.3.1/../../../../arm-none-eabi/lib/thumb/v7e-m+fp/hard\libc_nano.a(lib_a-makebuf.o)
                0x000000000800dbac                __smakebuf_r
 .text.__malloc_lock
                0x000000000800dc2c        0xc d:/program files/st/stm32cubeide_1.11.2/stm32cubeide/plugins/com.st.stm32cube.ide.mcu.externaltools.gnu-tools-for-stm32.10.3-2021.10.win32_1.0.200.202301161003/tools/bin/../lib/gcc/arm-none-eabi/10.3.1/../../../../arm-none-eabi/lib/thumb/v7e-m+fp/hard\libc_nano.a(lib_a-mlock.o)
                0x000000000800dc2c                __malloc_lock
 .text.__malloc_unlock
                0x000000000800dc38        0xc d:/program files/st/stm32cubeide_1.11.2/stm32cubeide/plugins/com.st.stm32cube.ide.mcu.externaltools.gnu-tools-for-stm32.10.3-2021.10.win32_1.0.200.202301161003/tools/bin/../lib/gcc/arm-none-eabi/10.3.1/../../../../arm-none-eabi/lib/thumb/v7e-m+fp/hard\libc_nano.a(lib_a-mlock.o)
                0x000000000800dc38                __malloc_unlock
 .text._Balloc  0x000000000800dc44       0x80 d:/program files/st/stm32cubeide_1.11.2/stm32cubeide/plugins/com.st.stm32cube.ide.mcu.externaltools.gnu-tools-for-stm32.10.3-2021.10.win32_1.0.200.202301161003/tools/bin/../lib/gcc/arm-none-eabi/10.3.1/../../../../arm-none-eabi/lib/thumb/v7e-m+fp/hard\libc_nano.a(lib_a-mprec.o)
                0x000000000800dc44                _Balloc
 .text._Bfree   0x000000000800dcc4       0x44 d:/program files/st/stm32cubeide_1.11.2/stm32cubeide/plugins/com.st.stm32cube.ide.mcu.externaltools.gnu-tools-for-stm32.10.3-2021.10.win32_1.0.200.202301161003/tools/bin/../lib/gcc/arm-none-eabi/10.3.1/../../../../arm-none-eabi/lib/thumb/v7e-m+fp/hard\libc_nano.a(lib_a-mprec.o)
                0x000000000800dcc4                _Bfree
 .text.__multadd
                0x000000000800dd08       0x8c d:/program files/st/stm32cubeide_1.11.2/stm32cubeide/plugins/com.st.stm32cube.ide.mcu.externaltools.gnu-tools-for-stm32.10.3-2021.10.win32_1.0.200.202301161003/tools/bin/../lib/gcc/arm-none-eabi/10.3.1/../../../../arm-none-eabi/lib/thumb/v7e-m+fp/hard\libc_nano.a(lib_a-mprec.o)
                0x000000000800dd08                __multadd
 .text.__hi0bits
                0x000000000800dd94       0x40 d:/program files/st/stm32cubeide_1.11.2/stm32cubeide/plugins/com.st.stm32cube.ide.mcu.externaltools.gnu-tools-for-stm32.10.3-2021.10.win32_1.0.200.202301161003/tools/bin/../lib/gcc/arm-none-eabi/10.3.1/../../../../arm-none-eabi/lib/thumb/v7e-m+fp/hard\libc_nano.a(lib_a-mprec.o)
                0x000000000800dd94                __hi0bits
 .text.__lo0bits
                0x000000000800ddd4       0x5e d:/program files/st/stm32cubeide_1.11.2/stm32cubeide/plugins/com.st.stm32cube.ide.mcu.externaltools.gnu-tools-for-stm32.10.3-2021.10.win32_1.0.200.202301161003/tools/bin/../lib/gcc/arm-none-eabi/10.3.1/../../../../arm-none-eabi/lib/thumb/v7e-m+fp/hard\libc_nano.a(lib_a-mprec.o)
                0x000000000800ddd4                __lo0bits
 *fill*         0x000000000800de32        0x2 
 .text.__i2b    0x000000000800de34       0x2c d:/program files/st/stm32cubeide_1.11.2/stm32cubeide/plugins/com.st.stm32cube.ide.mcu.externaltools.gnu-tools-for-stm32.10.3-2021.10.win32_1.0.200.202301161003/tools/bin/../lib/gcc/arm-none-eabi/10.3.1/../../../../arm-none-eabi/lib/thumb/v7e-m+fp/hard\libc_nano.a(lib_a-mprec.o)
                0x000000000800de34                __i2b
 .text.__multiply
                0x000000000800de60      0x154 d:/program files/st/stm32cubeide_1.11.2/stm32cubeide/plugins/com.st.stm32cube.ide.mcu.externaltools.gnu-tools-for-stm32.10.3-2021.10.win32_1.0.200.202301161003/tools/bin/../lib/gcc/arm-none-eabi/10.3.1/../../../../arm-none-eabi/lib/thumb/v7e-m+fp/hard\libc_nano.a(lib_a-mprec.o)
                0x000000000800de60                __multiply
 .text.__pow5mult
                0x000000000800dfb4       0xb4 d:/program files/st/stm32cubeide_1.11.2/stm32cubeide/plugins/com.st.stm32cube.ide.mcu.externaltools.gnu-tools-for-stm32.10.3-2021.10.win32_1.0.200.202301161003/tools/bin/../lib/gcc/arm-none-eabi/10.3.1/../../../../arm-none-eabi/lib/thumb/v7e-m+fp/hard\libc_nano.a(lib_a-mprec.o)
                0x000000000800dfb4                __pow5mult
 .text.__lshift
                0x000000000800e068       0xe0 d:/program files/st/stm32cubeide_1.11.2/stm32cubeide/plugins/com.st.stm32cube.ide.mcu.externaltools.gnu-tools-for-stm32.10.3-2021.10.win32_1.0.200.202301161003/tools/bin/../lib/gcc/arm-none-eabi/10.3.1/../../../../arm-none-eabi/lib/thumb/v7e-m+fp/hard\libc_nano.a(lib_a-mprec.o)
                0x000000000800e068                __lshift
 .text.__mcmp   0x000000000800e148       0x38 d:/program files/st/stm32cubeide_1.11.2/stm32cubeide/plugins/com.st.stm32cube.ide.mcu.externaltools.gnu-tools-for-stm32.10.3-2021.10.win32_1.0.200.202301161003/tools/bin/../lib/gcc/arm-none-eabi/10.3.1/../../../../arm-none-eabi/lib/thumb/v7e-m+fp/hard\libc_nano.a(lib_a-mprec.o)
                0x000000000800e148                __mcmp
 .text.__mdiff  0x000000000800e180      0x114 d:/program files/st/stm32cubeide_1.11.2/stm32cubeide/plugins/com.st.stm32cube.ide.mcu.externaltools.gnu-tools-for-stm32.10.3-2021.10.win32_1.0.200.202301161003/tools/bin/../lib/gcc/arm-none-eabi/10.3.1/../../../../arm-none-eabi/lib/thumb/v7e-m+fp/hard\libc_nano.a(lib_a-mprec.o)
                0x000000000800e180                __mdiff
 .text.__d2b    0x000000000800e294       0xb8 d:/program files/st/stm32cubeide_1.11.2/stm32cubeide/plugins/com.st.stm32cube.ide.mcu.externaltools.gnu-tools-for-stm32.10.3-2021.10.win32_1.0.200.202301161003/tools/bin/../lib/gcc/arm-none-eabi/10.3.1/../../../../arm-none-eabi/lib/thumb/v7e-m+fp/hard\libc_nano.a(lib_a-mprec.o)
                0x000000000800e294                __d2b
 .text._calloc_r
                0x000000000800e34c       0x2c d:/program files/st/stm32cubeide_1.11.2/stm32cubeide/plugins/com.st.stm32cube.ide.mcu.externaltools.gnu-tools-for-stm32.10.3-2021.10.win32_1.0.200.202301161003/tools/bin/../lib/gcc/arm-none-eabi/10.3.1/../../../../arm-none-eabi/lib/thumb/v7e-m+fp/hard\libc_nano.a(lib_a-nano-callocr.o)
                0x000000000800e34c                _calloc_r
 .text._realloc_r
                0x000000000800e378       0x5e d:/program files/st/stm32cubeide_1.11.2/stm32cubeide/plugins/com.st.stm32cube.ide.mcu.externaltools.gnu-tools-for-stm32.10.3-2021.10.win32_1.0.200.202301161003/tools/bin/../lib/gcc/arm-none-eabi/10.3.1/../../../../arm-none-eabi/lib/thumb/v7e-m+fp/hard\libc_nano.a(lib_a-nano-reallocr.o)
                0x000000000800e378                _realloc_r
 .text.__ssputs_r